Component: ARM Compiler 5.06 update 5 (build 528) Tool: armlink [4d35e2]

==============================================================================

Section Cross References

    main.o(i.main) refers to wifi.o(i.wifi_GPIO_Init) for wifi_GPIO_Init
    main.o(i.main) refers to oled.o(i.OLED_Init) for OLED_Init
    main.o(i.main) refers to usart.o(i.uart_init) for uart_init
    main.o(i.main) refers to usart2.o(i.USART2_Init) for USART2_Init
    main.o(i.main) refers to wifi.o(i.Wifi_Init) for Wifi_Init
    main.o(i.main) refers to oled.o(i.OLED_Clear) for OLED_Clear
    main.o(i.main) refers to oled.o(i.OLED_ShowString) for OLED_ShowString
    main.o(i.main) refers to delay.o(i.delay_ms) for delay_ms
    main.o(i.main) refers to st7789.o(i.ST7789_Init) for ST7789_Init
    main.o(i.main) refers to st7789.o(i.open_backlight) for open_backlight
    main.o(i.main) refers to st7789.o(i.TFT_full_color) for TFT_full_color
    main.o(i.main) refers to st7789.o(i.TFT_display_32_32) for TFT_display_32_32
    main.o(i.main) refers to st7789.o(i.TFT_display_image) for TFT_display_image
    main.o(i.main) refers to wifi.o(i.Wifi_GetWeather) for Wifi_GetWeather
    main.o(i.main) refers to wifi.o(i.ParseCity) for ParseCity
    main.o(i.main) refers to wifi.o(i.ParseWeather) for ParseWeather
    main.o(i.main) refers to wifi.o(i.ParseTemperature) for ParseTemperature
    main.o(i.main) refers to st7789.o(i.TFT_display_en16_32) for TFT_display_en16_32
    main.o(i.main) refers to st7789.o(i.TFT_display_en_string8_16) for TFT_display_en_string8_16
    main.o(i.main) refers to wifi.o(i.Wifi_Quit) for Wifi_Quit
    main.o(i.main) refers to myrtc.o(i.MyRTC_Init) for MyRTC_Init
    main.o(i.main) refers to wifi.o(i.Wifi_GetTime) for Wifi_GetTime
    main.o(i.main) refers to wifi.o(i.ParseTimestamp) for ParseTimestamp
    main.o(i.main) refers to localtime_w.o(.text) for localtime
    main.o(i.main) refers to st7789.o(i.TFT_display_16_32) for TFT_display_16_32
    main.o(i.main) refers to oled.o(i.OLED_ShowNum) for OLED_ShowNum
    main.o(i.main) refers to rtc.o(i.rtc_set_timestamp) for rtc_set_timestamp
    main.o(i.main) refers to rtc.o(i.rtc_get_date) for rtc_get_date
    main.o(i.main) refers to delay.o(i.delay_s) for delay_s
    main.o(i.main) refers to font.o(.constdata) for font_shen_32x32
    main.o(i.main) refers to main.o(.constdata) for duoyun_map
    main.o(i.main) refers to wifi.o(.data) for g_temperature
    main.o(i.main) refers to wifi.o(.bss) for g_weather
    delay.o(i.delay_ms) refers to delay.o(i.delay_us) for delay_us
    delay.o(i.delay_s) refers to delay.o(i.delay_ms) for delay_ms
    usart.o(i.USART1_IRQHandler) refers to stm32f10x_usart.o(i.USART_GetITStatus) for USART_GetITStatus
    usart.o(i.USART1_IRQHandler) refers to stm32f10x_usart.o(i.USART_ReceiveData) for USART_ReceiveData
    usart.o(i.USART1_IRQHandler) refers to usart.o(.data) for USART_RX_STA
    usart.o(i.USART1_IRQHandler) refers to usart.o(.bss) for USART_RX_BUF
    usart.o(i.uart_init) refers to stm32f10x_rcc.o(i.RCC_APB2PeriphClockCmd) for RCC_APB2PeriphClockCmd
    usart.o(i.uart_init) refers to stm32f10x_gpio.o(i.GPIO_Init) for GPIO_Init
    usart.o(i.uart_init) refers to misc.o(i.NVIC_Init) for NVIC_Init
    usart.o(i.uart_init) refers to stm32f10x_usart.o(i.USART_Init) for USART_Init
    usart.o(i.uart_init) refers to stm32f10x_usart.o(i.USART_ITConfig) for USART_ITConfig
    usart.o(i.uart_init) refers to stm32f10x_usart.o(i.USART_Cmd) for USART_Cmd
    usart2.o(i.TIM4_IRQHandler) refers to stm32f10x_tim.o(i.TIM_GetITStatus) for TIM_GetITStatus
    usart2.o(i.TIM4_IRQHandler) refers to stm32f10x_tim.o(i.TIM_ClearITPendingBit) for TIM_ClearITPendingBit
    usart2.o(i.TIM4_IRQHandler) refers to usart2.o(i.TIM4_Set) for TIM4_Set
    usart2.o(i.TIM4_IRQHandler) refers to usart2.o(.data) for USART2_RX_STA
    usart2.o(i.TIM4_Init) refers to stm32f10x_rcc.o(i.RCC_APB1PeriphClockCmd) for RCC_APB1PeriphClockCmd
    usart2.o(i.TIM4_Init) refers to stm32f10x_tim.o(i.TIM_TimeBaseInit) for TIM_TimeBaseInit
    usart2.o(i.TIM4_Init) refers to stm32f10x_tim.o(i.TIM_ITConfig) for TIM_ITConfig
    usart2.o(i.TIM4_Init) refers to misc.o(i.NVIC_Init) for NVIC_Init
    usart2.o(i.TIM4_Set) refers to stm32f10x_tim.o(i.TIM_SetCounter) for TIM_SetCounter
    usart2.o(i.TIM4_Set) refers to stm32f10x_tim.o(i.TIM_Cmd) for TIM_Cmd
    usart2.o(i.USART2_IRQHandler) refers to stm32f10x_usart.o(i.USART_GetITStatus) for USART_GetITStatus
    usart2.o(i.USART2_IRQHandler) refers to stm32f10x_usart.o(i.USART_ReceiveData) for USART_ReceiveData
    usart2.o(i.USART2_IRQHandler) refers to stm32f10x_tim.o(i.TIM_SetCounter) for TIM_SetCounter
    usart2.o(i.USART2_IRQHandler) refers to usart2.o(i.TIM4_Set) for TIM4_Set
    usart2.o(i.USART2_IRQHandler) refers to usart2.o(.data) for USART2_RX_STA
    usart2.o(i.USART2_IRQHandler) refers to usart2.o(.bss) for USART2_RX_BUF
[...]
    Removing stm32f10x_i2c.o(i.I2C_ARPCmd), (24 bytes).
    Removing stm32f10x_i2c.o(i.I2C_AcknowledgeConfig), (24 bytes).
    Removing stm32f10x_i2c.o(i.I2C_CalculatePEC), (24 bytes).
    Removing stm32f10x_i2c.o(i.I2C_CheckEvent), (42 bytes).
    Removing stm32f10x_i2c.o(i.I2C_ClearFlag), (12 bytes).
    Removing stm32f10x_i2c.o(i.I2C_ClearITPendingBit), (12 bytes).
    Removing stm32f10x_i2c.o(i.I2C_Cmd), (24 bytes).
    Removing stm32f10x_i2c.o(i.I2C_DMACmd), (24 bytes).
    Removing stm32f10x_i2c.o(i.I2C_DMALastTransferCmd), (24 bytes).
    Removing stm32f10x_i2c.o(i.I2C_DeInit), (56 bytes).
    Removing stm32f10x_i2c.o(i.I2C_DualAddressCmd), (24 bytes).
    Removing stm32f10x_i2c.o(i.I2C_FastModeDutyCycleConfig), (28 bytes).
    Removing stm32f10x_i2c.o(i.I2C_GeneralCallCmd), (24 bytes).
    Removing stm32f10x_i2c.o(i.I2C_GenerateSTART), (24 bytes).
    Removing stm32f10x_i2c.o(i.I2C_GenerateSTOP), (24 bytes).
    Removing stm32f10x_i2c.o(i.I2C_GetFlagStatus), (58 bytes).
    Removing stm32f10x_i2c.o(i.I2C_GetITStatus), (38 bytes).
    Removing stm32f10x_i2c.o(i.I2C_GetLastEvent), (26 bytes).
    Removing stm32f10x_i2c.o(i.I2C_GetPEC), (8 bytes).
    Removing stm32f10x_i2c.o(i.I2C_ITConfig), (18 bytes).
    Removing stm32f10x_i2c.o(i.I2C_Init), (236 bytes).
    Removing stm32f10x_i2c.o(i.I2C_NACKPositionConfig), (28 bytes).
    Removing stm32f10x_i2c.o(i.I2C_OwnAddress2Config), (22 bytes).
    Removing stm32f10x_i2c.o(i.I2C_PECPositionConfig), (28 bytes).
    Removing stm32f10x_i2c.o(i.I2C_ReadRegister), (22 bytes).
    Removing stm32f10x_i2c.o(i.I2C_ReceiveData), (8 bytes).
    Removing stm32f10x_i2c.o(i.I2C_SMBusAlertConfig), (28 bytes).
    Removing stm32f10x_i2c.o(i.I2C_Send7bitAddress), (18 bytes).
    Removing stm32f10x_i2c.o(i.I2C_SendData), (4 bytes).
    Removing stm32f10x_i2c.o(i.I2C_SoftwareResetCmd), (22 bytes).
    Removing stm32f10x_i2c.o(i.I2C_StretchClockCmd), (24 bytes).
    Removing stm32f10x_i2c.o(i.I2C_StructInit), (30 bytes).
    Removing stm32f10x_i2c.o(i.I2C_TransmitPEC), (24 bytes).
    Removing stm32f10x_iwdg.o(i.IWDG_Enable), (16 bytes).
    Removing stm32f10x_iwdg.o(i.IWDG_GetFlagStatus), (24 bytes).
    Removing stm32f10x_iwdg.o(i.IWDG_ReloadCounter), (16 bytes).
    Removing stm32f10x_iwdg.o(i.IWDG_SetPrescaler), (12 bytes).
    Removing stm32f10x_iwdg.o(i.IWDG_SetReload), (12 bytes).
    Removing stm32f10x_iwdg.o(i.IWDG_WriteAccessCmd), (12 bytes).
    Removing stm32f10x_pwr.o(i.PWR_ClearFlag), (20 bytes).
    Removing stm32f10x_pwr.o(i.PWR_DeInit), (22 bytes).
    Removing stm32f10x_pwr.o(i.PWR_EnterSTANDBYMode), (40 bytes).
    Removing stm32f10x_pwr.o(i.PWR_EnterSTOPMode), (64 bytes).
    Removing stm32f10x_pwr.o(i.PWR_GetFlagStatus), (24 bytes).
    Removing stm32f10x_pwr.o(i.PWR_PVDCmd), (12 bytes).
    Removing stm32f10x_pwr.o(i.PWR_PVDLevelConfig), (24 bytes).
    Removing stm32f10x_pwr.o(i.PWR_WakeUpPinCmd), (12 bytes).
    Removing stm32f10x_rcc.o(i.RCC_ADCCLKConfig), (24 bytes).
    Removing stm32f10x_rcc.o(i.RCC_AHBPeriphClockCmd), (32 bytes).
    Removing stm32f10x_rcc.o(i.RCC_AdjustHSICalibrationValue), (24 bytes).
    Removing stm32f10x_rcc.o(i.RCC_BackupResetCmd), (12 bytes).
    Removing stm32f10x_rcc.o(i.RCC_ClearFlag), (20 bytes).
    Removing stm32f10x_rcc.o(i.RCC_ClearITPendingBit), (12 bytes).
    Removing stm32f10x_rcc.o(i.RCC_ClockSecuritySystemCmd), (12 bytes).
    Removing stm32f10x_rcc.o(i.RCC_DeInit), (76 bytes).
    Removing stm32f10x_rcc.o(i.RCC_GetITStatus), (24 bytes).
    Removing stm32f10x_rcc.o(i.RCC_GetSYSCLKSource), (16 bytes).
    Removing stm32f10x_rcc.o(i.RCC_HCLKConfig), (24 bytes).
    Removing stm32f10x_rcc.o(i.RCC_HSEConfig), (76 bytes).
    Removing stm32f10x_rcc.o(i.RCC_HSICmd), (12 bytes).
    Removing stm32f10x_rcc.o(i.RCC_ITConfig), (32 bytes).
    Removing stm32f10x_rcc.o(i.RCC_LSICmd), (12 bytes).
    Removing stm32f10x_rcc.o(i.RCC_MCOConfig), (12 bytes).
    Removing stm32f10x_rcc.o(i.RCC_PCLK1Config), (24 bytes).
    Removing stm32f10x_rcc.o(i.RCC_PCLK2Config), (24 bytes).
    Removing stm32f10x_rcc.o(i.RCC_PLLCmd), (12 bytes).
    Removing stm32f10x_rcc.o(i.RCC_PLLConfig), (28 bytes).
    Removing stm32f10x_rcc.o(i.RCC_SYSCLKConfig), (24 bytes).
    Removing stm32f10x_rcc.o(i.RCC_USBCLKConfig), (12 bytes).
    Removing stm32f10x_rcc.o(i.RCC_WaitForHSEStartUp), (56 bytes).
    Removing stm32f10x_rtc.o(i.RTC_ClearFlag), (16 bytes).
    Removing stm32f10x_rtc.o(i.RTC_ClearITPendingBit), (16 bytes).
    Removing stm32f10x_rtc.o(i.RTC_GetDivider), (24 bytes).
    Removing stm32f10x_rtc.o(i.RTC_GetFlagStatus), (24 bytes).
    Removing stm32f10x_rtc.o(i.RTC_GetITStatus), (36 bytes).
    Removing stm32f10x_rtc.o(i.RTC_ITConfig), (32 bytes).
    Removing stm32f10x_rtc.o(i.RTC_SetAlarm), (28 bytes).
    Removing stm32f10x_sdio.o(i.SDIO_CEATAITCmd), (16 bytes).
    Removing stm32f10x_sdio.o(i.SDIO_ClearFlag), (12 bytes).
    Removing stm32f10x_sdio.o(i.SDIO_ClearITPendingBit), (12 bytes).
    Removing stm32f10x_sdio.o(i.SDIO_ClockCmd), (12 bytes).
    Removing stm32f10x_sdio.o(i.SDIO_CmdStructInit), (14 bytes).
    Removing stm32f10x_sdio.o(i.SDIO_CommandCompletionCmd), (12 bytes).
    Removing stm32f10x_sdio.o(i.SDIO_DMACmd), (12 bytes).
    Removing stm32f10x_sdio.o(i.SDIO_DataConfig), (48 bytes).
    Removing stm32f10x_sdio.o(i.SDIO_DataStructInit), (20 bytes).
    Removing stm32f10x_sdio.o(i.SDIO_DeInit), (36 bytes).
    Removing stm32f10x_sdio.o(i.SDIO_GetCommandResponse), (12 bytes).
    Removing stm32f10x_sdio.o(i.SDIO_GetDataCounter), (12 bytes).
    Removing stm32f10x_sdio.o(i.SDIO_GetFIFOCount), (12 bytes).
    Removing stm32f10x_sdio.o(i.SDIO_GetFlagStatus), (24 bytes).
    Removing stm32f10x_sdio.o(i.SDIO_GetITStatus), (24 bytes).
    Removing stm32f10x_sdio.o(i.SDIO_GetPowerState), (16 bytes).
    Removing stm32f10x_sdio.o(i.SDIO_GetResponse), (24 bytes).
    Removing stm32f10x_sdio.o(i.SDIO_ITConfig), (32 bytes).
    Removing stm32f10x_sdio.o(i.SDIO_Init), (48 bytes).
    Removing stm32f10x_sdio.o(i.SDIO_ReadData), (12 bytes).
    Removing stm32f10x_sdio.o(i.SDIO_SendCEATACmd), (12 bytes).
    Removing stm32f10x_sdio.o(i.SDIO_SendCommand), (44 bytes).
    Removing stm32f10x_sdio.o(i.SDIO_SendSDIOSuspendCmd), (12 bytes).
    Removing stm32f10x_sdio.o(i.SDIO_SetPowerState), (12 bytes).
    Removing stm32f10x_sdio.o(i.SDIO_SetSDIOOperation), (12 bytes).
    Removing stm32f10x_sdio.o(i.SDIO_SetSDIOReadWaitMode), (12 bytes).
    Removing stm32f10x_sdio.o(i.SDIO_StartSDIOReadWait), (12 bytes).
    Removing stm32f10x_sdio.o(i.SDIO_StopSDIOReadWait), (12 bytes).
    Removing stm32f10x_sdio.o(i.SDIO_StructInit), (16 bytes).
    Removing stm32f10x_sdio.o(i.SDIO_WriteData), (12 bytes).
    Removing stm32f10x_spi.o(i.I2S_Cmd), (24 bytes).
    Removing stm32f10x_spi.o(i.I2S_Init), (232 bytes).
    Removing stm32f10x_spi.o(i.I2S_StructInit), (20 bytes).
    Removing stm32f10x_spi.o(i.SPI_BiDirectionalLineConfig), (28 bytes).
    Removing stm32f10x_spi.o(i.SPI_CalculateCRC), (24 bytes).
    Removing stm32f10x_spi.o(i.SPI_Cmd), (24 bytes).
    Removing stm32f10x_spi.o(i.SPI_DataSizeConfig), (18 bytes).
    Removing stm32f10x_spi.o(i.SPI_GetCRC), (16 bytes).
    Removing stm32f10x_spi.o(i.SPI_GetCRCPolynomial), (6 bytes).
    Removing stm32f10x_spi.o(i.SPI_I2S_ClearFlag), (6 bytes).
    Removing stm32f10x_spi.o(i.SPI_I2S_ClearITPendingBit), (20 bytes).
    Removing stm32f10x_spi.o(i.SPI_I2S_DMACmd), (18 bytes).
    Removing stm32f10x_spi.o(i.SPI_I2S_DeInit), (88 bytes).
    Removing stm32f10x_spi.o(i.SPI_I2S_GetFlagStatus), (18 bytes).
    Removing stm32f10x_spi.o(i.SPI_I2S_GetITStatus), (52 bytes).
    Removing stm32f10x_spi.o(i.SPI_I2S_ITConfig), (32 bytes).
    Removing stm32f10x_spi.o(i.SPI_I2S_ReceiveData), (6 bytes).
    Removing stm32f10x_spi.o(i.SPI_I2S_SendData), (4 bytes).
    Removing stm32f10x_spi.o(i.SPI_Init), (60 bytes).
    Removing stm32f10x_spi.o(i.SPI_NSSInternalSoftwareConfig), (30 bytes).
    Removing stm32f10x_spi.o(i.SPI_SSOutputCmd), (24 bytes).
    Removing stm32f10x_spi.o(i.SPI_StructInit), (24 bytes).
    Removing stm32f10x_spi.o(i.SPI_TransmitCRC), (10 bytes).
    Removing stm32f10x_tim.o(i.TI1_Config), (128 bytes).
    Removing stm32f10x_tim.o(i.TI2_Config), (152 bytes).
    Removing stm32f10x_tim.o(i.TI3_Config), (144 bytes).
    Removing stm32f10x_tim.o(i.TI4_Config), (152 bytes).
    Removing stm32f10x_tim.o(i.TIM_ARRPreloadConfig), (24 bytes).
    Removing stm32f10x_tim.o(i.TIM_BDTRConfig), (32 bytes).
    Removing stm32f10x_tim.o(i.TIM_BDTRStructInit), (18 bytes).
    Removing stm32f10x_tim.o(i.TIM_CCPreloadControl), (24 bytes).
    Removing stm32f10x_tim.o(i.TIM_CCxCmd), (30 bytes).
    Removing stm32f10x_tim.o(i.TIM_CCxNCmd), (30 bytes).
    Removing stm32f10x_tim.o(i.TIM_ClearFlag), (6 bytes).
    Removing stm32f10x_tim.o(i.TIM_ClearOC1Ref), (18 bytes).
    Removing stm32f10x_tim.o(i.TIM_ClearOC2Ref), (24 bytes).
    Removing stm32f10x_tim.o(i.TIM_ClearOC3Ref), (18 bytes).
    Removing stm32f10x_tim.o(i.TIM_ClearOC4Ref), (24 bytes).
    Removing stm32f10x_tim.o(i.TIM_CounterModeConfig), (18 bytes).
    Removing stm32f10x_tim.o(i.TIM_CtrlPWMOutputs), (30 bytes).
    Removing stm32f10x_tim.o(i.TIM_DMACmd), (18 bytes).
    Removing stm32f10x_tim.o(i.TIM_DMAConfig), (10 bytes).
    Removing stm32f10x_tim.o(i.TIM_DeInit), (488 bytes).
    Removing stm32f10x_tim.o(i.TIM_ETRClockMode1Config), (54 bytes).
    Removing stm32f10x_tim.o(i.TIM_ETRClockMode2Config), (32 bytes).
    Removing stm32f10x_tim.o(i.TIM_ETRConfig), (28 bytes).
    Removing stm32f10x_tim.o(i.TIM_EncoderInterfaceConfig), (66 bytes).
    Removing stm32f10x_tim.o(i.TIM_ForcedOC1Config), (18 bytes).
    Removing stm32f10x_tim.o(i.TIM_ForcedOC2Config), (26 bytes).
    Removing stm32f10x_tim.o(i.TIM_ForcedOC3Config), (18 bytes).
    Removing stm32f10x_tim.o(i.TIM_ForcedOC4Config), (26 bytes).
    Removing stm32f10x_tim.o(i.TIM_GenerateEvent), (4 bytes).
    Removing stm32f10x_tim.o(i.TIM_GetCapture1), (6 bytes).
    Removing stm32f10x_tim.o(i.TIM_GetCapture2), (6 bytes).
    Removing stm32f10x_tim.o(i.TIM_GetCapture3), (6 bytes).
    Removing stm32f10x_tim.o(i.TIM_GetCapture4), (8 bytes).
    Removing stm32f10x_tim.o(i.TIM_GetCounter), (6 bytes).
    Removing stm32f10x_tim.o(i.TIM_GetFlagStatus), (18 bytes).
    Removing stm32f10x_tim.o(i.TIM_GetPrescaler), (6 bytes).
    Removing stm32f10x_tim.o(i.TIM_ICInit), (172 bytes).
    Removing stm32f10x_tim.o(i.TIM_ICStructInit), (18 bytes).
    Removing stm32f10x_tim.o(i.TIM_ITRxExternalClockConfig), (24 bytes).
    Removing stm32f10x_tim.o(i.TIM_InternalClockConfig), (12 bytes).
    Removing stm32f10x_tim.o(i.TIM_OC1FastConfig), (18 bytes).
    Removing stm32f10x_tim.o(i.TIM_OC1Init), (152 bytes).
    Removing stm32f10x_tim.o(i.TIM_OC1NPolarityConfig), (18 bytes).
    Removing stm32f10x_tim.o(i.TIM_OC1PolarityConfig), (18 bytes).
    Removing stm32f10x_tim.o(i.TIM_OC1PreloadConfig), (18 bytes).
    Removing stm32f10x_tim.o(i.TIM_OC2FastConfig), (26 bytes).
    Removing stm32f10x_tim.o(i.TIM_OC2Init), (164 bytes).
    Removing stm32f10x_tim.o(i.TIM_OC2NPolarityConfig), (26 bytes).
    Removing stm32f10x_tim.o(i.TIM_OC2PolarityConfig), (26 bytes).
    Removing stm32f10x_tim.o(i.TIM_OC2PreloadConfig), (26 bytes).
    Removing stm32f10x_tim.o(i.TIM_OC3FastConfig), (18 bytes).
    Removing stm32f10x_tim.o(i.TIM_OC3Init), (160 bytes).
    Removing stm32f10x_tim.o(i.TIM_OC3NPolarityConfig), (26 bytes).
    Removing stm32f10x_tim.o(i.TIM_OC3PolarityConfig), (26 bytes).
    Removing stm32f10x_tim.o(i.TIM_OC3PreloadConfig), (18 bytes).
    Removing stm32f10x_tim.o(i.TIM_OC4FastConfig), (26 bytes).
    Removing stm32f10x_tim.o(i.TIM_OC4Init), (124 bytes).
    Removing stm32f10x_tim.o(i.TIM_OC4PolarityConfig), (26 bytes).
    Removing stm32f10x_tim.o(i.TIM_OC4PreloadConfig), (26 bytes).
    Removing stm32f10x_tim.o(i.TIM_OCStructInit), (20 bytes).
    Removing stm32f10x_tim.o(i.TIM_PWMIConfig), (124 bytes).
    Removing stm32f10x_tim.o(i.TIM_PrescalerConfig), (6 bytes).
    Removing stm32f10x_tim.o(i.TIM_SelectCCDMA), (24 bytes).
    Removing stm32f10x_tim.o(i.TIM_SelectCOM), (24 bytes).
    Removing stm32f10x_tim.o(i.TIM_SelectHallSensor), (24 bytes).
    Removing stm32f10x_tim.o(i.TIM_SelectInputTrigger), (18 bytes).
    Removing stm32f10x_tim.o(i.TIM_SelectMasterSlaveMode), (18 bytes).
    Removing stm32f10x_tim.o(i.TIM_SelectOCxM), (82 bytes).
    Removing stm32f10x_tim.o(i.TIM_SelectOnePulseMode), (18 bytes).
    Removing stm32f10x_tim.o(i.TIM_SelectOutputTrigger), (18 bytes).
    Removing stm32f10x_tim.o(i.TIM_SelectSlaveMode), (18 bytes).
    Removing stm32f10x_tim.o(i.TIM_SetAutoreload), (4 bytes).
    Removing stm32f10x_tim.o(i.TIM_SetClockDivision), (18 bytes).
    Removing stm32f10x_tim.o(i.TIM_SetCompare1), (4 bytes).
    Removing stm32f10x_tim.o(i.TIM_SetCompare2), (4 bytes).
    Removing stm32f10x_tim.o(i.TIM_SetCompare3), (4 bytes).
    Removing stm32f10x_tim.o(i.TIM_SetCompare4), (6 bytes).
    Removing stm32f10x_tim.o(i.TIM_SetIC1Prescaler), (18 bytes).
    Removing stm32f10x_tim.o(i.TIM_SetIC2Prescaler), (26 bytes).
    Removing stm32f10x_tim.o(i.TIM_SetIC3Prescaler), (18 bytes).
    Removing stm32f10x_tim.o(i.TIM_SetIC4Prescaler), (26 bytes).
    Removing stm32f10x_tim.o(i.TIM_TIxExternalClockConfig), (62 bytes).
    Removing stm32f10x_tim.o(i.TIM_TimeBaseStructInit), (18 bytes).
    Removing stm32f10x_tim.o(i.TIM_UpdateDisableConfig), (24 bytes).
    Removing stm32f10x_tim.o(i.TIM_UpdateRequestConfig), (24 bytes).
    Removing stm32f10x_usart.o(i.USART_ClearFlag), (18 bytes).
    Removing stm32f10x_usart.o(i.USART_ClearITPendingBit), (30 bytes).
    Removing stm32f10x_usart.o(i.USART_ClockInit), (34 bytes).
    Removing stm32f10x_usart.o(i.USART_ClockStructInit), (12 bytes).
    Removing stm32f10x_usart.o(i.USART_DMACmd), (18 bytes).
    Removing stm32f10x_usart.o(i.USART_GetFlagStatus), (26 bytes).
    Removing stm32f10x_usart.o(i.USART_HalfDuplexCmd), (24 bytes).
    Removing stm32f10x_usart.o(i.USART_IrDACmd), (24 bytes).
    Removing stm32f10x_usart.o(i.USART_IrDAConfig), (18 bytes).
    Removing stm32f10x_usart.o(i.USART_LINBreakDetectLengthConfig), (18 bytes).
    Removing stm32f10x_usart.o(i.USART_LINCmd), (24 bytes).
    Removing stm32f10x_usart.o(i.USART_OneBitMethodCmd), (24 bytes).
    Removing stm32f10x_usart.o(i.USART_OverSampling8Cmd), (22 bytes).
    Removing stm32f10x_usart.o(i.USART_ReceiverWakeUpCmd), (24 bytes).
    Removing stm32f10x_usart.o(i.USART_SendBreak), (10 bytes).
    Removing stm32f10x_usart.o(i.USART_SendData), (8 bytes).
    Removing stm32f10x_usart.o(i.USART_SetAddress), (18 bytes).
    Removing stm32f10x_usart.o(i.USART_SetGuardTime), (16 bytes).
    Removing stm32f10x_usart.o(i.USART_SetPrescaler), (16 bytes).
    Removing stm32f10x_usart.o(i.USART_SmartCardCmd), (24 bytes).
    Removing stm32f10x_usart.o(i.USART_SmartCardNACKCmd), (24 bytes).
    Removing stm32f10x_usart.o(i.USART_StructInit), (24 bytes).
    Removing stm32f10x_usart.o(i.USART_WakeUpConfig), (18 bytes).
    Removing stm32f10x_wwdg.o(i.WWDG_ClearFlag), (12 bytes).
    Removing stm32f10x_wwdg.o(i.WWDG_DeInit), (22 bytes).
    Removing stm32f10x_wwdg.o(i.WWDG_Enable), (16 bytes).
    Removing stm32f10x_wwdg.o(i.WWDG_EnableIT), (12 bytes).
    Removing stm32f10x_wwdg.o(i.WWDG_GetFlagStatus), (12 bytes).
    Removing stm32f10x_wwdg.o(i.WWDG_SetCounter), (16 bytes).
    Removing stm32f10x_wwdg.o(i.WWDG_SetPrescaler), (24 bytes).
    Removing stm32f10x_wwdg.o(i.WWDG_SetWindowValue), (40 bytes).

462 unused section(s) (total 19040 bytes) removed from the image.

==============================================================================

Image Symbol Table

    Local Symbols

    Symbol Name                              Value     Ov Type        Size  Object(Section)

    ../clib/microlib/ctype/ctype.c           0x00000000   Number         0  isprint_o.o ABSOLUTE
    ../clib/microlib/ctype/ctype.c           0x00000000   Number         0  ispunct_o.o ABSOLUTE
    ../clib/microlib/ctype/ctype.c           0x00000000   Number         0  isxdigit_o.o ABSOLUTE
    ../clib/microlib/ctype/ctype.c           0x00000000   Number         0  isupper_o.o ABSOLUTE
    ../clib/microlib/ctype/ctype.c           0x00000000   Number         0  isspace_o.o ABSOLUTE
    ../clib/microlib/ctype/ctype.c           0x00000000   Number         0  islower_o.o ABSOLUTE
    ../clib/microlib/ctype/ctype.c           0x00000000   Number         0  isgraph_o.o ABSOLUTE
    ../clib/microlib/ctype/ctype.c           0x00000000   Number         0  isdigit_o.o ABSOLUTE
    ../clib/microlib/ctype/ctype.c           0x00000000   Number         0  iscntrl_o.o ABSOLUTE
    ../clib/microlib/ctype/ctype.c           0x00000000   Number         0  isblank_o.o ABSOLUTE
    ../clib/microlib/ctype/ctype.c           0x00000000   Number         0  isalpha_o.o ABSOLUTE
    ../clib/microlib/ctype/ctype.c           0x00000000   Number         0  isalnum_o.o ABSOLUTE
    ../clib/microlib/ctype/ctype.c           0x00000000   Number         0  ctype_o.o ABSOLUTE
    ../clib/microlib/division.c              0x00000000   Number         0  uldiv.o ABSOLUTE
    ../clib/microlib/division.c              0x00000000   Number         0  uidiv.o ABSOLUTE
    ../clib/microlib/errno.c                 0x00000000   Number         0  errno.o ABSOLUTE
    ../clib/microlib/init/entry.s            0x00000000   Number         0  entry10b.o ABSOLUTE
    ../clib/microlib/init/entry.s            0x00000000   Number         0  entry2.o ABSOLUTE
    ../clib/microlib/init/entry.s            0x00000000   Number         0  entry5.o ABSOLUTE
    ../clib/microlib/init/entry.s            0x00000000   Number         0  entry7a.o ABSOLUTE
    ../clib/microlib/init/entry.s            0x00000000   Number         0  entry9a.o ABSOLUTE
    ../clib/microlib/init/entry.s            0x00000000   Number         0  entry8b.o ABSOLUTE
    ../clib/microlib/init/entry.s            0x00000000   Number         0  entry7b.o ABSOLUTE
    ../clib/microlib/init/entry.s            0x00000000   Number         0  entry.o ABSOLUTE
    ../clib/microlib/init/entry.s            0x00000000   Number         0  entry8a.o ABSOLUTE
    ../clib/microlib/init/entry.s            0x00000000   Number         0  entry9b.o ABSOLUTE
    ../clib/microlib/init/entry.s            0x00000000   Number         0  entry11b.o ABSOLUTE
    ../clib/microlib/init/entry.s            0x00000000   Number         0  entry10a.o ABSOLUTE
    ../clib/microlib/init/entry.s            0x00000000   Number         0  entry11a.o ABSOLUTE
    ../clib/microlib/longlong.c              0x00000000   Number         0  llsshr.o ABSOLUTE
    ../clib/microlib/longlong.c              0x00000000   Number         0  llshl.o ABSOLUTE
    ../clib/microlib/longlong.c              0x00000000   Number         0  llushr.o ABSOLUTE
    ../clib/microlib/printf/printf.c         0x00000000   Number         0  printf5.o ABSOLUTE
    ../clib/microlib/printf/printf.c         0x00000000   Number         0  printf6.o ABSOLUTE
    ../clib/microlib/printf/printf.c         0x00000000   Number         0  printf8.o ABSOLUTE
    ../clib/microlib/printf/printf.c         0x00000000   Number         0  printf0.o ABSOLUTE
    ../clib/microlib/printf/printf.c         0x00000000   Number         0  printfa.o ABSOLUTE
    ../clib/microlib/printf/printf.c         0x00000000   Number         0  printf7.o ABSOLUTE
    ../clib/microlib/printf/printf.c         0x00000000   Number         0  printf1.o ABSOLUTE
    ../clib/microlib/printf/printf.c         0x00000000   Number         0  printfb.o ABSOLUTE
    ../clib/microlib/printf/printf.c         0x00000000   Number         0  printf2.o ABSOLUTE
    ../clib/microlib/printf/printf.c         0x00000000   Number         0  printf3.o ABSOLUTE
    ../clib/microlib/printf/printf.c         0x00000000   Number         0  printf4.o ABSOLUTE
    ../clib/microlib/string/memcpy.c         0x00000000   Number         0  memcpya.o ABSOLUTE
    ../clib/microlib/string/memcpy.c         0x00000000   Number         0  memcpyb.o ABSOLUTE
    ../clib/microlib/string/strchr.c         0x00000000   Number         0  strchr.o ABSOLUTE
    ../clib/microlib/string/strlen.c         0x00000000   Number         0  strlen.o ABSOLUTE
    ../clib/microlib/string/strncpy.c        0x00000000   Number         0  strncpy.o ABSOLUTE
    ../clib/microlib/string/strstr.c         0x00000000   Number         0  strstr.o ABSOLUTE
    ../clib/microlib/stubs.s                 0x00000000   Number         0  useno.o ABSOLUTE
    ../clib/microlib/stubs.s                 0x00000000   Number         0  iusefp.o ABSOLUTE
    ../clib/microlib/time/localtime.c        0x00000000   Number         0  localtime_w.o ABSOLUTE
    ../clib/microlib/time/localtime.c        0x00000000   Number         0  localtime.o ABSOLUTE
    ../clib/microlib/time/localtime.c        0x00000000   Number         0  localtime_i.o ABSOLUTE
    ../clib/microlib/time/mktime.c           0x00000000   Number         0  mktime.o ABSOLUTE
    ../clib/scanf.c                          0x00000000   Number         0  _chval.o ABSOLUTE
    ../clib/scanf.c                          0x00000000   Number         0  _strtoul.o ABSOLUTE
    ../clib/scanf.c                          0x00000000   Number         0  strtoul.o ABSOLUTE
    ../fplib/microlib/fpadd.c                0x00000000   Number         0  dadd.o ABSOLUTE
    ../fplib/microlib/fpdiv.c                0x00000000   Number         0  ddiv.o ABSOLUTE
    ../fplib/microlib/fpepilogue.c           0x00000000   Number         0  depilogue.o ABSOLUTE
    ../fplib/microlib/fpfix.c                0x00000000   Number         0  dfixul.o ABSOLUTE
    ../fplib/microlib/fpmul.c                0x00000000   Number         0  dmul.o ABSOLUTE
    ..\\app\\sys.c                           0x00000000   Number         0  sys.o ABSOLUTE
    ..\\firmware\\cmsis\\core\\core_cm3.c    0x00000000   Number         0  core_cm3.o ABSOLUTE
    ..\app\delay.c                           0x00000000   Number         0  delay.o ABSOLUTE
    ..\app\main.c                            0x00000000   Number         0  main.o ABSOLUTE
    ..\app\sys.c                             0x00000000   Number         0  sys.o ABSOLUTE
    ..\app\usart.c                           0x00000000   Number         0  usart.o ABSOLUTE
    ..\app\usart2.c                          0x00000000   Number         0  usart2.o ABSOLUTE
    ..\driver\ST7789\Font.c                  0x00000000   Number         0  font.o ABSOLUTE
    ..\driver\ST7789\ST7789.c                0x00000000   Number         0  st7789.o ABSOLUTE
    ..\driver\oled\OLED.c                    0x00000000   Number         0  oled.o ABSOLUTE
    ..\driver\rtc\MyRTC.c                    0x00000000   Number         0  myrtc.o ABSOLUTE
    ..\driver\rtc\rtc.c                      0x00000000   Number         0  rtc.o ABSOLUTE
    ..\driver\timer\timer.c                  0x00000000   Number         0  timer.o ABSOLUTE
    ..\driver\wifi\wifi.c                    0x00000000   Number         0  wifi.o ABSOLUTE
    ..\firmware\cmsis\core\core_cm3.c        0x00000000   Number         0  core_cm3.o ABSOLUTE
    ..\firmware\cmsis\device\startup_stm32f10x_md.s 0x00000000   Number         0  startup_stm32f10x_md.o ABSOLUTE
    ..\firmware\cmsis\device\system_stm32f10x.c 0x00000000   Number         0  system_stm32f10x.o ABSOLUTE
    ..\firmware\driver\src\misc.c            0x00000000   Number         0  misc.o ABSOLUTE
    ..\firmware\driver\src\stm32f10x_adc.c   0x00000000   Number         0  stm32f10x_adc.o ABSOLUTE
    ..\firmware\driver\src\stm32f10x_bkp.c   0x00000000   Number         0  stm32f10x_bkp.o ABSOLUTE
    ..\firmware\driver\src\stm32f10x_can.c   0x00000000   Number         0  stm32f10x_can.o ABSOLUTE
    ..\firmware\driver\src\stm32f10x_cec.c   0x00000000   Number         0  stm32f10x_cec.o ABSOLUTE
    ..\firmware\driver\src\stm32f10x_crc.c   0x00000000   Number         0  stm32f10x_crc.o ABSOLUTE
    ..\firmware\driver\src\stm32f10x_dac.c   0x00000000   Number         0  stm32f10x_dac.o ABSOLUTE
    ..\firmware\driver\src\stm32f10x_dbgmcu.c 0x00000000   Number         0  stm32f10x_dbgmcu.o ABSOLUTE
    ..\firmware\driver\src\stm32f10x_dma.c   0x00000000   Number         0  stm32f10x_dma.o ABSOLUTE
    ..\firmware\driver\src\stm32f10x_exti.c  0x00000000   Number         0  stm32f10x_exti.o ABSOLUTE
    ..\firmware\driver\src\stm32f10x_flash.c 0x00000000   Number         0  stm32f10x_flash.o ABSOLUTE
    ..\firmware\driver\src\stm32f10x_fsmc.c  0x00000000   Number         0  stm32f10x_fsmc.o ABSOLUTE
    ..\firmware\driver\src\stm32f10x_gpio.c  0x00000000   Number         0  stm32f10x_gpio.o ABSOLUTE
    ..\firmware\driver\src\stm32f10x_i2c.c   0x00000000   Number         0  stm32f10x_i2c.o ABSOLUTE
    ..\firmware\driver\src\stm32f10x_iwdg.c  0x00000000   Number         0  stm32f10x_iwdg.o ABSOLUTE
    ..\firmware\driver\src\stm32f10x_pwr.c   0x00000000   Number         0  stm32f10x_pwr.o ABSOLUTE
    ..\firmware\driver\src\stm32f10x_rcc.c   0x00000000   Number         0  stm32f10x_rcc.o ABSOLUTE
    ..\firmware\driver\src\stm32f10x_rtc.c   0x00000000   Number         0  stm32f10x_rtc.o ABSOLUTE
    ..\firmware\driver\src\stm32f10x_sdio.c  0x00000000   Number         0  stm32f10x_sdio.o ABSOLUTE
    ..\firmware\driver\src\stm32f10x_spi.c   0x00000000   Number         0  stm32f10x_spi.o ABSOLUTE
    ..\firmware\driver\src\stm32f10x_tim.c   0x00000000   Number         0  stm32f10x_tim.o ABSOLUTE
    ..\firmware\driver\src\stm32f10x_usart.c 0x00000000   Number         0  stm32f10x_usart.o ABSOLUTE
    ..\firmware\driver\src\stm32f10x_wwdg.c  0x00000000   Number         0  stm32f10x_wwdg.o ABSOLUTE
    cdrcmple.s                               0x00000000   Number         0  cdrcmple.o ABSOLUTE
    dc.s                                     0x00000000   Number         0  dc.o ABSOLUTE
    handlers.s                               0x00000000   Number         0  handlers.o ABSOLUTE
    init.s                                   0x00000000   Number         0  init.o ABSOLUTE
    RESET                                    0x08000000   Section      236  startup_stm32f10x_md.o(RESET)
    .ARM.Collect$$$$00000000                 0x080000ec   Section        0  entry.o(.ARM.Collect$$$$00000000)
    .ARM.Collect$$$$00000001                 0x080000ec   Section        4  entry2.o(.ARM.Collect$$$$00000001)
    .ARM.Collect$$$$00000004                 0x080000f0   Section        4  entry5.o(.ARM.Collect$$$$00000004)
    .ARM.Collect$$$$00000008                 0x080000f4   Section        0  entry7b.o(.ARM.Collect$$$$00000008)
    .ARM.Collect$$$$0000000A                 0x080000f4   Section        0  entry8b.o(.ARM.Collect$$$$0000000A)
    .ARM.Collect$$$$0000000B                 0x080000f4   Section        8  entry9a.o(.ARM.Collect$$$$0000000B)
    .ARM.Collect$$$$0000000D                 0x080000fc   Section        0  entry10a.o(.ARM.Collect$$$$0000000D)
    .ARM.Collect$$$$0000000F                 0x080000fc   Section        0  entry11a.o(.ARM.Collect$$$$0000000F)
    .ARM.Collect$$$$00002712                 0x080000fc   Section        4  entry2.o(.ARM.Collect$$$$00002712)
    __lit__00000000                          0x080000fc   Data           4  entry2.o(.ARM.Collect$$$$00002712)
    .text                                    0x08000100   Section       36  startup_stm32f10x_md.o(.text)
    .text                                    0x08000124   Section        0  mktime.o(.text)
    .text                                    0x080001cc   Section        0  memcpya.o(.text)
    .text                                    0x080001f0   Section        0  strstr.o(.text)
    .text                                    0x08000214   Section        0  strncpy.o(.text)
    .text                                    0x0800022c   Section        0  strchr.o(.text)
    .text                                    0x08000240   Section        0  strlen.o(.text)
    .text                                    0x0800024e   Section        0  strtoul.o(.text)
    .text                                    0x080002c0   Section        0  uidiv.o(.text)
    .text                                    0x080002ec   Section        0  uldiv.o(.text)
    .text                                    0x08000350   Section        0  ctype_o.o(.text)
    .text                                    0x08000358   Section        0  localtime_w.o(.text)
    .text                                    0x08000364   Section        0  localtime_i.o(.text)
    .text                                    0x080003f0   Section        0  _strtoul.o(.text)
    .text                                    0x0800048e   Section        0  dadd.o(.text)
    .text                                    0x0800048e   Section        0  iusefp.o(.text)
    .text                                    0x080005dc   Section        0  dmul.o(.text)
    .text                                    0x080006c0   Section        0  ddiv.o(.text)
    .text                                    0x0800079e   Section        0  dfixul.o(.text)
    .text                                    0x080007d0   Section       48  cdrcmple.o(.text)
    .text                                    0x08000800   Section       36  init.o(.text)
    .text                                    0x08000824   Section        0  llshl.o(.text)
    .text                                    0x08000842   Section        0  llushr.o(.text)
    .text                                    0x08000862   Section        0  llsshr.o(.text)
    .text                                    0x08000886   Section        0  _chval.o(.text)
    .text                                    0x080008a2   Section        0  depilogue.o(.text)
    i.BKP_ReadBackupRegister                 0x0800095c   Section        0  stm32f10x_bkp.o(i.BKP_ReadBackupRegister)
    i.BKP_WriteBackupRegister                0x08000978   Section        0  stm32f10x_bkp.o(i.BKP_WriteBackupRegister)
    i.GPIO_Init                              0x08000994   Section        0  stm32f10x_gpio.o(i.GPIO_Init)
    i.GPIO_ResetBits                         0x08000aaa   Section        0  stm32f10x_gpio.o(i.GPIO_ResetBits)
    i.GPIO_SetBits                           0x08000aae   Section        0  stm32f10x_gpio.o(i.GPIO_SetBits)
    i.GPIO_WriteBit                          0x08000ab2   Section        0  stm32f10x_gpio.o(i.GPIO_WriteBit)
    i.MyRTC_Init                             0x08000abc   Section        0  myrtc.o(i.MyRTC_Init)
    i.MyRTC_SetTime                          0x08000b30   Section        0  myrtc.o(i.MyRTC_SetTime)
    i.NVIC_Init                              0x08000b7c   Section        0  misc.o(i.NVIC_Init)
    i.NVIC_PriorityGroupConfig               0x08000bec   Section        0  misc.o(i.NVIC_PriorityGroupConfig)
    i.OLED_Clear                             0x08000c00   Section        0  oled.o(i.OLED_Clear)
    i.OLED_I2C_Init                          0x08000c2c   Section        0  oled.o(i.OLED_I2C_Init)
    i.OLED_I2C_SendByte                      0x08000c7c   Section        0  oled.o(i.OLED_I2C_SendByte)
    i.OLED_I2C_Start                         0x08000cd8   Section        0  oled.o(i.OLED_I2C_Start)
    i.OLED_I2C_Stop                          0x08000d0c   Section        0  oled.o(i.OLED_I2C_Stop)
    i.OLED_Init                              0x08000d34   Section        0  oled.o(i.OLED_Init)
    i.OLED_Pow                               0x08000de2   Section        0  oled.o(i.OLED_Pow)
    i.OLED_SetCursor                         0x08000df6   Section        0  oled.o(i.OLED_SetCursor)
    i.OLED_ShowChar                          0x08000e18   Section        0  oled.o(i.OLED_ShowChar)
    i.OLED_ShowNum                           0x08000e8c   Section        0  oled.o(i.OLED_ShowNum)
    i.OLED_ShowString                        0x08000ed0   Section        0  oled.o(i.OLED_ShowString)
    i.OLED_WriteCommand                      0x08000ef8   Section        0  oled.o(i.OLED_WriteCommand)
    i.OLED_WriteData                         0x08000f18   Section        0  oled.o(i.OLED_WriteData)
    i.PWR_BackupAccessCmd                    0x08000f38   Section        0  stm32f10x_pwr.o(i.PWR_BackupAccessCmd)
    i.ParseCity                              0x08000f44   Section        0  wifi.o(i.ParseCity)
    i.ParseTemperature                       0x08000fb0   Section        0  wifi.o(i.ParseTemperature)
    i.ParseTimestamp                         0x08001020   Section        0  wifi.o(i.ParseTimestamp)
    i.ParseWeather                           0x08001068   Section        0  wifi.o(i.ParseWeather)
    i.RCC_APB1PeriphClockCmd                 0x080010d4   Section        0  stm32f10x_rcc.o(i.RCC_APB1PeriphClockCmd)
    i.RCC_APB1PeriphResetCmd                 0x080010f4   Section        0  stm32f10x_rcc.o(i.RCC_APB1PeriphResetCmd)
    i.RCC_APB2PeriphClockCmd                 0x08001114   Section        0  stm32f10x_rcc.o(i.RCC_APB2PeriphClockCmd)
    i.RCC_APB2PeriphResetCmd                 0x08001134   Section        0  stm32f10x_rcc.o(i.RCC_APB2PeriphResetCmd)
    i.RCC_GetClocksFreq                      0x08001154   Section        0  stm32f10x_rcc.o(i.RCC_GetClocksFreq)
    i.RCC_GetFlagStatus                      0x08001228   Section        0  stm32f10x_rcc.o(i.RCC_GetFlagStatus)
    i.RCC_LSEConfig                          0x08001264   Section        0  stm32f10x_rcc.o(i.RCC_LSEConfig)
    i.RCC_RTCCLKCmd                          0x08001298   Section        0  stm32f10x_rcc.o(i.RCC_RTCCLKCmd)
    i.RCC_RTCCLKConfig                       0x080012a4   Section        0  stm32f10x_rcc.o(i.RCC_RTCCLKConfig)
    i.RTC_EnterConfigMode                    0x080012b4   Section        0  stm32f10x_rtc.o(i.RTC_EnterConfigMode)
    i.RTC_ExitConfigMode                     0x080012c8   Section        0  stm32f10x_rtc.o(i.RTC_ExitConfigMode)
    i.RTC_GetCounter                         0x080012dc   Section        0  stm32f10x_rtc.o(i.RTC_GetCounter)
    i.RTC_SetCounter                         0x08001308   Section        0  stm32f10x_rtc.o(i.RTC_SetCounter)
    i.RTC_SetPrescaler                       0x08001324   Section        0  stm32f10x_rtc.o(i.RTC_SetPrescaler)
    i.RTC_WaitForLastTask                    0x08001344   Section        0  stm32f10x_rtc.o(i.RTC_WaitForLastTask)
    i.RTC_WaitForSynchro                     0x08001358   Section        0  stm32f10x_rtc.o(i.RTC_WaitForSynchro)
    i.ST7789_Init                            0x0800137c   Section        0  st7789.o(i.ST7789_Init)
    i.SetSysClock                            0x080015f4   Section        0  system_stm32f10x.o(i.SetSysClock)
    SetSysClock                              0x080015f5   Thumb Code     8  system_stm32f10x.o(i.SetSysClock)
    i.SetSysClockTo72                        0x080015fc   Section        0  system_stm32f10x.o(i.SetSysClockTo72)
    SetSysClockTo72                          0x080015fd   Thumb Code   214  system_stm32f10x.o(i.SetSysClockTo72)
    i.SystemInit                             0x080016dc   Section        0  system_stm32f10x.o(i.SystemInit)
    i.TFT_SEND_CMD                           0x0800173c   Section        0  st7789.o(i.TFT_SEND_CMD)
    i.TFT_SEND_DATA                          0x080017a4   Section        0  st7789.o(i.TFT_SEND_DATA)
    i.TFT_SetWindows                         0x08001804   Section        0  st7789.o(i.TFT_SetWindows)
    i.TFT_display_16_32                      0x0800186a   Section        0  st7789.o(i.TFT_display_16_32)
    i.TFT_display_32_32                      0x080018e8   Section        0  st7789.o(i.TFT_display_32_32)
    i.TFT_display_en16_32                    0x08001968   Section        0  st7789.o(i.TFT_display_en16_32)
    i.TFT_display_en8_16                     0x080019f0   Section        0  st7789.o(i.TFT_display_en8_16)
    i.TFT_display_en_string8_16              0x08001a6a   Section        0  st7789.o(i.TFT_display_en_string8_16)
    i.TFT_display_image                      0x08001aa4   Section        0  st7789.o(i.TFT_display_image)
    i.TFT_full_color                         0x08001aee   Section        0  st7789.o(i.TFT_full_color)
    i.TIM2_IRQHandler                        0x08001b28   Section        0  timer.o(i.TIM2_IRQHandler)
    i.TIM4_IRQHandler                        0x08001b50   Section        0  usart2.o(i.TIM4_IRQHandler)
    i.TIM4_Init                              0x08001b80   Section        0  usart2.o(i.TIM4_Init)
    i.TIM4_Set                               0x08001bd8   Section        0  usart2.o(i.TIM4_Set)
    i.TIM_ClearITPendingBit                  0x08001c00   Section        0  stm32f10x_tim.o(i.TIM_ClearITPendingBit)
    i.TIM_Cmd                                0x08001c06   Section        0  stm32f10x_tim.o(i.TIM_Cmd)
    i.TIM_GetITStatus                        0x08001c1e   Section        0  stm32f10x_tim.o(i.TIM_GetITStatus)
    i.TIM_ITConfig                           0x08001c40   Section        0  stm32f10x_tim.o(i.TIM_ITConfig)
    i.TIM_SetCounter                         0x08001c52   Section        0  stm32f10x_tim.o(i.TIM_SetCounter)
    i.TIM_TimeBaseInit                       0x08001c58   Section        0  stm32f10x_tim.o(i.TIM_TimeBaseInit)
    i.USART1_IRQHandler                      0x08001cfc   Section        0  usart.o(i.USART1_IRQHandler)
    i.USART2_IRQHandler                      0x08001d84   Section        0  usart2.o(i.USART2_IRQHandler)
    i.USART2_Init                            0x08001de8   Section        0  usart2.o(i.USART2_Init)
    i.USART_Cmd                              0x08001ea8   Section        0  stm32f10x_usart.o(i.USART_Cmd)
    i.USART_DeInit                           0x08001ec0   Section        0  stm32f10x_usart.o(i.USART_DeInit)
    i.USART_GetITStatus                      0x08001f5c   Section        0  stm32f10x_usart.o(i.USART_GetITStatus)
    i.USART_ITConfig                         0x08001fb0   Section        0  stm32f10x_usart.o(i.USART_ITConfig)
    i.USART_Init                             0x08001ffc   Section        0  stm32f10x_usart.o(i.USART_Init)
    i.USART_ReceiveData                      0x080020d4   Section        0  stm32f10x_usart.o(i.USART_ReceiveData)
    i.Wifi_GetTime                           0x080020e0   Section        0  wifi.o(i.Wifi_GetTime)
    i.Wifi_GetWeather                        0x080021c8   Section        0  wifi.o(i.Wifi_GetWeather)
    i.Wifi_Init                              0x080022ec   Section        0  wifi.o(i.Wifi_Init)
    i.Wifi_Quit                              0x080023e8   Section        0  wifi.o(i.Wifi_Quit)
    i.__0printf                              0x080024a0   Section        0  printfa.o(i.__0printf)
    i.__0vsprintf                            0x080024c0   Section        0  printfa.o(i.__0vsprintf)
    i.__aeabi_errno_addr                     0x080024e4   Section        0  errno.o(i.__aeabi_errno_addr)
    i.__scatterload_copy                     0x080024ec   Section       14  handlers.o(i.__scatterload_copy)
    i.__scatterload_null                     0x080024fa   Section        2  handlers.o(i.__scatterload_null)
    i.__scatterload_zeroinit                 0x080024fc   Section       14  handlers.o(i.__scatterload_zeroinit)
    i._fp_digits                             0x0800250c   Section        0  printfa.o(i._fp_digits)
    _fp_digits                               0x0800250d   Thumb Code   366  printfa.o(i._fp_digits)
    i._printf_core                           0x08002690   Section        0  printfa.o(i._printf_core)
    _printf_core                             0x08002691   Thumb Code  1744  printfa.o(i._printf_core)
    i._printf_post_padding                   0x08002d6c   Section        0  printfa.o(i._printf_post_padding)
    _printf_post_padding                     0x08002d6d   Thumb Code    36  printfa.o(i._printf_post_padding)
    i._printf_pre_padding                    0x08002d90   Section        0  printfa.o(i._printf_pre_padding)
    _printf_pre_padding                      0x08002d91   Thumb Code    46  printfa.o(i._printf_pre_padding)
    i._sputc                                 0x08002dbe   Section        0  printfa.o(i._sputc)
    _sputc                                   0x08002dbf   Thumb Code    10  printfa.o(i._sputc)
    i.delay_ms                               0x08002dc8   Section        0  delay.o(i.delay_ms)
    i.delay_s                                0x08002de0   Section        0  delay.o(i.delay_s)
    i.delay_us                               0x08002df8   Section        0  delay.o(i.delay_us)
    i.fputc                                  0x08002e28   Section        0  usart.o(i.fputc)
    i.main                                   0x08002e44   Section        0  main.o(i.main)
    i.open_backlight                         0x08003278   Section        0  st7789.o(i.open_backlight)
    i.rtc_get_date                           0x08003288   Section        0  rtc.o(i.rtc_get_date)
    i.rtc_set_timestamp                      0x0800329e   Section        0  rtc.o(i.rtc_set_timestamp)
    i.ts_to_date                             0x080032b4   Section        0  rtc.o(i.ts_to_date)
    i.u2_printf                              0x0800339c   Section        0  usart2.o(i.u2_printf)
    i.uart_init                              0x080033f8   Section        0  usart.o(i.uart_init)
    i.wifi_GPIO_Init                         0x08003498   Section        0  wifi.o(i.wifi_GPIO_Init)
    i.wifi_check_cmd                         0x080034cc   Section        0  wifi.o(i.wifi_check_cmd)
    i.wifi_send_cmd                          0x08003500   Section        0  wifi.o(i.wifi_send_cmd)
    .constdata                               0x0800355c   Section    27660  main.o(.constdata)
    duoyun_map                               0x0800355c   Data        4610  main.o(.constdata)
    feng_map                                 0x0800475e   Data        4610  main.o(.constdata)
    qing_map                                 0x08005960   Data        4610  main.o(.constdata)
    xue_map                                  0x08006b62   Data        4610  main.o(.constdata)
    yin_map                                  0x08007d64   Data        4610  main.o(.constdata)
    yu_map                                   0x08008f66   Data        4610  main.o(.constdata)
    .constdata                               0x0800a168   Section     1520  oled.o(.constdata)
    .constdata                               0x0800a758   Section     4112  font.o(.constdata)
    .constdata                               0x0800b768   Section       48  rtc.o(.constdata)
    .constdata                               0x0800b798   Section       12  mktime.o(.constdata)
    monlen                                   0x0800b798   Data          12  mktime.o(.constdata)
    .constdata                               0x0800b7a4   Section      129  ctype_o.o(.constdata)
    .constdata                               0x0800b828   Section        4  ctype_o.o(.constdata)
    table                                    0x0800b828   Data           4  ctype_o.o(.constdata)
    .constdata                               0x0800b82c   Section       12  localtime_i.o(.constdata)
    monlen                                   0x0800b82c   Data          12  localtime_i.o(.constdata)
    .conststring                             0x0800b838   Section      111  wifi.o(.conststring)
    .data                                    0x20000000   Section        6  usart.o(.data)
    .data                                    0x20000006   Section        2  usart2.o(.data)
    .data                                    0x20000008   Section       12  wifi.o(.data)
    .data                                    0x20000014   Section        4  timer.o(.data)
    timer_elapsed_callback                   0x20000014   Data           4  timer.o(.data)
    .data                                    0x20000018   Section       12  myrtc.o(.data)
    .data                                    0x20000024   Section       20  stm32f10x_rcc.o(.data)
    APBAHBPrescTable                         0x20000024   Data          16  stm32f10x_rcc.o(.data)
    ADCPrescTable                            0x20000034   Data           4  stm32f10x_rcc.o(.data)
    .data                                    0x20000038   Section        4  errno.o(.data)
    _errno                                   0x20000038   Data           4  errno.o(.data)
    .bss                                     0x2000003c   Section      200  usart.o(.bss)
    .bss                                     0x20000108   Section     8192  usart2.o(.bss)
    .bss                                     0x20002108   Section       64  wifi.o(.bss)
    .bss                                     0x20002148   Section       44  localtime_w.o(.bss)
    _tms                                     0x20002148   Data          44  localtime_w.o(.bss)
    STACK                                    0x20002178   Section     1024  startup_stm32f10x_md.o(STACK)

    Global Symbols

    Symbol Name                              Value     Ov Type        Size  Object(Section)

    BuildAttributes$$THM_ISAv4$P$D$K$B$S$PE$A:L22UL41UL21$X:L11$S22US41US21$IEEE1$IW$USESV6$~STKCKD$USESV7$~SHL$OSPACE$ROPI$EBA8$MICROLIB$REQ8$PRES8$EABIv2 0x00000000   Number         0  anon$$obj.o ABSOLUTE
    __ARM_use_no_argv                        0x00000000   Number         0  main.o ABSOLUTE
    __use_no_errno                           0x00000000   Number         0  useno.o ABSOLUTE
    __use_no_exception_handling              0x00000000   Number         0  useno.o ABSOLUTE
    __use_no_fp                              0x00000000   Number         0  useno.o ABSOLUTE
    __use_no_heap                            0x00000000   Number         0  useno.o ABSOLUTE
    __use_no_heap_region                     0x00000000   Number         0  useno.o ABSOLUTE
    __use_no_semihosting                     0x00000000   Number         0  useno.o ABSOLUTE
    __use_no_semihosting_swi                 0x00000000   Number         0  useno.o ABSOLUTE
    __use_no_signal_handling                 0x00000000   Number         0  useno.o ABSOLUTE
    __cpp_initialize__aeabi_                  - Undefined Weak Reference
    __cxa_finalize                            - Undefined Weak Reference
    __decompress                              - Undefined Weak Reference
    _clock_init                               - Undefined Weak Reference
    _microlib_exit                            - Undefined Weak Reference
    __Vectors_Size                           0x000000ec   Number         0  startup_stm32f10x_md.o ABSOLUTE
    __Vectors                                0x08000000   Data           4  startup_stm32f10x_md.o(RESET)
    __Vectors_End                            0x080000ec   Data           0  startup_stm32f10x_md.o(RESET)
    __main                                   0x080000ed   Thumb Code     0  entry.o(.ARM.Collect$$$$00000000)
    _main_stk                                0x080000ed   Thumb Code     0  entry2.o(.ARM.Collect$$$$00000001)
    _main_scatterload                        0x080000f1   Thumb Code     0  entry5.o(.ARM.Collect$$$$00000004)
    __main_after_scatterload                 0x080000f5   Thumb Code     0  entry5.o(.ARM.Collect$$$$00000004)
    _main_clock                              0x080000f5   Thumb Code     0  entry7b.o(.ARM.Collect$$$$00000008)
    _main_cpp_init                           0x080000f5   Thumb Code     0  entry8b.o(.ARM.Collect$$$$0000000A)
    _main_init                               0x080000f5   Thumb Code     0  entry9a.o(.ARM.Collect$$$$0000000B)
    __rt_final_cpp                           0x080000fd   Thumb Code     0  entry10a.o(.ARM.Collect$$$$0000000D)
    __rt_final_exit                          0x080000fd   Thumb Code     0  entry11a.o(.ARM.Collect$$$$0000000F)
    Reset_Handler                            0x08000101   Thumb Code     8  startup_stm32f10x_md.o(.text)
    NMI_Handler                              0x08000109   Thumb Code     2  startup_stm32f10x_md.o(.text)
    HardFault_Handler                        0x0800010b   Thumb Code     2  startup_stm32f10x_md.o(.text)
    MemManage_Handler                        0x0800010d   Thumb Code     2  startup_stm32f10x_md.o(.text)
    BusFault_Handler                         0x0800010f   Thumb Code     2  startup_stm32f10x_md.o(.text)
    UsageFault_Handler                       0x08000111   Thumb Code     2  startup_stm32f10x_md.o(.text)
    SVC_Handler                              0x08000113   Thumb Code     2  startup_stm32f10x_md.o(.text)
    DebugMon_Handler                         0x08000115   Thumb Code     2  startup_stm32f10x_md.o(.text)
    PendSV_Handler                           0x08000117   Thumb Code     2  startup_stm32f10x_md.o(.text)
    SysTick_Handler                          0x08000119   Thumb Code     2  startup_stm32f10x_md.o(.text)
    ADC1_2_IRQHandler                        0x0800011b   Thumb Code     0  startup_stm32f10x_md.o(.text)
    CAN1_RX1_IRQHandler                      0x0800011b   Thumb Code     0  startup_stm32f10x_md.o(.text)
    CAN1_SCE_IRQHandler                      0x0800011b   Thumb Code     0  startup_stm32f10x_md.o(.text)
    DMA1_Channel1_IRQHandler                 0x0800011b   Thumb Code     0  startup_stm32f10x_md.o(.text)
    DMA1_Channel2_IRQHandler                 0x0800011b   Thumb Code     0  startup_stm32f10x_md.o(.text)
    DMA1_Channel3_IRQHandler                 0x0800011b   Thumb Code     0  startup_stm32f10x_md.o(.text)
    DMA1_Channel4_IRQHandler                 0x0800011b   Thumb Code     0  startup_stm32f10x_md.o(.text)
    DMA1_Channel5_IRQHandler                 0x0800011b   Thumb Code     0  startup_stm32f10x_md.o(.text)
    DMA1_Channel6_IRQHandler                 0x0800011b   Thumb Code     0  startup_stm32f10x_md.o(.text)
    DMA1_Channel7_IRQHandler                 0x0800011b   Thumb Code     0  startup_stm32f10x_md.o(.text)
    EXTI0_IRQHandler                         0x0800011b   Thumb Code     0  startup_stm32f10x_md.o(.text)
    EXTI15_10_IRQHandler                     0x0800011b   Thumb Code     0  startup_stm32f10x_md.o(.text)
    EXTI1_IRQHandler                         0x0800011b   Thumb Code     0  startup_stm32f10x_md.o(.text)
    EXTI2_IRQHandler                         0x0800011b   Thumb Code     0  startup_stm32f10x_md.o(.text)
    EXTI3_IRQHandler                         0x0800011b   Thumb Code     0  startup_stm32f10x_md.o(.text)
    EXTI4_IRQHandler                         0x0800011b   Thumb Code     0  startup_stm32f10x_md.o(.text)
    EXTI9_5_IRQHandler                       0x0800011b   Thumb Code     0  startup_stm32f10x_md.o(.text)
    FLASH_IRQHandler                         0x0800011b   Thumb Code     0  startup_stm32f10x_md.o(.text)
    I2C1_ER_IRQHandler                       0x0800011b   Thumb Code     0  startup_stm32f10x_md.o(.text)
    I2C1_EV_IRQHandler                       0x0800011b   Thumb Code     0  startup_stm32f10x_md.o(.text)
    I2C2_ER_IRQHandler                       0x0800011b   Thumb Code     0  startup_stm32f10x_md.o(.text)
    I2C2_EV_IRQHandler                       0x0800011b   Thumb Code     0  startup_stm32f10x_md.o(.text)
    PVD_IRQHandler                           0x0800011b   Thumb Code     0  startup_stm32f10x_md.o(.text)
    RCC_IRQHandler                           0x0800011b   Thumb Code     0  startup_stm32f10x_md.o(.text)
    RTCAlarm_IRQHandler                      0x0800011b   Thumb Code     0  startup_stm32f10x_md.o(.text)
    RTC_IRQHandler                           0x0800011b   Thumb Code     0  startup_stm32f10x_md.o(.text)
    SPI1_IRQHandler                          0x0800011b   Thumb Code     0  startup_stm32f10x_md.o(.text)
    SPI2_IRQHandler                          0x0800011b   Thumb Code     0  startup_stm32f10x_md.o(.text)
    TAMPER_IRQHandler                        0x0800011b   Thumb Code     0  startup_stm32f10x_md.o(.text)
    TIM1_BRK_IRQHandler                      0x0800011b   Thumb Code     0  startup_stm32f10x_md.o(.text)
    TIM1_CC_IRQHandler                       0x0800011b   Thumb Code     0  startup_stm32f10x_md.o(.text)
    TIM1_TRG_COM_IRQHandler                  0x0800011b   Thumb Code     0  startup_stm32f10x_md.o(.text)
    TIM1_UP_IRQHandler                       0x0800011b   Thumb Code     0  startup_stm32f10x_md.o(.text)
    TIM3_IRQHandler                          0x0800011b   Thumb Code     0  startup_stm32f10x_md.o(.text)
    USART3_IRQHandler                        0x0800011b   Thumb Code     0  startup_stm32f10x_md.o(.text)
    USBWakeUp_IRQHandler                     0x0800011b   Thumb Code     0  startup_stm32f10x_md.o(.text)
    USB_HP_CAN1_TX_IRQHandler                0x0800011b   Thumb Code     0  startup_stm32f10x_md.o(.text)
    USB_LP_CAN1_RX0_IRQHandler               0x0800011b   Thumb Code     0  startup_stm32f10x_md.o(.text)
    WWDG_IRQHandler                          0x0800011b   Thumb Code     0  startup_stm32f10x_md.o(.text)
    mktime                                   0x08000125   Thumb Code   150  mktime.o(.text)
    __aeabi_memcpy                           0x080001cd   Thumb Code    36  memcpya.o(.text)
    __aeabi_memcpy4                          0x080001cd   Thumb Code     0  memcpya.o(.text)
    __aeabi_memcpy8                          0x080001cd   Thumb Code     0  memcpya.o(.text)
    strstr                                   0x080001f1   Thumb Code    36  strstr.o(.text)
    strncpy                                  0x08000215   Thumb Code    24  strncpy.o(.text)
    strchr                                   0x0800022d   Thumb Code    20  strchr.o(.text)
    strlen                                   0x08000241   Thumb Code    14  strlen.o(.text)
    strtoul                                  0x0800024f   Thumb Code   114  strtoul.o(.text)
    __aeabi_uidiv                            0x080002c1   Thumb Code     0  uidiv.o(.text)
    __aeabi_uidivmod                         0x080002c1   Thumb Code    44  uidiv.o(.text)
    __aeabi_uldivmod                         0x080002ed   Thumb Code    98  uldiv.o(.text)
    __rt_ctype_table                         0x08000351   Thumb Code     4  ctype_o.o(.text)
    localtime                                0x08000359   Thumb Code     6  localtime_w.o(.text)
    _localtime                               0x08000365   Thumb Code   134  localtime_i.o(.text)
    _strtoul                                 0x080003f1   Thumb Code   158  _strtoul.o(.text)
    __I$use$fp                               0x0800048f   Thumb Code     0  iusefp.o(.text)
    __aeabi_dadd                             0x0800048f   Thumb Code   322  dadd.o(.text)
    __aeabi_dsub                             0x080005d1   Thumb Code     6  dadd.o(.text)
    __aeabi_drsub                            0x080005d7   Thumb Code     6  dadd.o(.text)
    __aeabi_dmul                             0x080005dd   Thumb Code   228  dmul.o(.text)
    __aeabi_ddiv                             0x080006c1   Thumb Code   222  ddiv.o(.text)
    __aeabi_d2ulz                            0x0800079f   Thumb Code    48  dfixul.o(.text)
    __aeabi_cdrcmple                         0x080007d1   Thumb Code    48  cdrcmple.o(.text)
    __scatterload                            0x08000801   Thumb Code    28  init.o(.text)
    __scatterload_rt2                        0x08000801   Thumb Code     0  init.o(.text)
    __aeabi_llsl                             0x08000825   Thumb Code    30  llshl.o(.text)
    _ll_shift_l                              0x08000825   Thumb Code     0  llshl.o(.text)
    __aeabi_llsr                             0x08000843   Thumb Code    32  llushr.o(.text)
    _ll_ushift_r                             0x08000843   Thumb Code     0  llushr.o(.text)
    __aeabi_lasr                             0x08000863   Thumb Code    36  llsshr.o(.text)
    _ll_sshift_r                             0x08000863   Thumb Code     0  llsshr.o(.text)
    _chval                                   0x08000887   Thumb Code    28  _chval.o(.text)
    _double_round                            0x080008a3   Thumb Code    30  depilogue.o(.text)
    _double_epilogue                         0x080008c1   Thumb Code   156  depilogue.o(.text)
    BKP_ReadBackupRegister                   0x0800095d   Thumb Code    24  stm32f10x_bkp.o(i.BKP_ReadBackupRegister)
    BKP_WriteBackupRegister                  0x08000979   Thumb Code    22  stm32f10x_bkp.o(i.BKP_WriteBackupRegister)
    GPIO_Init                                0x08000995   Thumb Code   278  stm32f10x_gpio.o(i.GPIO_Init)
    GPIO_ResetBits                           0x08000aab   Thumb Code     4  stm32f10x_gpio.o(i.GPIO_ResetBits)
    GPIO_SetBits                             0x08000aaf   Thumb Code     4  stm32f10x_gpio.o(i.GPIO_SetBits)
    GPIO_WriteBit                            0x08000ab3   Thumb Code    10  stm32f10x_gpio.o(i.GPIO_WriteBit)
    MyRTC_Init                               0x08000abd   Thumb Code   114  myrtc.o(i.MyRTC_Init)
    MyRTC_SetTime                            0x08000b31   Thumb Code    70  myrtc.o(i.MyRTC_SetTime)
    NVIC_Init                                0x08000b7d   Thumb Code   100  misc.o(i.NVIC_Init)
    NVIC_PriorityGroupConfig                 0x08000bed   Thumb Code    10  misc.o(i.NVIC_PriorityGroupConfig)
    OLED_Clear                               0x08000c01   Thumb Code    42  oled.o(i.OLED_Clear)
    OLED_I2C_Init                            0x08000c2d   Thumb Code    76  oled.o(i.OLED_I2C_Init)
    OLED_I2C_SendByte                        0x08000c7d   Thumb Code    88  oled.o(i.OLED_I2C_SendByte)
    OLED_I2C_Start                           0x08000cd9   Thumb Code    48  oled.o(i.OLED_I2C_Start)
    OLED_I2C_Stop                            0x08000d0d   Thumb Code    36  oled.o(i.OLED_I2C_Stop)
    OLED_Init                                0x08000d35   Thumb Code   174  oled.o(i.OLED_Init)
    OLED_Pow                                 0x08000de3   Thumb Code    20  oled.o(i.OLED_Pow)
    OLED_SetCursor                           0x08000df7   Thumb Code    34  oled.o(i.OLED_SetCursor)
    OLED_ShowChar                            0x08000e19   Thumb Code   110  oled.o(i.OLED_ShowChar)
    OLED_ShowNum                             0x08000e8d   Thumb Code    68  oled.o(i.OLED_ShowNum)
    OLED_ShowString                          0x08000ed1   Thumb Code    40  oled.o(i.OLED_ShowString)
    OLED_WriteCommand                        0x08000ef9   Thumb Code    32  oled.o(i.OLED_WriteCommand)
    OLED_WriteData                           0x08000f19   Thumb Code    32  oled.o(i.OLED_WriteData)
    PWR_BackupAccessCmd                      0x08000f39   Thumb Code     6  stm32f10x_pwr.o(i.PWR_BackupAccessCmd)
    ParseCity                                0x08000f45   Thumb Code    86  wifi.o(i.ParseCity)
    ParseTemperature                         0x08000fb1   Thumb Code    86  wifi.o(i.ParseTemperature)
    ParseTimestamp                           0x08001021   Thumb Code    48  wifi.o(i.ParseTimestamp)
    ParseWeather                             0x08001069   Thumb Code    86  wifi.o(i.ParseWeather)
    RCC_APB1PeriphClockCmd                   0x080010d5   Thumb Code    26  stm32f10x_rcc.o(i.RCC_APB1PeriphClockCmd)
    RCC_APB1PeriphResetCmd                   0x080010f5   Thumb Code    26  stm32f10x_rcc.o(i.RCC_APB1PeriphResetCmd)
    RCC_APB2PeriphClockCmd                   0x08001115   Thumb Code    26  stm32f10x_rcc.o(i.RCC_APB2PeriphClockCmd)
    RCC_APB2PeriphResetCmd                   0x08001135   Thumb Code    26  stm32f10x_rcc.o(i.RCC_APB2PeriphResetCmd)
    RCC_GetClocksFreq                        0x08001155   Thumb Code   192  stm32f10x_rcc.o(i.RCC_GetClocksFreq)
    RCC_GetFlagStatus                        0x08001229   Thumb Code    56  stm32f10x_rcc.o(i.RCC_GetFlagStatus)
    RCC_LSEConfig                            0x08001265   Thumb Code    46  stm32f10x_rcc.o(i.RCC_LSEConfig)
    RCC_RTCCLKCmd                            0x08001299   Thumb Code     6  stm32f10x_rcc.o(i.RCC_RTCCLKCmd)
    RCC_RTCCLKConfig                         0x080012a5   Thumb Code    12  stm32f10x_rcc.o(i.RCC_RTCCLKConfig)
    RTC_EnterConfigMode                      0x080012b5   Thumb Code    14  stm32f10x_rtc.o(i.RTC_EnterConfigMode)
    RTC_ExitConfigMode                       0x080012c9   Thumb Code    16  stm32f10x_rtc.o(i.RTC_ExitConfigMode)
    RTC_GetCounter                           0x080012dd   Thumb Code    38  stm32f10x_rtc.o(i.RTC_GetCounter)
    RTC_SetCounter                           0x08001309   Thumb Code    24  stm32f10x_rtc.o(i.RTC_SetCounter)
    RTC_SetPrescaler                         0x08001325   Thumb Code    26  stm32f10x_rtc.o(i.RTC_SetPrescaler)
    RTC_WaitForLastTask                      0x08001345   Thumb Code    16  stm32f10x_rtc.o(i.RTC_WaitForLastTask)
    RTC_WaitForSynchro                       0x08001359   Thumb Code    30  stm32f10x_rtc.o(i.RTC_WaitForSynchro)
    ST7789_Init                              0x0800137d   Thumb Code   624  st7789.o(i.ST7789_Init)
    SystemInit                               0x080016dd   Thumb Code    78  system_stm32f10x.o(i.SystemInit)
    TFT_SEND_CMD                             0x0800173d   Thumb Code    98  st7789.o(i.TFT_SEND_CMD)
    TFT_SEND_DATA                            0x080017a5   Thumb Code    90  st7789.o(i.TFT_SEND_DATA)
    TFT_SetWindows                           0x08001805   Thumb Code   102  st7789.o(i.TFT_SetWindows)
    TFT_display_16_32                        0x0800186b   Thumb Code   126  st7789.o(i.TFT_display_16_32)
    TFT_display_32_32                        0x080018e9   Thumb Code   126  st7789.o(i.TFT_display_32_32)
    TFT_display_en16_32                      0x08001969   Thumb Code   132  st7789.o(i.TFT_display_en16_32)
    TFT_display_en8_16                       0x080019f1   Thumb Code   122  st7789.o(i.TFT_display_en8_16)
    TFT_display_en_string8_16                0x08001a6b   Thumb Code    58  st7789.o(i.TFT_display_en_string8_16)
    TFT_display_image                        0x08001aa5   Thumb Code    74  st7789.o(i.TFT_display_image)
    TFT_full_color                           0x08001aef   Thumb Code    56  st7789.o(i.TFT_full_color)
    TIM2_IRQHandler                          0x08001b29   Thumb Code    34  timer.o(i.TIM2_IRQHandler)
    TIM4_IRQHandler                          0x08001b51   Thumb Code    40  usart2.o(i.TIM4_IRQHandler)
    TIM4_Init                                0x08001b81   Thumb Code    82  usart2.o(i.TIM4_Init)
    TIM4_Set                                 0x08001bd9   Thumb Code    34  usart2.o(i.TIM4_Set)
    TIM_ClearITPendingBit                    0x08001c01   Thumb Code     6  stm32f10x_tim.o(i.TIM_ClearITPendingBit)
    TIM_Cmd                                  0x08001c07   Thumb Code    24  stm32f10x_tim.o(i.TIM_Cmd)
    TIM_GetITStatus                          0x08001c1f   Thumb Code    34  stm32f10x_tim.o(i.TIM_GetITStatus)
    TIM_ITConfig                             0x08001c41   Thumb Code    18  stm32f10x_tim.o(i.TIM_ITConfig)
    TIM_SetCounter                           0x08001c53   Thumb Code     4  stm32f10x_tim.o(i.TIM_SetCounter)
    TIM_TimeBaseInit                         0x08001c59   Thumb Code   122  stm32f10x_tim.o(i.TIM_TimeBaseInit)
    USART1_IRQHandler                        0x08001cfd   Thumb Code   122  usart.o(i.USART1_IRQHandler)
    USART2_IRQHandler                        0x08001d85   Thumb Code    84  usart2.o(i.USART2_IRQHandler)
    USART2_Init                              0x08001de9   Thumb Code   180  usart2.o(i.USART2_Init)
    USART_Cmd                                0x08001ea9   Thumb Code    24  stm32f10x_usart.o(i.USART_Cmd)
    USART_DeInit                             0x08001ec1   Thumb Code   134  stm32f10x_usart.o(i.USART_DeInit)
    USART_GetITStatus                        0x08001f5d   Thumb Code    84  stm32f10x_usart.o(i.USART_GetITStatus)
    USART_ITConfig                           0x08001fb1   Thumb Code    74  stm32f10x_usart.o(i.USART_ITConfig)
    USART_Init                               0x08001ffd   Thumb Code   210  stm32f10x_usart.o(i.USART_Init)
    USART_ReceiveData                        0x080020d5   Thumb Code    10  stm32f10x_usart.o(i.USART_ReceiveData)
    Wifi_GetTime                             0x080020e1   Thumb Code   120  wifi.o(i.Wifi_GetTime)
    Wifi_GetWeather                          0x080021c9   Thumb Code   100  wifi.o(i.Wifi_GetWeather)
    Wifi_Init                                0x080022ed   Thumb Code    94  wifi.o(i.Wifi_Init)
    Wifi_Quit                                0x080023e9   Thumb Code    76  wifi.o(i.Wifi_Quit)
    __0printf                                0x080024a1   Thumb Code    22  printfa.o(i.__0printf)
    __1printf                                0x080024a1   Thumb Code     0  printfa.o(i.__0printf)
    __2printf                                0x080024a1   Thumb Code     0  printfa.o(i.__0printf)
    __c89printf                              0x080024a1   Thumb Code     0  printfa.o(i.__0printf)
    printf                                   0x080024a1   Thumb Code     0  printfa.o(i.__0printf)
    __0vsprintf                              0x080024c1   Thumb Code    30  printfa.o(i.__0vsprintf)
    __1vsprintf                              0x080024c1   Thumb Code     0  printfa.o(i.__0vsprintf)
    __2vsprintf                              0x080024c1   Thumb Code     0  printfa.o(i.__0vsprintf)
    __c89vsprintf                            0x080024c1   Thumb Code     0  printfa.o(i.__0vsprintf)
    vsprintf                                 0x080024c1   Thumb Code     0  printfa.o(i.__0vsprintf)
    __aeabi_errno_addr                       0x080024e5   Thumb Code     4  errno.o(i.__aeabi_errno_addr)
    __rt_errno_addr                          0x080024e5   Thumb Code     0  errno.o(i.__aeabi_errno_addr)
    __scatterload_copy                       0x080024ed   Thumb Code    14  handlers.o(i.__scatterload_copy)
    __scatterload_null                       0x080024fb   Thumb Code     2  handlers.o(i.__scatterload_null)
    __scatterload_zeroinit                   0x080024fd   Thumb Code    14  handlers.o(i.__scatterload_zeroinit)
    delay_ms                                 0x08002dc9   Thumb Code    24  delay.o(i.delay_ms)
    delay_s                                  0x08002de1   Thumb Code    24  delay.o(i.delay_s)
    delay_us                                 0x08002df9   Thumb Code    46  delay.o(i.delay_us)
    fputc                                    0x08002e29   Thumb Code    24  usart.o(i.fputc)
    main                                     0x08002e45   Thumb Code   996  main.o(i.main)
    open_backlight                           0x08003279   Thumb Code    12  st7789.o(i.open_backlight)
    rtc_get_date                             0x08003289   Thumb Code    22  rtc.o(i.rtc_get_date)
    rtc_set_timestamp                        0x0800329f   Thumb Code    20  rtc.o(i.rtc_set_timestamp)
    ts_to_date                               0x080032b5   Thumb Code   228  rtc.o(i.ts_to_date)
    u2_printf                                0x0800339d   Thumb Code    84  usart2.o(i.u2_printf)
    uart_init                                0x080033f9   Thumb Code   152  usart.o(i.uart_init)
    wifi_GPIO_Init                           0x08003499   Thumb Code    46  wifi.o(i.wifi_GPIO_Init)
    wifi_check_cmd                           0x080034cd   Thumb Code    44  wifi.o(i.wifi_check_cmd)
    wifi_send_cmd                            0x08003501   Thumb Code    82  wifi.o(i.wifi_send_cmd)
    OLED_F8x16                               0x0800a168   Data        1520  oled.o(.constdata)
    font_time_24x48_data                     0x0800a758   Data        1440  font.o(.constdata)
    font_temper_16x32_data                   0x0800acf8   Data         640  font.o(.constdata)
    font_maohao_16x32                        0x0800af78   Data          64  font.o(.constdata)
    font_heng_16x32                          0x0800afb8   Data          64  font.o(.constdata)
    font_temper_32x32                        0x0800aff8   Data         128  font.o(.constdata)
    font_shen_32x32                          0x0800b078   Data         128  font.o(.constdata)
    font_zhen_32x32                          0x0800b0f8   Data         128  font.o(.constdata)
    ASCII8x16_Table                          0x0800b178   Data        1520  font.o(.constdata)
    __ctype_table                            0x0800b7a4   Data         129  ctype_o.o(.constdata)
    Region$$Table$$Base                      0x0800b8a8   Number         0  anon$$obj.o(Region$$Table)
    Region$$Table$$Limit                     0x0800b8c8   Number         0  anon$$obj.o(Region$$Table)
    __stdout                                 0x20000000   Data           4  usart.o(.data)
    USART_RX_STA                             0x20000004   Data           2  usart.o(.data)
    USART2_RX_STA                            0x20000006   Data           2  usart2.o(.data)
    g_timestamp                              0x20000008   Data           4  wifi.o(.data)
    g_temperature                            0x2000000c   Data           8  wifi.o(.data)
    MyRTC_Time                               0x20000018   Data          12  myrtc.o(.data)
    USART_RX_BUF                             0x2000003c   Data         200  usart.o(.bss)
    USART2_TX_BUF                            0x20000108   Data        4096  usart2.o(.bss)
    USART2_RX_BUF                            0x20001108   Data        4096  usart2.o(.bss)
    g_city                                   0x20002108   Data          32  wifi.o(.bss)
    g_weather                                0x20002128   Data          32  wifi.o(.bss)
    __initial_sp                             0x20002578   Data           0  startup_stm32f10x_md.o(STACK)



==============================================================================

Memory Map of the image

  Image Entry point : 0x080000ed

  Load Region LR_IROM1 (Base: 0x08000000, Size: 0x0000b904, Max: 0x00010000, ABSOLUTE)

    Execution Region ER_IROM1 (Exec base: 0x08000000, Load base: 0x08000000, Size: 0x0000b8c8, Max: 0x00010000, ABSOLUTE)

    Exec Addr    Load Addr    Size         Type   Attr      Idx    E Section Name        Object

    0x08000000   0x08000000   0x000000ec   Data   RO          752    RESET               startup_stm32f10x_md.o
    0x080000ec   0x080000ec   0x00000000   Code   RO         3768  * .ARM.Collect$$$$00000000  mc_w.l(entry.o)
    0x080000ec   0x080000ec   0x00000004   Code   RO         4052    .ARM.Collect$$$$00000001  mc_w.l(entry2.o)
    0x080000f0   0x080000f0   0x00000004   Code   RO         4055    .ARM.Collect$$$$00000004  mc_w.l(entry5.o)
    0x080000f4   0x080000f4   0x00000000   Code   RO         4057    .ARM.Collect$$$$00000008  mc_w.l(entry7b.o)
    0x080000f4   0x080000f4   0x00000000   Code   RO         4059    .ARM.Collect$$$$0000000A  mc_w.l(entry8b.o)
    0x080000f4   0x080000f4   0x00000008   Code   RO         4060    .ARM.Collect$$$$0000000B  mc_w.l(entry9a.o)
    0x080000fc   0x080000fc   0x00000000   Code   RO         4062    .ARM.Collect$$$$0000000D  mc_w.l(entry10a.o)
    0x080000fc   0x080000fc   0x00000000   Code   RO         4064    .ARM.Collect$$$$0000000F  mc_w.l(entry11a.o)
    0x080000fc   0x080000fc   0x00000004   Code   RO         4053    .ARM.Collect$$$$00002712  mc_w.l(entry2.o)
    0x08000100   0x08000100   0x00000024   Code   RO          753    .text               startup_stm32f10x_md.o
    0x08000124   0x08000124   0x000000a8   Code   RO         3775    .text               mc_w.l(mktime.o)
    0x080001cc   0x080001cc   0x00000024   Code   RO         3778    .text               mc_w.l(memcpya.o)
    0x080001f0   0x080001f0   0x00000024   Code   RO         3780    .text               mc_w.l(strstr.o)
    0x08000214   0x08000214   0x00000018   Code   RO         3782    .text               mc_w.l(strncpy.o)
    0x0800022c   0x0800022c   0x00000014   Code   RO         3784    .text               mc_w.l(strchr.o)
    0x08000240   0x08000240   0x0000000e   Code   RO         3786    .text               mc_w.l(strlen.o)
    0x0800024e   0x0800024e   0x00000072   Code   RO         4050    .text               mc_w.l(strtoul.o)
    0x080002c0   0x080002c0   0x0000002c   Code   RO         4066    .text               mc_w.l(uidiv.o)
    0x080002ec   0x080002ec   0x00000062   Code   RO         4068    .text               mc_w.l(uldiv.o)
    0x0800034e   0x0800034e   0x00000002   PAD
    0x08000350   0x08000350   0x00000008   Code   RO         4070    .text               mc_w.l(ctype_o.o)
    0x08000358   0x08000358   0x0000000c   Code   RO         4098    .text               mc_w.l(localtime_w.o)
    0x08000364   0x08000364   0x0000008c   Code   RO         4101    .text               mc_w.l(localtime_i.o)
    0x080003f0   0x080003f0   0x0000009e   Code   RO         4111    .text               mc_w.l(_strtoul.o)
    0x0800048e   0x0800048e   0x00000000   Code   RO         4113    .text               mc_w.l(iusefp.o)
    0x0800048e   0x0800048e   0x0000014e   Code   RO         4114    .text               mf_w.l(dadd.o)
    0x080005dc   0x080005dc   0x000000e4   Code   RO         4116    .text               mf_w.l(dmul.o)
    0x080006c0   0x080006c0   0x000000de   Code   RO         4118    .text               mf_w.l(ddiv.o)
    0x0800079e   0x0800079e   0x00000030   Code   RO         4120    .text               mf_w.l(dfixul.o)
    0x080007ce   0x080007ce   0x00000002   PAD
    0x080007d0   0x080007d0   0x00000030   Code   RO         4122    .text               mf_w.l(cdrcmple.o)
    0x08000800   0x08000800   0x00000024   Code   RO         4124    .text               mc_w.l(init.o)
    0x08000824   0x08000824   0x0000001e   Code   RO         4126    .text               mc_w.l(llshl.o)
    0x08000842   0x08000842   0x00000020   Code   RO         4128    .text               mc_w.l(llushr.o)
    0x08000862   0x08000862   0x00000024   Code   RO         4130    .text               mc_w.l(llsshr.o)
    0x08000886   0x08000886   0x0000001c   Code   RO         4132    .text               mc_w.l(_chval.o)
    0x080008a2   0x080008a2   0x000000ba   Code   RO         4134    .text               mf_w.l(depilogue.o)
    0x0800095c   0x0800095c   0x0000001c   Code   RO         1066    i.BKP_ReadBackupRegister  stm32f10x_bkp.o
    0x08000978   0x08000978   0x0000001c   Code   RO         1070    i.BKP_WriteBackupRegister  stm32f10x_bkp.o
    0x08000994   0x08000994   0x00000116   Code   RO         1952    i.GPIO_Init         stm32f10x_gpio.o
    0x08000aaa   0x08000aaa   0x00000004   Code   RO         1959    i.GPIO_ResetBits    stm32f10x_gpio.o
    0x08000aae   0x08000aae   0x00000004   Code   RO         1960    i.GPIO_SetBits      stm32f10x_gpio.o
    0x08000ab2   0x08000ab2   0x0000000a   Code   RO         1963    i.GPIO_WriteBit     stm32f10x_gpio.o
    0x08000abc   0x08000abc   0x00000072   Code   RO          720    i.MyRTC_Init        myrtc.o
    0x08000b2e   0x08000b2e   0x00000002   PAD
    0x08000b30   0x08000b30   0x0000004c   Code   RO          722    i.MyRTC_SetTime     myrtc.o
    0x08000b7c   0x08000b7c   0x00000070   Code   RO          801    i.NVIC_Init         misc.o
    0x08000bec   0x08000bec   0x00000014   Code   RO          802    i.NVIC_PriorityGroupConfig  misc.o
    0x08000c00   0x08000c00   0x0000002a   Code   RO          408    i.OLED_Clear        oled.o
    0x08000c2a   0x08000c2a   0x00000002   PAD
    0x08000c2c   0x08000c2c   0x00000050   Code   RO          409    i.OLED_I2C_Init     oled.o
    0x08000c7c   0x08000c7c   0x0000005c   Code   RO          410    i.OLED_I2C_SendByte  oled.o
    0x08000cd8   0x08000cd8   0x00000034   Code   RO          411    i.OLED_I2C_Start    oled.o
    0x08000d0c   0x08000d0c   0x00000028   Code   RO          412    i.OLED_I2C_Stop     oled.o
    0x08000d34   0x08000d34   0x000000ae   Code   RO          413    i.OLED_Init         oled.o
    0x08000de2   0x08000de2   0x00000014   Code   RO          414    i.OLED_Pow          oled.o
    0x08000df6   0x08000df6   0x00000022   Code   RO          415    i.OLED_SetCursor    oled.o
    0x08000e18   0x08000e18   0x00000074   Code   RO          417    i.OLED_ShowChar     oled.o
    0x08000e8c   0x08000e8c   0x00000044   Code   RO          419    i.OLED_ShowNum      oled.o
    0x08000ed0   0x08000ed0   0x00000028   Code   RO          421    i.OLED_ShowString   oled.o
    0x08000ef8   0x08000ef8   0x00000020   Code   RO          422    i.OLED_WriteCommand  oled.o
    0x08000f18   0x08000f18   0x00000020   Code   RO          423    i.OLED_WriteData    oled.o
    0x08000f38   0x08000f38   0x0000000c   Code   RO         2306    i.PWR_BackupAccessCmd  stm32f10x_pwr.o
    0x08000f44   0x08000f44   0x0000006c   Code   RO          312    i.ParseCity         wifi.o
    0x08000fb0   0x08000fb0   0x00000070   Code   RO          313    i.ParseTemperature  wifi.o
    0x08001020   0x08001020   0x00000048   Code   RO          314    i.ParseTimestamp    wifi.o
    0x08001068   0x08001068   0x0000006c   Code   RO          315    i.ParseWeather      wifi.o
    0x080010d4   0x080010d4   0x00000020   Code   RO         2368    i.RCC_APB1PeriphClockCmd  stm32f10x_rcc.o
    0x080010f4   0x080010f4   0x00000020   Code   RO         2369    i.RCC_APB1PeriphResetCmd  stm32f10x_rcc.o
    0x08001114   0x08001114   0x00000020   Code   RO         2370    i.RCC_APB2PeriphClockCmd  stm32f10x_rcc.o
    0x08001134   0x08001134   0x00000020   Code   RO         2371    i.RCC_APB2PeriphResetCmd  stm32f10x_rcc.o
    0x08001154   0x08001154   0x000000d4   Code   RO         2378    i.RCC_GetClocksFreq  stm32f10x_rcc.o
    0x08001228   0x08001228   0x0000003c   Code   RO         2379    i.RCC_GetFlagStatus  stm32f10x_rcc.o
    0x08001264   0x08001264   0x00000034   Code   RO         2386    i.RCC_LSEConfig     stm32f10x_rcc.o
    0x08001298   0x08001298   0x0000000c   Code   RO         2393    i.RCC_RTCCLKCmd     stm32f10x_rcc.o
    0x080012a4   0x080012a4   0x00000010   Code   RO         2394    i.RCC_RTCCLKConfig  stm32f10x_rcc.o
    0x080012b4   0x080012b4   0x00000014   Code   RO         2568    i.RTC_EnterConfigMode  stm32f10x_rtc.o
    0x080012c8   0x080012c8   0x00000014   Code   RO         2569    i.RTC_ExitConfigMode  stm32f10x_rtc.o
    0x080012dc   0x080012dc   0x0000002c   Code   RO         2570    i.RTC_GetCounter    stm32f10x_rtc.o
    0x08001308   0x08001308   0x0000001c   Code   RO         2576    i.RTC_SetCounter    stm32f10x_rtc.o
    0x08001324   0x08001324   0x00000020   Code   RO         2577    i.RTC_SetPrescaler  stm32f10x_rtc.o
    0x08001344   0x08001344   0x00000014   Code   RO         2578    i.RTC_WaitForLastTask  stm32f10x_rtc.o
    0x08001358   0x08001358   0x00000024   Code   RO         2579    i.RTC_WaitForSynchro  stm32f10x_rtc.o
    0x0800137c   0x0800137c   0x00000278   Code   RO          516    i.ST7789_Init       st7789.o
    0x080015f4   0x080015f4   0x00000008   Code   RO          767    i.SetSysClock       system_stm32f10x.o
    0x080015fc   0x080015fc   0x000000e0   Code   RO          768    i.SetSysClockTo72   system_stm32f10x.o
    0x080016dc   0x080016dc   0x00000060   Code   RO          770    i.SystemInit        system_stm32f10x.o
    0x0800173c   0x0800173c   0x00000068   Code   RO          517    i.TFT_SEND_CMD      st7789.o
    0x080017a4   0x080017a4   0x00000060   Code   RO          518    i.TFT_SEND_DATA     st7789.o
    0x08001804   0x08001804   0x00000066   Code   RO          519    i.TFT_SetWindows    st7789.o
    0x0800186a   0x0800186a   0x0000007e   Code   RO          520    i.TFT_display_16_32  st7789.o
    0x080018e8   0x080018e8   0x0000007e   Code   RO          521    i.TFT_display_32_32  st7789.o
    0x08001966   0x08001966   0x00000002   PAD
    0x08001968   0x08001968   0x00000088   Code   RO          523    i.TFT_display_en16_32  st7789.o
    0x080019f0   0x080019f0   0x0000007a   Code   RO          525    i.TFT_display_en8_16  st7789.o
    0x08001a6a   0x08001a6a   0x0000003a   Code   RO          526    i.TFT_display_en_string8_16  st7789.o
    0x08001aa4   0x08001aa4   0x0000004a   Code   RO          527    i.TFT_display_image  st7789.o
    0x08001aee   0x08001aee   0x00000038   Code   RO          528    i.TFT_full_color    st7789.o
    0x08001b26   0x08001b26   0x00000002   PAD
    0x08001b28   0x08001b28   0x00000028   Code   RO          682    i.TIM2_IRQHandler   timer.o
    0x08001b50   0x08001b50   0x00000030   Code   RO          227    i.TIM4_IRQHandler   usart2.o
    0x08001b80   0x08001b80   0x00000058   Code   RO          228    i.TIM4_Init         usart2.o
    0x08001bd8   0x08001bd8   0x00000028   Code   RO          229    i.TIM4_Set          usart2.o
    0x08001c00   0x08001c00   0x00000006   Code   RO         2997    i.TIM_ClearITPendingBit  stm32f10x_tim.o
    0x08001c06   0x08001c06   0x00000018   Code   RO         3002    i.TIM_Cmd           stm32f10x_tim.o
    0x08001c1e   0x08001c1e   0x00000022   Code   RO         3023    i.TIM_GetITStatus   stm32f10x_tim.o
    0x08001c40   0x08001c40   0x00000012   Code   RO         3027    i.TIM_ITConfig      stm32f10x_tim.o
    0x08001c52   0x08001c52   0x00000004   Code   RO         3067    i.TIM_SetCounter    stm32f10x_tim.o
    0x08001c56   0x08001c56   0x00000002   PAD
    0x08001c58   0x08001c58   0x000000a4   Code   RO         3073    i.TIM_TimeBaseInit  stm32f10x_tim.o
    0x08001cfc   0x08001cfc   0x00000088   Code   RO          186    i.USART1_IRQHandler  usart.o
    0x08001d84   0x08001d84   0x00000064   Code   RO          230    i.USART2_IRQHandler  usart2.o
    0x08001de8   0x08001de8   0x000000c0   Code   RO          231    i.USART2_Init       usart2.o
    0x08001ea8   0x08001ea8   0x00000018   Code   RO         3538    i.USART_Cmd         stm32f10x_usart.o
    0x08001ec0   0x08001ec0   0x0000009c   Code   RO         3540    i.USART_DeInit      stm32f10x_usart.o
    0x08001f5c   0x08001f5c   0x00000054   Code   RO         3542    i.USART_GetITStatus  stm32f10x_usart.o
    0x08001fb0   0x08001fb0   0x0000004a   Code   RO         3544    i.USART_ITConfig    stm32f10x_usart.o
    0x08001ffa   0x08001ffa   0x00000002   PAD
    0x08001ffc   0x08001ffc   0x000000d8   Code   RO         3545    i.USART_Init        stm32f10x_usart.o
    0x080020d4   0x080020d4   0x0000000a   Code   RO         3552    i.USART_ReceiveData  stm32f10x_usart.o
    0x080020de   0x080020de   0x00000002   PAD
    0x080020e0   0x080020e0   0x000000e8   Code   RO          316    i.Wifi_GetTime      wifi.o
    0x080021c8   0x080021c8   0x00000124   Code   RO          317    i.Wifi_GetWeather   wifi.o
    0x080022ec   0x080022ec   0x000000fc   Code   RO          318    i.Wifi_Init         wifi.o
    0x080023e8   0x080023e8   0x000000b8   Code   RO          319    i.Wifi_Quit         wifi.o
    0x080024a0   0x080024a0   0x00000020   Code   RO         4023    i.__0printf         mc_w.l(printfa.o)
    0x080024c0   0x080024c0   0x00000024   Code   RO         4029    i.__0vsprintf       mc_w.l(printfa.o)
    0x080024e4   0x080024e4   0x00000008   Code   RO         4104    i.__aeabi_errno_addr  mc_w.l(errno.o)
    0x080024ec   0x080024ec   0x0000000e   Code   RO         4138    i.__scatterload_copy  mc_w.l(handlers.o)
    0x080024fa   0x080024fa   0x00000002   Code   RO         4139    i.__scatterload_null  mc_w.l(handlers.o)
    0x080024fc   0x080024fc   0x0000000e   Code   RO         4140    i.__scatterload_zeroinit  mc_w.l(handlers.o)
    0x0800250a   0x0800250a   0x00000002   PAD
    0x0800250c   0x0800250c   0x00000184   Code   RO         4030    i._fp_digits        mc_w.l(printfa.o)
    0x08002690   0x08002690   0x000006dc   Code   RO         4031    i._printf_core      mc_w.l(printfa.o)
    0x08002d6c   0x08002d6c   0x00000024   Code   RO         4032    i._printf_post_padding  mc_w.l(printfa.o)
    0x08002d90   0x08002d90   0x0000002e   Code   RO         4033    i._printf_pre_padding  mc_w.l(printfa.o)
    0x08002dbe   0x08002dbe   0x0000000a   Code   RO         4035    i._sputc            mc_w.l(printfa.o)
    0x08002dc8   0x08002dc8   0x00000018   Code   RO          159    i.delay_ms          delay.o
    0x08002de0   0x08002de0   0x00000018   Code   RO          160    i.delay_s           delay.o
    0x08002df8   0x08002df8   0x0000002e   Code   RO          161    i.delay_us          delay.o
    0x08002e26   0x08002e26   0x00000002   PAD
    0x08002e28   0x08002e28   0x0000001c   Code   RO          188    i.fputc             usart.o
    0x08002e44   0x08002e44   0x00000434   Code   RO            1    i.main              main.o
    0x08003278   0x08003278   0x00000010   Code   RO          530    i.open_backlight    st7789.o
    0x08003288   0x08003288   0x00000016   Code   RO          630    i.rtc_get_date      rtc.o
    0x0800329e   0x0800329e   0x00000014   Code   RO          634    i.rtc_set_timestamp  rtc.o
    0x080032b2   0x080032b2   0x00000002   PAD
    0x080032b4   0x080032b4   0x000000e8   Code   RO          635    i.ts_to_date        rtc.o
    0x0800339c   0x0800339c   0x0000005c   Code   RO          232    i.u2_printf         usart2.o
    0x080033f8   0x080033f8   0x000000a0   Code   RO          189    i.uart_init         usart.o
    0x08003498   0x08003498   0x00000034   Code   RO          321    i.wifi_GPIO_Init    wifi.o
    0x080034cc   0x080034cc   0x00000034   Code   RO          322    i.wifi_check_cmd    wifi.o
    0x08003500   0x08003500   0x0000005c   Code   RO          323    i.wifi_send_cmd     wifi.o
    0x0800355c   0x0800355c   0x00006c0c   Data   RO            3    .constdata          main.o
    0x0800a168   0x0800a168   0x000005f0   Data   RO          424    .constdata          oled.o
    0x0800a758   0x0800a758   0x00001010   Data   RO          615    .constdata          font.o
    0x0800b768   0x0800b768   0x00000030   Data   RO          636    .constdata          rtc.o
    0x0800b798   0x0800b798   0x0000000c   Data   RO         3776    .constdata          mc_w.l(mktime.o)
    0x0800b7a4   0x0800b7a4   0x00000081   Data   RO         4071    .constdata          mc_w.l(ctype_o.o)
    0x0800b825   0x0800b825   0x00000003   PAD
    0x0800b828   0x0800b828   0x00000004   Data   RO         4072    .constdata          mc_w.l(ctype_o.o)
    0x0800b82c   0x0800b82c   0x0000000c   Data   RO         4102    .constdata          mc_w.l(localtime_i.o)
    0x0800b838   0x0800b838   0x0000006f   Data   RO          325    .conststring        wifi.o
    0x0800b8a7   0x0800b8a7   0x00000001   PAD
    0x0800b8a8   0x0800b8a8   0x00000020   Data   RO         4136    Region$$Table       anon$$obj.o


    Execution Region RW_IRAM1 (Exec base: 0x20000000, Load base: 0x0800b8c8, Size: 0x00002578, Max: 0x00005000, ABSOLUTE)

    Exec Addr    Load Addr    Size         Type   Attr      Idx    E Section Name        Object

    0x20000000   0x0800b8c8   0x00000006   Data   RW          191    .data               usart.o
    0x20000006   0x0800b8ce   0x00000002   Data   RW          234    .data               usart2.o
    0x20000008   0x0800b8d0   0x0000000c   Data   RW          326    .data               wifi.o
    0x20000014   0x0800b8dc   0x00000004   Data   RW          687    .data               timer.o
    0x20000018   0x0800b8e0   0x0000000c   Data   RW          723    .data               myrtc.o
    0x20000024   0x0800b8ec   0x00000014   Data   RW         2398    .data               stm32f10x_rcc.o
    0x20000038   0x0800b900   0x00000004   Data   RW         4107    .data               mc_w.l(errno.o)
    0x2000003c        -       0x000000c8   Zero   RW          190    .bss                usart.o
    0x20000104   0x0800b904   0x00000004   PAD
    0x20000108        -       0x00002000   Zero   RW          233    .bss                usart2.o
    0x20002108        -       0x00000040   Zero   RW          324    .bss                wifi.o
    0x20002148        -       0x0000002c   Zero   RW         4099    .bss                mc_w.l(localtime_w.o)
    0x20002174   0x0800b904   0x00000004   PAD
    0x20002178        -       0x00000400   Zero   RW          750    STACK               startup_stm32f10x_md.o


==============================================================================

Image component sizes


      Code (inc. data)   RO Data    RW Data    ZI Data      Debug   Object Name

        94          0          0          0          0       1464   delay.o
         0          0       4112          0          0       1046   font.o
      1076         80      27660          0          0     257467   main.o
       132         22          0          0          0       1563   misc.o
       190          6          0         12          0       1758   myrtc.o
       822         22       1520          0          0       8009   oled.o
       274          4         48          0          0       2492   rtc.o
      1648         28          0          0          0       9651   st7789.o
        36          8        236          0       1024        828   startup_stm32f10x_md.o
        56         10          0          0          0       2243   stm32f10x_bkp.o
       296          0          0          0          0       3672   stm32f10x_gpio.o
        12          6          0          0          0        522   stm32f10x_pwr.o
       480         64          0         20          0       7903   stm32f10x_rcc.o
       200         36          0          0          0       3739   stm32f10x_rtc.o
       250         42          0          0          0       4163   stm32f10x_tim.o
       564         28          0          0          0       5689   stm32f10x_usart.o
         0          0          0          0          0         32   sys.o
       328         28          0          0          0       2065   system_stm32f10x.o
        40          6          0          4          0        706   timer.o
       324         26          0          6        200       3644   usart.o
       560         56          0          2       8192       4919   usart2.o
      1556        688        111         12         64       8327   wifi.o

    ----------------------------------------------------------------------
      8956       1160      33720         56       9484     331902   Object Totals
         0          0         32          0          0          0   (incl. Generated)
        18          0          1          0          4          0   (incl. Padding)

    ----------------------------------------------------------------------

      Code (inc. data)   RO Data    RW Data    ZI Data      Debug   Library Member Name

        28          0          0          0          0         68   _chval.o
       158          0          0          0          0         92   _strtoul.o
         8          4        133          0          0         68   ctype_o.o
         0          0          0          0          0          0   entry.o
         0          0          0          0          0          0   entry10a.o
         0          0          0          0          0          0   entry11a.o
         8          4          0          0          0          0   entry2.o
         4          0          0          0          0          0   entry5.o
         0          0          0          0          0          0   entry7b.o
         0          0          0          0          0          0   entry8b.o
         8          4          0          0          0          0   entry9a.o
         8          4          0          4          0         68   errno.o
        30          0          0          0          0          0   handlers.o
        36          8          0          0          0         68   init.o
         0          0          0          0          0          0   iusefp.o
        30          0          0          0          0         68   llshl.o
        36          0          0          0          0         68   llsshr.o
        32          0          0          0          0         68   llushr.o
       140          6         12          0          0         76   localtime_i.o
        12          6          0          0         44         68   localtime_w.o
        36          0          0          0          0         68   memcpya.o
       168         18         12          0          0         80   mktime.o
      2304         96          0          0          0        600   printfa.o
        20          0          0          0          0         68   strchr.o
        14          0          0          0          0         68   strlen.o
        24          0          0          0          0         76   strncpy.o
        36          0          0          0          0         80   strstr.o
       114          0          0          0          0         92   strtoul.o
        44          0          0          0          0         80   uidiv.o
        98          0          0          0          0         92   uldiv.o
        48          0          0          0          0         68   cdrcmple.o
       334          0          0          0          0        148   dadd.o
       222          0          0          0          0        100   ddiv.o
       186          0          0          0          0        176   depilogue.o
        48          0          0          0          0         68   dfixul.o
       228          0          0          0          0         96   dmul.o

    ----------------------------------------------------------------------
      4468        150        160          4         48       2672   Library Totals
         6          0          3          0          4          0   (incl. Padding)

    ----------------------------------------------------------------------

      Code (inc. data)   RO Data    RW Data    ZI Data      Debug   Library Name

      3396        150        157          4         44       2016   mc_w.l
      1066          0          0          0          0        656   mf_w.l

    ----------------------------------------------------------------------
      4468        150        160          4         48       2672   Library Totals

    ----------------------------------------------------------------------

==============================================================================


      Code (inc. data)   RO Data    RW Data    ZI Data      Debug   

     13424       1310      33880         60       9532     328538   Grand Totals
     13424       1310      33880         60       9532     328538   ELF Image Totals
     13424       1310      33880         60          0          0   ROM Totals

==============================================================================

    Total RO  Size (Code + RO Data)                47304 (  46.20kB)
    Total RW  Size (RW Data + ZI Data)              9592 (   9.37kB)
    Total ROM Size (Code + RO Data + RW Data)      47364 (  46.25kB)

==============================================================================

