Component: ARM Compiler 5.06 update 5 (build 528) Tool: armlink [4d35e2]

==============================================================================

Section Cross References

    main.o(i.main) refers to wifi.o(i.wifi_GPIO_Init) for wifi_GPIO_Init
    main.o(i.main) refers to usart.o(i.uart_init) for uart_init
    main.o(i.main) refers to usart2.o(i.USART2_Init) for USART2_Init
    main.o(i.main) refers to wifi.o(i.Wifi_Init) for Wifi_Init
    main.o(i.main) refers to st7789.o(i.ST7789_Init) for ST7789_Init
    main.o(i.main) refers to st7789.o(i.open_backlight) for open_backlight
    main.o(i.main) refers to st7789.o(i.TFT_full_color) for TFT_full_color
    main.o(i.main) refers to rtc.o(i.MyRTC_Init) for MyRTC_Init
    main.o(i.main) refers to timer.o(i.timer_init) for timer_init
    main.o(i.main) refers to timer.o(i.timer_elapsed_register) for timer_elapsed_register
    main.o(i.main) refers to timer.o(i.timer_start) for timer_start
    main.o(i.main) refers to wifi.o(i.Wifi_GetWeather) for Wifi_GetWeather
    main.o(i.main) refers to wifi.o(i.ParseCity) for ParseCity
    main.o(i.main) refers to wifi.o(i.ParseWeather) for ParseWeather
    main.o(i.main) refers to wifi.o(i.ParseTemperature) for ParseTemperature
    main.o(i.main) refers to strcmp.o(.text) for strcmp
    main.o(i.main) refers to st7789.o(i.TFT_display_32_32) for TFT_display_32_32
    main.o(i.main) refers to st7789.o(i.TFT_display_image) for TFT_display_image
    main.o(i.main) refers to st7789.o(i.TFT_display_en16_32) for TFT_display_en16_32
    main.o(i.main) refers to st7789.o(i.TFT_display_en_string8_16) for TFT_display_en_string8_16
    main.o(i.main) refers to wifi.o(i.Wifi_Quit) for Wifi_Quit
    main.o(i.main) refers to wifi.o(i.Wifi_GetTime) for Wifi_GetTime
    main.o(i.main) refers to wifi.o(i.ParseTimestamp) for ParseTimestamp
    main.o(i.main) refers to localtime.o(.text) for localtime
    main.o(i.main) refers to rtc.o(i.rtc_set_timestamp) for rtc_set_timestamp
    main.o(i.main) refers to st7789.o(i.TFT_display_16_32) for TFT_display_16_32
    main.o(i.main) refers to rtc.o(i.rtc_get_date) for rtc_get_date
    main.o(i.main) refers to main.o(i.timer_elapsed_callback) for timer_elapsed_callback
    main.o(i.main) refers to main.o(.data) for runms
    main.o(i.main) refers to wifi.o(.bss) for g_city
    main.o(i.main) refers to font.o(.constdata) for font_shen_32x32
    main.o(i.main) refers to main.o(.constdata) for duoyun_map
    main.o(i.main) refers to wifi.o(.data) for g_temperature
    main.o(i.timer_elapsed_callback) refers to main.o(.data) for runms
    delay.o(i.delay_ms) refers to delay.o(i.delay_us) for delay_us
    delay.o(i.delay_s) refers to delay.o(i.delay_ms) for delay_ms
    usart.o(i.USART1_IRQHandler) refers to stm32f10x_usart.o(i.USART_GetITStatus) for USART_GetITStatus
    usart.o(i.USART1_IRQHandler) refers to stm32f10x_usart.o(i.USART_ReceiveData) for USART_ReceiveData
    usart.o(i.USART1_IRQHandler) refers to usart.o(.data) for USART_RX_STA
    usart.o(i.USART1_IRQHandler) refers to usart.o(.bss) for USART_RX_BUF
    usart.o(i.uart_init) refers to stm32f10x_rcc.o(i.RCC_APB2PeriphClockCmd) for RCC_APB2PeriphClockCmd
    usart.o(i.uart_init) refers to stm32f10x_gpio.o(i.GPIO_Init) for GPIO_Init
    usart.o(i.uart_init) refers to misc.o(i.NVIC_Init) for NVIC_Init
    usart.o(i.uart_init) refers to stm32f10x_usart.o(i.USART_Init) for USART_Init
    usart.o(i.uart_init) refers to stm32f10x_usart.o(i.USART_ITConfig) for USART_ITConfig
    usart.o(i.uart_init) refers to stm32f10x_usart.o(i.USART_Cmd) for USART_Cmd
    usart2.o(i.TIM4_IRQHandler) refers to stm32f10x_tim.o(i.TIM_GetITStatus) for TIM_GetITStatus
    usart2.o(i.TIM4_IRQHandler) refers to stm32f10x_tim.o(i.TIM_ClearITPendingBit) for TIM_ClearITPendingBit
    usart2.o(i.TIM4_IRQHandler) refers to usart2.o(i.TIM4_Set) for TIM4_Set
    usart2.o(i.TIM4_IRQHandler) refers to usart2.o(.data) for USART2_RX_STA
    usart2.o(i.TIM4_Init) refers to stm32f10x_rcc.o(i.RCC_APB1PeriphClockCmd) for RCC_APB1PeriphClockCmd
    usart2.o(i.TIM4_Init) refers to stm32f10x_tim.o(i.TIM_TimeBaseInit) for TIM_TimeBaseInit
    usart2.o(i.TIM4_Init) refers to stm32f10x_tim.o(i.TIM_ITConfig) for TIM_ITConfig
    usart2.o(i.TIM4_Init) refers to misc.o(i.NVIC_Init) for NVIC_Init
    usart2.o(i.TIM4_Set) refers to stm32f10x_tim.o(i.TIM_SetCounter) for TIM_SetCounter
    usart2.o(i.TIM4_Set) refers to stm32f10x_tim.o(i.TIM_Cmd) for TIM_Cmd
    usart2.o(i.USART2_IRQHandler) refers to stm32f10x_usart.o(i.USART_GetITStatus) for USART_GetITStatus
    usart2.o(i.USART2_IRQHandler) refers to stm32f10x_usart.o(i.USART_ReceiveData) for USART_ReceiveData
    usart2.o(i.USART2_IRQHandler) refers to stm32f10x_tim.o(i.TIM_SetCounter) for TIM_SetCounter
    usart2.o(i.USART2_IRQHandler) refers to usart2.o(i.TIM4_Set) for TIM4_Set
    usart2.o(i.USART2_IRQHandler) refers to usart2.o(.data) for USART2_RX_STA
    usart2.o(i.USART2_IRQHandler) refers to usart2.o(.bss) for USART2_RX_BUF
[...]
    Removing stm32f10x_dma.o(i.DMA_ITConfig), (18 bytes).
    Removing stm32f10x_dma.o(i.DMA_Init), (60 bytes).
    Removing stm32f10x_dma.o(i.DMA_SetCurrDataCounter), (4 bytes).
    Removing stm32f10x_dma.o(i.DMA_StructInit), (26 bytes).
    Removing stm32f10x_exti.o(i.EXTI_ClearFlag), (12 bytes).
    Removing stm32f10x_exti.o(i.EXTI_ClearITPendingBit), (12 bytes).
    Removing stm32f10x_exti.o(i.EXTI_DeInit), (36 bytes).
    Removing stm32f10x_exti.o(i.EXTI_GenerateSWInterrupt), (16 bytes).
    Removing stm32f10x_exti.o(i.EXTI_GetFlagStatus), (24 bytes).
    Removing stm32f10x_exti.o(i.EXTI_GetITStatus), (40 bytes).
    Removing stm32f10x_exti.o(i.EXTI_Init), (148 bytes).
    Removing stm32f10x_exti.o(i.EXTI_StructInit), (16 bytes).
    Removing stm32f10x_flash.o(i.FLASH_ClearFlag), (12 bytes).
    Removing stm32f10x_flash.o(i.FLASH_EnableWriteProtection), (196 bytes).
    Removing stm32f10x_flash.o(i.FLASH_EraseAllBank1Pages), (72 bytes).
    Removing stm32f10x_flash.o(i.FLASH_EraseAllPages), (72 bytes).
    Removing stm32f10x_flash.o(i.FLASH_EraseOptionBytes), (168 bytes).
    Removing stm32f10x_flash.o(i.FLASH_ErasePage), (76 bytes).
    Removing stm32f10x_flash.o(i.FLASH_GetBank1Status), (52 bytes).
    Removing stm32f10x_flash.o(i.FLASH_GetFlagStatus), (48 bytes).
    Removing stm32f10x_flash.o(i.FLASH_GetPrefetchBufferStatus), (24 bytes).
    Removing stm32f10x_flash.o(i.FLASH_GetReadOutProtectionStatus), (24 bytes).
    Removing stm32f10x_flash.o(i.FLASH_GetStatus), (52 bytes).
    Removing stm32f10x_flash.o(i.FLASH_GetUserOptionByte), (12 bytes).
    Removing stm32f10x_flash.o(i.FLASH_GetWriteProtectionOptionByte), (12 bytes).
    Removing stm32f10x_flash.o(i.FLASH_HalfCycleAccessCmd), (28 bytes).
    Removing stm32f10x_flash.o(i.FLASH_ITConfig), (32 bytes).
    Removing stm32f10x_flash.o(i.FLASH_Lock), (20 bytes).
    Removing stm32f10x_flash.o(i.FLASH_LockBank1), (20 bytes).
    Removing stm32f10x_flash.o(i.FLASH_PrefetchBufferCmd), (28 bytes).
    Removing stm32f10x_flash.o(i.FLASH_ProgramHalfWord), (64 bytes).
    Removing stm32f10x_flash.o(i.FLASH_ProgramOptionByteData), (84 bytes).
    Removing stm32f10x_flash.o(i.FLASH_ProgramWord), (108 bytes).
    Removing stm32f10x_flash.o(i.FLASH_ReadOutProtection), (172 bytes).
    Removing stm32f10x_flash.o(i.FLASH_SetLatency), (24 bytes).
    Removing stm32f10x_flash.o(i.FLASH_Unlock), (24 bytes).
    Removing stm32f10x_flash.o(i.FLASH_UnlockBank1), (24 bytes).
    Removing stm32f10x_flash.o(i.FLASH_UserOptionByteConfig), (104 bytes).
    Removing stm32f10x_flash.o(i.FLASH_WaitForLastBank1Operation), (38 bytes).
    Removing stm32f10x_flash.o(i.FLASH_WaitForLastOperation), (38 bytes).
    Removing stm32f10x_fsmc.o(i.FSMC_ClearFlag), (64 bytes).
    Removing stm32f10x_fsmc.o(i.FSMC_ClearITPendingBit), (72 bytes).
    Removing stm32f10x_fsmc.o(i.FSMC_GetECC), (28 bytes).
    Removing stm32f10x_fsmc.o(i.FSMC_GetFlagStatus), (56 bytes).
    Removing stm32f10x_fsmc.o(i.FSMC_GetITStatus), (68 bytes).
    Removing stm32f10x_fsmc.o(i.FSMC_ITConfig), (128 bytes).
    Removing stm32f10x_fsmc.o(i.FSMC_NANDCmd), (92 bytes).
    Removing stm32f10x_fsmc.o(i.FSMC_NANDDeInit), (68 bytes).
    Removing stm32f10x_fsmc.o(i.FSMC_NANDECCCmd), (92 bytes).
    Removing stm32f10x_fsmc.o(i.FSMC_NANDInit), (136 bytes).
    Removing stm32f10x_fsmc.o(i.FSMC_NANDStructInit), (54 bytes).
    Removing stm32f10x_fsmc.o(i.FSMC_NORSRAMCmd), (52 bytes).
    Removing stm32f10x_fsmc.o(i.FSMC_NORSRAMDeInit), (54 bytes).
    Removing stm32f10x_fsmc.o(i.FSMC_NORSRAMInit), (230 bytes).
    Removing stm32f10x_fsmc.o(i.FSMC_NORSRAMStructInit), (114 bytes).
    Removing stm32f10x_fsmc.o(i.FSMC_PCCARDCmd), (48 bytes).
    Removing stm32f10x_fsmc.o(i.FSMC_PCCARDDeInit), (40 bytes).
    Removing stm32f10x_fsmc.o(i.FSMC_PCCARDInit), (132 bytes).
    Removing stm32f10x_fsmc.o(i.FSMC_PCCARDStructInit), (60 bytes).
    Removing stm32f10x_gpio.o(i.GPIO_AFIODeInit), (20 bytes).
    Removing stm32f10x_gpio.o(i.GPIO_DeInit), (200 bytes).
    Removing stm32f10x_gpio.o(i.GPIO_ETH_MediaInterfaceConfig), (12 bytes).
    Removing stm32f10x_gpio.o(i.GPIO_EXTILineConfig), (64 bytes).
    Removing stm32f10x_gpio.o(i.GPIO_EventOutputCmd), (12 bytes).
    Removing stm32f10x_gpio.o(i.GPIO_EventOutputConfig), (32 bytes).
    Removing stm32f10x_gpio.o(i.GPIO_PinLockConfig), (18 bytes).
    Removing stm32f10x_gpio.o(i.GPIO_PinRemapConfig), (144 bytes).
    Removing stm32f10x_gpio.o(i.GPIO_ReadInputData), (8 bytes).
    Removing stm32f10x_gpio.o(i.GPIO_ReadInputDataBit), (18 bytes).
    Removing stm32f10x_gpio.o(i.GPIO_ReadOutputData), (8 bytes).
    Removing stm32f10x_gpio.o(i.GPIO_ReadOutputDataBit), (18 bytes).
    Removing stm32f10x_gpio.o(i.GPIO_StructInit), (16 bytes).
    Removing stm32f10x_gpio.o(i.GPIO_Write), (4 bytes).
    Removing stm32f10x_gpio.o(i.GPIO_WriteBit), (10 bytes).
    Removing stm32f10x_i2c.o(i.I2C_ARPCmd), (24 bytes).
    Removing stm32f10x_i2c.o(i.I2C_AcknowledgeConfig), (24 bytes).
    Removing stm32f10x_i2c.o(i.I2C_CalculatePEC), (24 bytes).
    Removing stm32f10x_i2c.o(i.I2C_CheckEvent), (42 bytes).
    Removing stm32f10x_i2c.o(i.I2C_ClearFlag), (12 bytes).
    Removing stm32f10x_i2c.o(i.I2C_ClearITPendingBit), (12 bytes).
    Removing stm32f10x_i2c.o(i.I2C_Cmd), (24 bytes).
    Removing stm32f10x_i2c.o(i.I2C_DMACmd), (24 bytes).
    Removing stm32f10x_i2c.o(i.I2C_DMALastTransferCmd), (24 bytes).
    Removing stm32f10x_i2c.o(i.I2C_DeInit), (56 bytes).
    Removing stm32f10x_i2c.o(i.I2C_DualAddressCmd), (24 bytes).
    Removing stm32f10x_i2c.o(i.I2C_FastModeDutyCycleConfig), (28 bytes).
    Removing stm32f10x_i2c.o(i.I2C_GeneralCallCmd), (24 bytes).
    Removing stm32f10x_i2c.o(i.I2C_GenerateSTART), (24 bytes).
    Removing stm32f10x_i2c.o(i.I2C_GenerateSTOP), (24 bytes).
    Removing stm32f10x_i2c.o(i.I2C_GetFlagStatus), (58 bytes).
    Removing stm32f10x_i2c.o(i.I2C_GetITStatus), (38 bytes).
    Removing stm32f10x_i2c.o(i.I2C_GetLastEvent), (26 bytes).
    Removing stm32f10x_i2c.o(i.I2C_GetPEC), (8 bytes).
    Removing stm32f10x_i2c.o(i.I2C_ITConfig), (18 bytes).
    Removing stm32f10x_i2c.o(i.I2C_Init), (236 bytes).
    Removing stm32f10x_i2c.o(i.I2C_NACKPositionConfig), (28 bytes).
    Removing stm32f10x_i2c.o(i.I2C_OwnAddress2Config), (22 bytes).
    Removing stm32f10x_i2c.o(i.I2C_PECPositionConfig), (28 bytes).
    Removing stm32f10x_i2c.o(i.I2C_ReadRegister), (22 bytes).
    Removing stm32f10x_i2c.o(i.I2C_ReceiveData), (8 bytes).
    Removing stm32f10x_i2c.o(i.I2C_SMBusAlertConfig), (28 bytes).
    Removing stm32f10x_i2c.o(i.I2C_Send7bitAddress), (18 bytes).
    Removing stm32f10x_i2c.o(i.I2C_SendData), (4 bytes).
    Removing stm32f10x_i2c.o(i.I2C_SoftwareResetCmd), (22 bytes).
    Removing stm32f10x_i2c.o(i.I2C_StretchClockCmd), (24 bytes).
    Removing stm32f10x_i2c.o(i.I2C_StructInit), (30 bytes).
    Removing stm32f10x_i2c.o(i.I2C_TransmitPEC), (24 bytes).
    Removing stm32f10x_iwdg.o(i.IWDG_Enable), (16 bytes).
    Removing stm32f10x_iwdg.o(i.IWDG_GetFlagStatus), (24 bytes).
    Removing stm32f10x_iwdg.o(i.IWDG_ReloadCounter), (16 bytes).
    Removing stm32f10x_iwdg.o(i.IWDG_SetPrescaler), (12 bytes).
    Removing stm32f10x_iwdg.o(i.IWDG_SetReload), (12 bytes).
    Removing stm32f10x_iwdg.o(i.IWDG_WriteAccessCmd), (12 bytes).
    Removing stm32f10x_pwr.o(i.PWR_ClearFlag), (20 bytes).
    Removing stm32f10x_pwr.o(i.PWR_DeInit), (22 bytes).
    Removing stm32f10x_pwr.o(i.PWR_EnterSTANDBYMode), (40 bytes).
    Removing stm32f10x_pwr.o(i.PWR_EnterSTOPMode), (64 bytes).
    Removing stm32f10x_pwr.o(i.PWR_GetFlagStatus), (24 bytes).
    Removing stm32f10x_pwr.o(i.PWR_PVDCmd), (12 bytes).
    Removing stm32f10x_pwr.o(i.PWR_PVDLevelConfig), (24 bytes).
    Removing stm32f10x_pwr.o(i.PWR_WakeUpPinCmd), (12 bytes).
    Removing stm32f10x_rcc.o(i.RCC_ADCCLKConfig), (24 bytes).
    Removing stm32f10x_rcc.o(i.RCC_AHBPeriphClockCmd), (32 bytes).
    Removing stm32f10x_rcc.o(i.RCC_AdjustHSICalibrationValue), (24 bytes).
    Removing stm32f10x_rcc.o(i.RCC_BackupResetCmd), (12 bytes).
    Removing stm32f10x_rcc.o(i.RCC_ClearFlag), (20 bytes).
    Removing stm32f10x_rcc.o(i.RCC_ClearITPendingBit), (12 bytes).
    Removing stm32f10x_rcc.o(i.RCC_ClockSecuritySystemCmd), (12 bytes).
    Removing stm32f10x_rcc.o(i.RCC_DeInit), (76 bytes).
    Removing stm32f10x_rcc.o(i.RCC_GetITStatus), (24 bytes).
    Removing stm32f10x_rcc.o(i.RCC_GetSYSCLKSource), (16 bytes).
    Removing stm32f10x_rcc.o(i.RCC_HCLKConfig), (24 bytes).
    Removing stm32f10x_rcc.o(i.RCC_HSEConfig), (76 bytes).
    Removing stm32f10x_rcc.o(i.RCC_HSICmd), (12 bytes).
    Removing stm32f10x_rcc.o(i.RCC_ITConfig), (32 bytes).
    Removing stm32f10x_rcc.o(i.RCC_LSICmd), (12 bytes).
    Removing stm32f10x_rcc.o(i.RCC_MCOConfig), (12 bytes).
    Removing stm32f10x_rcc.o(i.RCC_PCLK1Config), (24 bytes).
    Removing stm32f10x_rcc.o(i.RCC_PCLK2Config), (24 bytes).
    Removing stm32f10x_rcc.o(i.RCC_PLLCmd), (12 bytes).
    Removing stm32f10x_rcc.o(i.RCC_PLLConfig), (28 bytes).
    Removing stm32f10x_rcc.o(i.RCC_SYSCLKConfig), (24 bytes).
    Removing stm32f10x_rcc.o(i.RCC_USBCLKConfig), (12 bytes).
    Removing stm32f10x_rcc.o(i.RCC_WaitForHSEStartUp), (56 bytes).
    Removing stm32f10x_rtc.o(i.RTC_ClearFlag), (16 bytes).
    Removing stm32f10x_rtc.o(i.RTC_ClearITPendingBit), (16 bytes).
    Removing stm32f10x_rtc.o(i.RTC_GetDivider), (24 bytes).
    Removing stm32f10x_rtc.o(i.RTC_GetFlagStatus), (24 bytes).
    Removing stm32f10x_rtc.o(i.RTC_GetITStatus), (36 bytes).
    Removing stm32f10x_rtc.o(i.RTC_ITConfig), (32 bytes).
    Removing stm32f10x_rtc.o(i.RTC_SetAlarm), (28 bytes).
    Removing stm32f10x_sdio.o(i.SDIO_CEATAITCmd), (16 bytes).
    Removing stm32f10x_sdio.o(i.SDIO_ClearFlag), (12 bytes).
    Removing stm32f10x_sdio.o(i.SDIO_ClearITPendingBit), (12 bytes).
    Removing stm32f10x_sdio.o(i.SDIO_ClockCmd), (12 bytes).
    Removing stm32f10x_sdio.o(i.SDIO_CmdStructInit), (14 bytes).
    Removing stm32f10x_sdio.o(i.SDIO_CommandCompletionCmd), (12 bytes).
    Removing stm32f10x_sdio.o(i.SDIO_DMACmd), (12 bytes).
    Removing stm32f10x_sdio.o(i.SDIO_DataConfig), (48 bytes).
    Removing stm32f10x_sdio.o(i.SDIO_DataStructInit), (20 bytes).
    Removing stm32f10x_sdio.o(i.SDIO_DeInit), (36 bytes).
    Removing stm32f10x_sdio.o(i.SDIO_GetCommandResponse), (12 bytes).
    Removing stm32f10x_sdio.o(i.SDIO_GetDataCounter), (12 bytes).
    Removing stm32f10x_sdio.o(i.SDIO_GetFIFOCount), (12 bytes).
    Removing stm32f10x_sdio.o(i.SDIO_GetFlagStatus), (24 bytes).
    Removing stm32f10x_sdio.o(i.SDIO_GetITStatus), (24 bytes).
    Removing stm32f10x_sdio.o(i.SDIO_GetPowerState), (16 bytes).
    Removing stm32f10x_sdio.o(i.SDIO_GetResponse), (24 bytes).
    Removing stm32f10x_sdio.o(i.SDIO_ITConfig), (32 bytes).
    Removing stm32f10x_sdio.o(i.SDIO_Init), (48 bytes).
    Removing stm32f10x_sdio.o(i.SDIO_ReadData), (12 bytes).
    Removing stm32f10x_sdio.o(i.SDIO_SendCEATACmd), (12 bytes).
    Removing stm32f10x_sdio.o(i.SDIO_SendCommand), (44 bytes).
    Removing stm32f10x_sdio.o(i.SDIO_SendSDIOSuspendCmd), (12 bytes).
    Removing stm32f10x_sdio.o(i.SDIO_SetPowerState), (12 bytes).
    Removing stm32f10x_sdio.o(i.SDIO_SetSDIOOperation), (12 bytes).
    Removing stm32f10x_sdio.o(i.SDIO_SetSDIOReadWaitMode), (12 bytes).
    Removing stm32f10x_sdio.o(i.SDIO_StartSDIOReadWait), (12 bytes).
    Removing stm32f10x_sdio.o(i.SDIO_StopSDIOReadWait), (12 bytes).
    Removing stm32f10x_sdio.o(i.SDIO_StructInit), (16 bytes).
    Removing stm32f10x_sdio.o(i.SDIO_WriteData), (12 bytes).
    Removing stm32f10x_spi.o(i.I2S_Cmd), (24 bytes).
    Removing stm32f10x_spi.o(i.I2S_Init), (232 bytes).
    Removing stm32f10x_spi.o(i.I2S_StructInit), (20 bytes).
    Removing stm32f10x_spi.o(i.SPI_BiDirectionalLineConfig), (28 bytes).
    Removing stm32f10x_spi.o(i.SPI_CalculateCRC), (24 bytes).
    Removing stm32f10x_spi.o(i.SPI_Cmd), (24 bytes).
    Removing stm32f10x_spi.o(i.SPI_DataSizeConfig), (18 bytes).
    Removing stm32f10x_spi.o(i.SPI_GetCRC), (16 bytes).
    Removing stm32f10x_spi.o(i.SPI_GetCRCPolynomial), (6 bytes).
    Removing stm32f10x_spi.o(i.SPI_I2S_ClearFlag), (6 bytes).
    Removing stm32f10x_spi.o(i.SPI_I2S_ClearITPendingBit), (20 bytes).
    Removing stm32f10x_spi.o(i.SPI_I2S_DMACmd), (18 bytes).
    Removing stm32f10x_spi.o(i.SPI_I2S_DeInit), (88 bytes).
    Removing stm32f10x_spi.o(i.SPI_I2S_GetFlagStatus), (18 bytes).
    Removing stm32f10x_spi.o(i.SPI_I2S_GetITStatus), (52 bytes).
    Removing stm32f10x_spi.o(i.SPI_I2S_ITConfig), (32 bytes).
    Removing stm32f10x_spi.o(i.SPI_I2S_ReceiveData), (6 bytes).
    Removing stm32f10x_spi.o(i.SPI_I2S_SendData), (4 bytes).
    Removing stm32f10x_spi.o(i.SPI_Init), (60 bytes).
    Removing stm32f10x_spi.o(i.SPI_NSSInternalSoftwareConfig), (30 bytes).
    Removing stm32f10x_spi.o(i.SPI_SSOutputCmd), (24 bytes).
    Removing stm32f10x_spi.o(i.SPI_StructInit), (24 bytes).
    Removing stm32f10x_spi.o(i.SPI_TransmitCRC), (10 bytes).
    Removing stm32f10x_tim.o(i.TI1_Config), (128 bytes).
    Removing stm32f10x_tim.o(i.TI2_Config), (152 bytes).
    Removing stm32f10x_tim.o(i.TI3_Config), (144 bytes).
    Removing stm32f10x_tim.o(i.TI4_Config), (152 bytes).
    Removing stm32f10x_tim.o(i.TIM_ARRPreloadConfig), (24 bytes).
    Removing stm32f10x_tim.o(i.TIM_BDTRConfig), (32 bytes).
    Removing stm32f10x_tim.o(i.TIM_BDTRStructInit), (18 bytes).
    Removing stm32f10x_tim.o(i.TIM_CCPreloadControl), (24 bytes).
    Removing stm32f10x_tim.o(i.TIM_CCxCmd), (30 bytes).
    Removing stm32f10x_tim.o(i.TIM_CCxNCmd), (30 bytes).
    Removing stm32f10x_tim.o(i.TIM_ClearFlag), (6 bytes).
    Removing stm32f10x_tim.o(i.TIM_ClearOC1Ref), (18 bytes).
    Removing stm32f10x_tim.o(i.TIM_ClearOC2Ref), (24 bytes).
    Removing stm32f10x_tim.o(i.TIM_ClearOC3Ref), (18 bytes).
    Removing stm32f10x_tim.o(i.TIM_ClearOC4Ref), (24 bytes).
    Removing stm32f10x_tim.o(i.TIM_CounterModeConfig), (18 bytes).
    Removing stm32f10x_tim.o(i.TIM_CtrlPWMOutputs), (30 bytes).
    Removing stm32f10x_tim.o(i.TIM_DMACmd), (18 bytes).
    Removing stm32f10x_tim.o(i.TIM_DMAConfig), (10 bytes).
    Removing stm32f10x_tim.o(i.TIM_DeInit), (488 bytes).
    Removing stm32f10x_tim.o(i.TIM_ETRClockMode1Config), (54 bytes).
    Removing stm32f10x_tim.o(i.TIM_ETRClockMode2Config), (32 bytes).
    Removing stm32f10x_tim.o(i.TIM_ETRConfig), (28 bytes).
    Removing stm32f10x_tim.o(i.TIM_EncoderInterfaceConfig), (66 bytes).
    Removing stm32f10x_tim.o(i.TIM_ForcedOC1Config), (18 bytes).
    Removing stm32f10x_tim.o(i.TIM_ForcedOC2Config), (26 bytes).
    Removing stm32f10x_tim.o(i.TIM_ForcedOC3Config), (18 bytes).
    Removing stm32f10x_tim.o(i.TIM_ForcedOC4Config), (26 bytes).
    Removing stm32f10x_tim.o(i.TIM_GenerateEvent), (4 bytes).
    Removing stm32f10x_tim.o(i.TIM_GetCapture1), (6 bytes).
    Removing stm32f10x_tim.o(i.TIM_GetCapture2), (6 bytes).
    Removing stm32f10x_tim.o(i.TIM_GetCapture3), (6 bytes).
    Removing stm32f10x_tim.o(i.TIM_GetCapture4), (8 bytes).
    Removing stm32f10x_tim.o(i.TIM_GetCounter), (6 bytes).
    Removing stm32f10x_tim.o(i.TIM_GetFlagStatus), (18 bytes).
    Removing stm32f10x_tim.o(i.TIM_GetPrescaler), (6 bytes).
    Removing stm32f10x_tim.o(i.TIM_ICInit), (172 bytes).
    Removing stm32f10x_tim.o(i.TIM_ICStructInit), (18 bytes).
    Removing stm32f10x_tim.o(i.TIM_ITRxExternalClockConfig), (24 bytes).
    Removing stm32f10x_tim.o(i.TIM_InternalClockConfig), (12 bytes).
    Removing stm32f10x_tim.o(i.TIM_OC1FastConfig), (18 bytes).
    Removing stm32f10x_tim.o(i.TIM_OC1Init), (152 bytes).
    Removing stm32f10x_tim.o(i.TIM_OC1NPolarityConfig), (18 bytes).
    Removing stm32f10x_tim.o(i.TIM_OC1PolarityConfig), (18 bytes).
    Removing stm32f10x_tim.o(i.TIM_OC1PreloadConfig), (18 bytes).
    Removing stm32f10x_tim.o(i.TIM_OC2FastConfig), (26 bytes).
    Removing stm32f10x_tim.o(i.TIM_OC2Init), (164 bytes).
    Removing stm32f10x_tim.o(i.TIM_OC2NPolarityConfig), (26 bytes).
    Removing stm32f10x_tim.o(i.TIM_OC2PolarityConfig), (26 bytes).
    Removing stm32f10x_tim.o(i.TIM_OC2PreloadConfig), (26 bytes).
    Removing stm32f10x_tim.o(i.TIM_OC3FastConfig), (18 bytes).
    Removing stm32f10x_tim.o(i.TIM_OC3Init), (160 bytes).
    Removing stm32f10x_tim.o(i.TIM_OC3NPolarityConfig), (26 bytes).
    Removing stm32f10x_tim.o(i.TIM_OC3PolarityConfig), (26 bytes).
    Removing stm32f10x_tim.o(i.TIM_OC3PreloadConfig), (18 bytes).
    Removing stm32f10x_tim.o(i.TIM_OC4FastConfig), (26 bytes).
    Removing stm32f10x_tim.o(i.TIM_OC4Init), (124 bytes).
    Removing stm32f10x_tim.o(i.TIM_OC4PolarityConfig), (26 bytes).
    Removing stm32f10x_tim.o(i.TIM_OC4PreloadConfig), (26 bytes).
    Removing stm32f10x_tim.o(i.TIM_OCStructInit), (20 bytes).
    Removing stm32f10x_tim.o(i.TIM_PWMIConfig), (124 bytes).
    Removing stm32f10x_tim.o(i.TIM_PrescalerConfig), (6 bytes).
    Removing stm32f10x_tim.o(i.TIM_SelectCCDMA), (24 bytes).
    Removing stm32f10x_tim.o(i.TIM_SelectCOM), (24 bytes).
    Removing stm32f10x_tim.o(i.TIM_SelectHallSensor), (24 bytes).
    Removing stm32f10x_tim.o(i.TIM_SelectInputTrigger), (18 bytes).
    Removing stm32f10x_tim.o(i.TIM_SelectMasterSlaveMode), (18 bytes).
    Removing stm32f10x_tim.o(i.TIM_SelectOCxM), (82 bytes).
    Removing stm32f10x_tim.o(i.TIM_SelectOnePulseMode), (18 bytes).
    Removing stm32f10x_tim.o(i.TIM_SelectOutputTrigger), (18 bytes).
    Removing stm32f10x_tim.o(i.TIM_SelectSlaveMode), (18 bytes).
    Removing stm32f10x_tim.o(i.TIM_SetAutoreload), (4 bytes).
    Removing stm32f10x_tim.o(i.TIM_SetClockDivision), (18 bytes).
    Removing stm32f10x_tim.o(i.TIM_SetCompare1), (4 bytes).
    Removing stm32f10x_tim.o(i.TIM_SetCompare2), (4 bytes).
    Removing stm32f10x_tim.o(i.TIM_SetCompare3), (4 bytes).
    Removing stm32f10x_tim.o(i.TIM_SetCompare4), (6 bytes).
    Removing stm32f10x_tim.o(i.TIM_SetIC1Prescaler), (18 bytes).
    Removing stm32f10x_tim.o(i.TIM_SetIC2Prescaler), (26 bytes).
    Removing stm32f10x_tim.o(i.TIM_SetIC3Prescaler), (18 bytes).
    Removing stm32f10x_tim.o(i.TIM_SetIC4Prescaler), (26 bytes).
    Removing stm32f10x_tim.o(i.TIM_TIxExternalClockConfig), (62 bytes).
    Removing stm32f10x_tim.o(i.TIM_TimeBaseStructInit), (18 bytes).
    Removing stm32f10x_tim.o(i.TIM_UpdateDisableConfig), (24 bytes).
    Removing stm32f10x_tim.o(i.TIM_UpdateRequestConfig), (24 bytes).
    Removing stm32f10x_usart.o(i.USART_ClearFlag), (18 bytes).
    Removing stm32f10x_usart.o(i.USART_ClearITPendingBit), (30 bytes).
    Removing stm32f10x_usart.o(i.USART_ClockInit), (34 bytes).
    Removing stm32f10x_usart.o(i.USART_ClockStructInit), (12 bytes).
    Removing stm32f10x_usart.o(i.USART_DMACmd), (18 bytes).
    Removing stm32f10x_usart.o(i.USART_GetFlagStatus), (26 bytes).
    Removing stm32f10x_usart.o(i.USART_HalfDuplexCmd), (24 bytes).
    Removing stm32f10x_usart.o(i.USART_IrDACmd), (24 bytes).
    Removing stm32f10x_usart.o(i.USART_IrDAConfig), (18 bytes).
    Removing stm32f10x_usart.o(i.USART_LINBreakDetectLengthConfig), (18 bytes).
    Removing stm32f10x_usart.o(i.USART_LINCmd), (24 bytes).
    Removing stm32f10x_usart.o(i.USART_OneBitMethodCmd), (24 bytes).
    Removing stm32f10x_usart.o(i.USART_OverSampling8Cmd), (22 bytes).
    Removing stm32f10x_usart.o(i.USART_ReceiverWakeUpCmd), (24 bytes).
    Removing stm32f10x_usart.o(i.USART_SendBreak), (10 bytes).
    Removing stm32f10x_usart.o(i.USART_SendData), (8 bytes).
    Removing stm32f10x_usart.o(i.USART_SetAddress), (18 bytes).
    Removing stm32f10x_usart.o(i.USART_SetGuardTime), (16 bytes).
    Removing stm32f10x_usart.o(i.USART_SetPrescaler), (16 bytes).
    Removing stm32f10x_usart.o(i.USART_SmartCardCmd), (24 bytes).
    Removing stm32f10x_usart.o(i.USART_SmartCardNACKCmd), (24 bytes).
    Removing stm32f10x_usart.o(i.USART_StructInit), (24 bytes).
    Removing stm32f10x_usart.o(i.USART_WakeUpConfig), (18 bytes).
    Removing stm32f10x_wwdg.o(i.WWDG_ClearFlag), (12 bytes).
    Removing stm32f10x_wwdg.o(i.WWDG_DeInit), (22 bytes).
    Removing stm32f10x_wwdg.o(i.WWDG_Enable), (16 bytes).
    Removing stm32f10x_wwdg.o(i.WWDG_EnableIT), (12 bytes).
    Removing stm32f10x_wwdg.o(i.WWDG_GetFlagStatus), (12 bytes).
    Removing stm32f10x_wwdg.o(i.WWDG_SetCounter), (16 bytes).
    Removing stm32f10x_wwdg.o(i.WWDG_SetPrescaler), (24 bytes).
    Removing stm32f10x_wwdg.o(i.WWDG_SetWindowValue), (40 bytes).

455 unused section(s) (total 18588 bytes) removed from the image.

==============================================================================

Image Symbol Table

    Local Symbols

    Symbol Name                              Value     Ov Type        Size  Object(Section)

    ../clib/microlib/ctype/ctype.c           0x00000000   Number         0  ctype_o.o ABSOLUTE
    ../clib/microlib/ctype/ctype.c           0x00000000   Number         0  isdigit_o.o ABSOLUTE
    ../clib/microlib/ctype/ctype.c           0x00000000   Number         0  isalnum_o.o ABSOLUTE
    ../clib/microlib/ctype/ctype.c           0x00000000   Number         0  islower_o.o ABSOLUTE
    ../clib/microlib/ctype/ctype.c           0x00000000   Number         0  isprint_o.o ABSOLUTE
    ../clib/microlib/ctype/ctype.c           0x00000000   Number         0  isgraph_o.o ABSOLUTE
    ../clib/microlib/ctype/ctype.c           0x00000000   Number         0  isalpha_o.o ABSOLUTE
    ../clib/microlib/ctype/ctype.c           0x00000000   Number         0  isblank_o.o ABSOLUTE
    ../clib/microlib/ctype/ctype.c           0x00000000   Number         0  isxdigit_o.o ABSOLUTE
    ../clib/microlib/ctype/ctype.c           0x00000000   Number         0  iscntrl_o.o ABSOLUTE
    ../clib/microlib/ctype/ctype.c           0x00000000   Number         0  isupper_o.o ABSOLUTE
    ../clib/microlib/ctype/ctype.c           0x00000000   Number         0  isspace_o.o ABSOLUTE
    ../clib/microlib/ctype/ctype.c           0x00000000   Number         0  ispunct_o.o ABSOLUTE
    ../clib/microlib/division.c              0x00000000   Number         0  uidiv.o ABSOLUTE
    ../clib/microlib/division.c              0x00000000   Number         0  uldiv.o ABSOLUTE
    ../clib/microlib/errno.c                 0x00000000   Number         0  errno.o ABSOLUTE
    ../clib/microlib/init/entry.s            0x00000000   Number         0  entry2.o ABSOLUTE
    ../clib/microlib/init/entry.s            0x00000000   Number         0  entry.o ABSOLUTE
    ../clib/microlib/init/entry.s            0x00000000   Number         0  entry5.o ABSOLUTE
    ../clib/microlib/init/entry.s            0x00000000   Number         0  entry7a.o ABSOLUTE
    ../clib/microlib/init/entry.s            0x00000000   Number         0  entry8b.o ABSOLUTE
    ../clib/microlib/init/entry.s            0x00000000   Number         0  entry9a.o ABSOLUTE
    ../clib/microlib/init/entry.s            0x00000000   Number         0  entry9b.o ABSOLUTE
    ../clib/microlib/init/entry.s            0x00000000   Number         0  entry10a.o ABSOLUTE
    ../clib/microlib/init/entry.s            0x00000000   Number         0  entry10b.o ABSOLUTE
    ../clib/microlib/init/entry.s            0x00000000   Number         0  entry11a.o ABSOLUTE
    ../clib/microlib/init/entry.s            0x00000000   Number         0  entry8a.o ABSOLUTE
    ../clib/microlib/init/entry.s            0x00000000   Number         0  entry11b.o ABSOLUTE
    ../clib/microlib/init/entry.s            0x00000000   Number         0  entry7b.o ABSOLUTE
    ../clib/microlib/longlong.c              0x00000000   Number         0  llsshr.o ABSOLUTE
    ../clib/microlib/longlong.c              0x00000000   Number         0  llshl.o ABSOLUTE
    ../clib/microlib/longlong.c              0x00000000   Number         0  llushr.o ABSOLUTE
    ../clib/microlib/printf/printf.c         0x00000000   Number         0  printfa.o ABSOLUTE
    ../clib/microlib/printf/printf.c         0x00000000   Number         0  printf8.o ABSOLUTE
    ../clib/microlib/printf/printf.c         0x00000000   Number         0  printf7.o ABSOLUTE
    ../clib/microlib/printf/printf.c         0x00000000   Number         0  printf6.o ABSOLUTE
    ../clib/microlib/printf/printf.c         0x00000000   Number         0  printf5.o ABSOLUTE
    ../clib/microlib/printf/printf.c         0x00000000   Number         0  printf4.o ABSOLUTE
    ../clib/microlib/printf/printf.c         0x00000000   Number         0  printf3.o ABSOLUTE
    ../clib/microlib/printf/printf.c         0x00000000   Number         0  printf2.o ABSOLUTE
    ../clib/microlib/printf/printf.c         0x00000000   Number         0  printf1.o ABSOLUTE
    ../clib/microlib/printf/printf.c         0x00000000   Number         0  printf0.o ABSOLUTE
    ../clib/microlib/printf/printf.c         0x00000000   Number         0  printfb.o ABSOLUTE
    ../clib/microlib/string/memcpy.c         0x00000000   Number         0  memcpya.o ABSOLUTE
    ../clib/microlib/string/memcpy.c         0x00000000   Number         0  memcpyb.o ABSOLUTE
    ../clib/microlib/string/strchr.c         0x00000000   Number         0  strchr.o ABSOLUTE
    ../clib/microlib/string/strcmp.c         0x00000000   Number         0  strcmp.o ABSOLUTE
    ../clib/microlib/string/strlen.c         0x00000000   Number         0  strlen.o ABSOLUTE
    ../clib/microlib/string/strncpy.c        0x00000000   Number         0  strncpy.o ABSOLUTE
    ../clib/microlib/string/strstr.c         0x00000000   Number         0  strstr.o ABSOLUTE
    ../clib/microlib/stubs.s                 0x00000000   Number         0  iusefp.o ABSOLUTE
    ../clib/microlib/stubs.s                 0x00000000   Number         0  useno.o ABSOLUTE
    ../clib/microlib/time/localtime.c        0x00000000   Number         0  localtime.o ABSOLUTE
    ../clib/scanf.c                          0x00000000   Number         0  _strtoul.o ABSOLUTE
    ../clib/scanf.c                          0x00000000   Number         0  strtoul.o ABSOLUTE
    ../clib/scanf.c                          0x00000000   Number         0  _chval.o ABSOLUTE
    ../fplib/microlib/fpadd.c                0x00000000   Number         0  dadd.o ABSOLUTE
    ../fplib/microlib/fpdiv.c                0x00000000   Number         0  ddiv.o ABSOLUTE
    ../fplib/microlib/fpepilogue.c           0x00000000   Number         0  depilogue.o ABSOLUTE
    ../fplib/microlib/fpfix.c                0x00000000   Number         0  dfixul.o ABSOLUTE
    ../fplib/microlib/fpmul.c                0x00000000   Number         0  dmul.o ABSOLUTE
    ..\\app\\sys.c                           0x00000000   Number         0  sys.o ABSOLUTE
    ..\\firmware\\cmsis\\core\\core_cm3.c    0x00000000   Number         0  core_cm3.o ABSOLUTE
    ..\app\delay.c                           0x00000000   Number         0  delay.o ABSOLUTE
    ..\app\main.c                            0x00000000   Number         0  main.o ABSOLUTE
    ..\app\sys.c                             0x00000000   Number         0  sys.o ABSOLUTE
    ..\app\usart.c                           0x00000000   Number         0  usart.o ABSOLUTE
    ..\app\usart2.c                          0x00000000   Number         0  usart2.o ABSOLUTE
    ..\driver\ST7789\Font.c                  0x00000000   Number         0  font.o ABSOLUTE
    ..\driver\ST7789\ST7789.c                0x00000000   Number         0  st7789.o ABSOLUTE
    ..\driver\rtc\rtc.c                      0x00000000   Number         0  rtc.o ABSOLUTE
    ..\driver\timer\timer.c                  0x00000000   Number         0  timer.o ABSOLUTE
    ..\driver\wifi\wifi.c                    0x00000000   Number         0  wifi.o ABSOLUTE
    ..\firmware\cmsis\core\core_cm3.c        0x00000000   Number         0  core_cm3.o ABSOLUTE
    ..\firmware\cmsis\device\startup_stm32f10x_md.s 0x00000000   Number         0  startup_stm32f10x_md.o ABSOLUTE
    ..\firmware\cmsis\device\system_stm32f10x.c 0x00000000   Number         0  system_stm32f10x.o ABSOLUTE
    ..\firmware\driver\src\misc.c            0x00000000   Number         0  misc.o ABSOLUTE
    ..\firmware\driver\src\stm32f10x_adc.c   0x00000000   Number         0  stm32f10x_adc.o ABSOLUTE
    ..\firmware\driver\src\stm32f10x_bkp.c   0x00000000   Number         0  stm32f10x_bkp.o ABSOLUTE
    ..\firmware\driver\src\stm32f10x_can.c   0x00000000   Number         0  stm32f10x_can.o ABSOLUTE
    ..\firmware\driver\src\stm32f10x_cec.c   0x00000000   Number         0  stm32f10x_cec.o ABSOLUTE
    ..\firmware\driver\src\stm32f10x_crc.c   0x00000000   Number         0  stm32f10x_crc.o ABSOLUTE
    ..\firmware\driver\src\stm32f10x_dac.c   0x00000000   Number         0  stm32f10x_dac.o ABSOLUTE
    ..\firmware\driver\src\stm32f10x_dbgmcu.c 0x00000000   Number         0  stm32f10x_dbgmcu.o ABSOLUTE
    ..\firmware\driver\src\stm32f10x_dma.c   0x00000000   Number         0  stm32f10x_dma.o ABSOLUTE
    ..\firmware\driver\src\stm32f10x_exti.c  0x00000000   Number         0  stm32f10x_exti.o ABSOLUTE
    ..\firmware\driver\src\stm32f10x_flash.c 0x00000000   Number         0  stm32f10x_flash.o ABSOLUTE
    ..\firmware\driver\src\stm32f10x_fsmc.c  0x00000000   Number         0  stm32f10x_fsmc.o ABSOLUTE
    ..\firmware\driver\src\stm32f10x_gpio.c  0x00000000   Number         0  stm32f10x_gpio.o ABSOLUTE
    ..\firmware\driver\src\stm32f10x_i2c.c   0x00000000   Number         0  stm32f10x_i2c.o ABSOLUTE
    ..\firmware\driver\src\stm32f10x_iwdg.c  0x00000000   Number         0  stm32f10x_iwdg.o ABSOLUTE
    ..\firmware\driver\src\stm32f10x_pwr.c   0x00000000   Number         0  stm32f10x_pwr.o ABSOLUTE
    ..\firmware\driver\src\stm32f10x_rcc.c   0x00000000   Number         0  stm32f10x_rcc.o ABSOLUTE
    ..\firmware\driver\src\stm32f10x_rtc.c   0x00000000   Number         0  stm32f10x_rtc.o ABSOLUTE
    ..\firmware\driver\src\stm32f10x_sdio.c  0x00000000   Number         0  stm32f10x_sdio.o ABSOLUTE
    ..\firmware\driver\src\stm32f10x_spi.c   0x00000000   Number         0  stm32f10x_spi.o ABSOLUTE
    ..\firmware\driver\src\stm32f10x_tim.c   0x00000000   Number         0  stm32f10x_tim.o ABSOLUTE
    ..\firmware\driver\src\stm32f10x_usart.c 0x00000000   Number         0  stm32f10x_usart.o ABSOLUTE
    ..\firmware\driver\src\stm32f10x_wwdg.c  0x00000000   Number         0  stm32f10x_wwdg.o ABSOLUTE
    cdrcmple.s                               0x00000000   Number         0  cdrcmple.o ABSOLUTE
    dc.s                                     0x00000000   Number         0  dc.o ABSOLUTE
    handlers.s                               0x00000000   Number         0  handlers.o ABSOLUTE
    init.s                                   0x00000000   Number         0  init.o ABSOLUTE
    RESET                                    0x08000000   Section      236  startup_stm32f10x_md.o(RESET)
    .ARM.Collect$$$$00000000                 0x080000ec   Section        0  entry.o(.ARM.Collect$$$$00000000)
    .ARM.Collect$$$$00000001                 0x080000ec   Section        4  entry2.o(.ARM.Collect$$$$00000001)
    .ARM.Collect$$$$00000004                 0x080000f0   Section        4  entry5.o(.ARM.Collect$$$$00000004)
    .ARM.Collect$$$$00000008                 0x080000f4   Section        0  entry7b.o(.ARM.Collect$$$$00000008)
    .ARM.Collect$$$$0000000A                 0x080000f4   Section        0  entry8b.o(.ARM.Collect$$$$0000000A)
    .ARM.Collect$$$$0000000B                 0x080000f4   Section        8  entry9a.o(.ARM.Collect$$$$0000000B)
    .ARM.Collect$$$$0000000D                 0x080000fc   Section        0  entry10a.o(.ARM.Collect$$$$0000000D)
    .ARM.Collect$$$$0000000F                 0x080000fc   Section        0  entry11a.o(.ARM.Collect$$$$0000000F)
    .ARM.Collect$$$$00002712                 0x080000fc   Section        4  entry2.o(.ARM.Collect$$$$00002712)
    __lit__00000000                          0x080000fc   Data           4  entry2.o(.ARM.Collect$$$$00002712)
    .text                                    0x08000100   Section       36  startup_stm32f10x_md.o(.text)
    .text                                    0x08000124   Section        0  localtime.o(.text)
    .text                                    0x080001b8   Section        0  memcpya.o(.text)
    .text                                    0x080001dc   Section        0  strstr.o(.text)
    .text                                    0x08000200   Section        0  strncpy.o(.text)
    .text                                    0x08000218   Section        0  strchr.o(.text)
    .text                                    0x0800022c   Section        0  strlen.o(.text)
    .text                                    0x0800023a   Section        0  strcmp.o(.text)
    .text                                    0x08000256   Section        0  strtoul.o(.text)
    .text                                    0x080002c8   Section        0  uidiv.o(.text)
    .text                                    0x080002f4   Section        0  uldiv.o(.text)
    .text                                    0x08000358   Section        0  ctype_o.o(.text)
    .text                                    0x08000360   Section        0  _strtoul.o(.text)
    .text                                    0x080003fe   Section        0  iusefp.o(.text)
    .text                                    0x080003fe   Section        0  dadd.o(.text)
    .text                                    0x0800054c   Section        0  dmul.o(.text)
    .text                                    0x08000630   Section        0  ddiv.o(.text)
    .text                                    0x0800070e   Section        0  dfixul.o(.text)
    .text                                    0x08000740   Section       48  cdrcmple.o(.text)
    .text                                    0x08000770   Section       36  init.o(.text)
    .text                                    0x08000794   Section        0  llshl.o(.text)
    .text                                    0x080007b2   Section        0  llushr.o(.text)
    .text                                    0x080007d2   Section        0  llsshr.o(.text)
    .text                                    0x080007f6   Section        0  _chval.o(.text)
    .text                                    0x08000812   Section        0  depilogue.o(.text)
    i.BKP_ReadBackupRegister                 0x080008cc   Section        0  stm32f10x_bkp.o(i.BKP_ReadBackupRegister)
    i.BKP_WriteBackupRegister                0x080008e8   Section        0  stm32f10x_bkp.o(i.BKP_WriteBackupRegister)
    i.GPIO_Init                              0x08000904   Section        0  stm32f10x_gpio.o(i.GPIO_Init)
    i.GPIO_ResetBits                         0x08000a1a   Section        0  stm32f10x_gpio.o(i.GPIO_ResetBits)
    i.GPIO_SetBits                           0x08000a1e   Section        0  stm32f10x_gpio.o(i.GPIO_SetBits)
    i.MyRTC_Init                             0x08000a22   Section        0  rtc.o(i.MyRTC_Init)
    i.NVIC_Init                              0x08000a90   Section        0  misc.o(i.NVIC_Init)
    i.NVIC_PriorityGroupConfig               0x08000b00   Section        0  misc.o(i.NVIC_PriorityGroupConfig)
    i.PWR_BackupAccessCmd                    0x08000b14   Section        0  stm32f10x_pwr.o(i.PWR_BackupAccessCmd)
    i.ParseCity                              0x08000b20   Section        0  wifi.o(i.ParseCity)
    i.ParseTemperature                       0x08000b8c   Section        0  wifi.o(i.ParseTemperature)
    i.ParseTimestamp                         0x08000bfc   Section        0  wifi.o(i.ParseTimestamp)
    i.ParseWeather                           0x08000c44   Section        0  wifi.o(i.ParseWeather)
    i.RCC_APB1PeriphClockCmd                 0x08000cb0   Section        0  stm32f10x_rcc.o(i.RCC_APB1PeriphClockCmd)
    i.RCC_APB1PeriphResetCmd                 0x08000cd0   Section        0  stm32f10x_rcc.o(i.RCC_APB1PeriphResetCmd)
    i.RCC_APB2PeriphClockCmd                 0x08000cf0   Section        0  stm32f10x_rcc.o(i.RCC_APB2PeriphClockCmd)
    i.RCC_APB2PeriphResetCmd                 0x08000d10   Section        0  stm32f10x_rcc.o(i.RCC_APB2PeriphResetCmd)
    i.RCC_GetClocksFreq                      0x08000d30   Section        0  stm32f10x_rcc.o(i.RCC_GetClocksFreq)
    i.RCC_GetFlagStatus                      0x08000e04   Section        0  stm32f10x_rcc.o(i.RCC_GetFlagStatus)
    i.RCC_LSEConfig                          0x08000e40   Section        0  stm32f10x_rcc.o(i.RCC_LSEConfig)
    i.RCC_RTCCLKCmd                          0x08000e74   Section        0  stm32f10x_rcc.o(i.RCC_RTCCLKCmd)
    i.RCC_RTCCLKConfig                       0x08000e80   Section        0  stm32f10x_rcc.o(i.RCC_RTCCLKConfig)
    i.RTC_EnterConfigMode                    0x08000e90   Section        0  stm32f10x_rtc.o(i.RTC_EnterConfigMode)
    i.RTC_ExitConfigMode                     0x08000ea4   Section        0  stm32f10x_rtc.o(i.RTC_ExitConfigMode)
    i.RTC_GetCounter                         0x08000eb8   Section        0  stm32f10x_rtc.o(i.RTC_GetCounter)
    i.RTC_SetCounter                         0x08000ee4   Section        0  stm32f10x_rtc.o(i.RTC_SetCounter)
    i.RTC_SetPrescaler                       0x08000f00   Section        0  stm32f10x_rtc.o(i.RTC_SetPrescaler)
    i.RTC_WaitForLastTask                    0x08000f20   Section        0  stm32f10x_rtc.o(i.RTC_WaitForLastTask)
    i.RTC_WaitForSynchro                     0x08000f34   Section        0  stm32f10x_rtc.o(i.RTC_WaitForSynchro)
    i.ST7789_Init                            0x08000f58   Section        0  st7789.o(i.ST7789_Init)
    i.SetSysClock                            0x080011d0   Section        0  system_stm32f10x.o(i.SetSysClock)
    SetSysClock                              0x080011d1   Thumb Code     8  system_stm32f10x.o(i.SetSysClock)
    i.SetSysClockTo72                        0x080011d8   Section        0  system_stm32f10x.o(i.SetSysClockTo72)
    SetSysClockTo72                          0x080011d9   Thumb Code   214  system_stm32f10x.o(i.SetSysClockTo72)
    i.SystemInit                             0x080012b8   Section        0  system_stm32f10x.o(i.SystemInit)
    i.TFT_SEND_CMD                           0x08001318   Section        0  st7789.o(i.TFT_SEND_CMD)
    i.TFT_SEND_DATA                          0x08001380   Section        0  st7789.o(i.TFT_SEND_DATA)
    i.TFT_SetWindows                         0x080013e0   Section        0  st7789.o(i.TFT_SetWindows)
    i.TFT_display_16_32                      0x08001446   Section        0  st7789.o(i.TFT_display_16_32)
    i.TFT_display_32_32                      0x080014c4   Section        0  st7789.o(i.TFT_display_32_32)
    i.TFT_display_en16_32                    0x08001544   Section        0  st7789.o(i.TFT_display_en16_32)
    i.TFT_display_en8_16                     0x080015cc   Section        0  st7789.o(i.TFT_display_en8_16)
    i.TFT_display_en_string8_16              0x08001646   Section        0  st7789.o(i.TFT_display_en_string8_16)
    i.TFT_display_image                      0x08001680   Section        0  st7789.o(i.TFT_display_image)
    i.TFT_full_color                         0x080016ca   Section        0  st7789.o(i.TFT_full_color)
    i.TIM2_IRQHandler                        0x08001704   Section        0  timer.o(i.TIM2_IRQHandler)
    i.TIM4_IRQHandler                        0x0800172c   Section        0  usart2.o(i.TIM4_IRQHandler)
    i.TIM4_Init                              0x0800175c   Section        0  usart2.o(i.TIM4_Init)
    i.TIM4_Set                               0x080017b4   Section        0  usart2.o(i.TIM4_Set)
    i.TIM_ClearITPendingBit                  0x080017dc   Section        0  stm32f10x_tim.o(i.TIM_ClearITPendingBit)
    i.TIM_Cmd                                0x080017e2   Section        0  stm32f10x_tim.o(i.TIM_Cmd)
    i.TIM_GetITStatus                        0x080017fa   Section        0  stm32f10x_tim.o(i.TIM_GetITStatus)
    i.TIM_ITConfig                           0x0800181c   Section        0  stm32f10x_tim.o(i.TIM_ITConfig)
    i.TIM_SetCounter                         0x0800182e   Section        0  stm32f10x_tim.o(i.TIM_SetCounter)
    i.TIM_TimeBaseInit                       0x08001834   Section        0  stm32f10x_tim.o(i.TIM_TimeBaseInit)
    i.USART1_IRQHandler                      0x080018d8   Section        0  usart.o(i.USART1_IRQHandler)
    i.USART2_IRQHandler                      0x08001960   Section        0  usart2.o(i.USART2_IRQHandler)
    i.USART2_Init                            0x080019c4   Section        0  usart2.o(i.USART2_Init)
    i.USART_Cmd                              0x08001a84   Section        0  stm32f10x_usart.o(i.USART_Cmd)
    i.USART_DeInit                           0x08001a9c   Section        0  stm32f10x_usart.o(i.USART_DeInit)
    i.USART_GetITStatus                      0x08001b38   Section        0  stm32f10x_usart.o(i.USART_GetITStatus)
    i.USART_ITConfig                         0x08001b8c   Section        0  stm32f10x_usart.o(i.USART_ITConfig)
    i.USART_Init                             0x08001bd8   Section        0  stm32f10x_usart.o(i.USART_Init)
    i.USART_ReceiveData                      0x08001cb0   Section        0  stm32f10x_usart.o(i.USART_ReceiveData)
    i.Wifi_GetTime                           0x08001cbc   Section        0  wifi.o(i.Wifi_GetTime)
    i.Wifi_GetWeather                        0x08001da4   Section        0  wifi.o(i.Wifi_GetWeather)
    i.Wifi_Init                              0x08001ec8   Section        0  wifi.o(i.Wifi_Init)
    i.Wifi_Quit                              0x08001fc4   Section        0  wifi.o(i.Wifi_Quit)
    i.__0printf                              0x0800207c   Section        0  printfa.o(i.__0printf)
    i.__0vsprintf                            0x0800209c   Section        0  printfa.o(i.__0vsprintf)
    i.__aeabi_errno_addr                     0x080020c0   Section        0  errno.o(i.__aeabi_errno_addr)
    i.__scatterload_copy                     0x080020c8   Section       14  handlers.o(i.__scatterload_copy)
    i.__scatterload_null                     0x080020d6   Section        2  handlers.o(i.__scatterload_null)
    i.__scatterload_zeroinit                 0x080020d8   Section       14  handlers.o(i.__scatterload_zeroinit)
    i._fp_digits                             0x080020e8   Section        0  printfa.o(i._fp_digits)
    _fp_digits                               0x080020e9   Thumb Code   366  printfa.o(i._fp_digits)
    i._printf_core                           0x0800226c   Section        0  printfa.o(i._printf_core)
    _printf_core                             0x0800226d   Thumb Code  1744  printfa.o(i._printf_core)
    i._printf_post_padding                   0x08002948   Section        0  printfa.o(i._printf_post_padding)
    _printf_post_padding                     0x08002949   Thumb Code    36  printfa.o(i._printf_post_padding)
    i._printf_pre_padding                    0x0800296c   Section        0  printfa.o(i._printf_pre_padding)
    _printf_pre_padding                      0x0800296d   Thumb Code    46  printfa.o(i._printf_pre_padding)
    i._sputc                                 0x0800299a   Section        0  printfa.o(i._sputc)
    _sputc                                   0x0800299b   Thumb Code    10  printfa.o(i._sputc)
    i.delay_ms                               0x080029a4   Section        0  delay.o(i.delay_ms)
    i.delay_s                                0x080029bc   Section        0  delay.o(i.delay_s)
    i.delay_us                               0x080029d4   Section        0  delay.o(i.delay_us)
    i.fputc                                  0x08002a04   Section        0  usart.o(i.fputc)
    i.main                                   0x08002a20   Section        0  main.o(i.main)
    i.open_backlight                         0x08002ecc   Section        0  st7789.o(i.open_backlight)
    i.rtc_get_date                           0x08002edc   Section        0  rtc.o(i.rtc_get_date)
    i.rtc_set_timestamp                      0x08002ef2   Section        0  rtc.o(i.rtc_set_timestamp)
    i.timer_elapsed_callback                 0x08002f08   Section        0  main.o(i.timer_elapsed_callback)
    timer_elapsed_callback                   0x08002f09   Thumb Code    28  main.o(i.timer_elapsed_callback)
    i.timer_elapsed_register                 0x08002f2c   Section        0  timer.o(i.timer_elapsed_register)
    i.timer_init                             0x08002f38   Section        0  timer.o(i.timer_init)
    i.timer_start                            0x08002f90   Section        0  timer.o(i.timer_start)
    i.ts_to_date                             0x08002f9c   Section        0  rtc.o(i.ts_to_date)
    i.u2_printf                              0x08003084   Section        0  usart2.o(i.u2_printf)
    i.uart_init                              0x080030e0   Section        0  usart.o(i.uart_init)
    i.wifi_GPIO_Init                         0x08003180   Section        0  wifi.o(i.wifi_GPIO_Init)
    i.wifi_check_cmd                         0x080031b4   Section        0  wifi.o(i.wifi_check_cmd)
    i.wifi_send_cmd                          0x080031e8   Section        0  wifi.o(i.wifi_send_cmd)
    .constdata                               0x08003244   Section    27660  main.o(.constdata)
    duoyun_map                               0x08003244   Data        4610  main.o(.constdata)
    feng_map                                 0x08004446   Data        4610  main.o(.constdata)
    qing_map                                 0x08005648   Data        4610  main.o(.constdata)
    xue_map                                  0x0800684a   Data        4610  main.o(.constdata)
    yin_map                                  0x08007a4c   Data        4610  main.o(.constdata)
    yu_map                                   0x08008c4e   Data        4610  main.o(.constdata)
    .constdata                               0x08009e50   Section     4112  font.o(.constdata)
    .constdata                               0x0800ae60   Section       48  rtc.o(.constdata)
    .constdata                               0x0800ae90   Section       12  localtime.o(.constdata)
    monlen                                   0x0800ae90   Data          12  localtime.o(.constdata)
    .constdata                               0x0800ae9c   Section      129  ctype_o.o(.constdata)
    .constdata                               0x0800af20   Section        4  ctype_o.o(.constdata)
    table                                    0x0800af20   Data           4  ctype_o.o(.constdata)
    .conststring                             0x0800af24   Section      111  wifi.o(.conststring)
    .data                                    0x20000000   Section        4  main.o(.data)
    runms                                    0x20000000   Data           4  main.o(.data)
    .data                                    0x20000004   Section        6  usart.o(.data)
    .data                                    0x2000000a   Section        2  usart2.o(.data)
    .data                                    0x2000000c   Section       12  wifi.o(.data)
    .data                                    0x20000018   Section        4  timer.o(.data)
    timer_elapsed_callback                   0x20000018   Data           4  timer.o(.data)
    .data                                    0x2000001c   Section       20  stm32f10x_rcc.o(.data)
    APBAHBPrescTable                         0x2000001c   Data          16  stm32f10x_rcc.o(.data)
    ADCPrescTable                            0x2000002c   Data           4  stm32f10x_rcc.o(.data)
    .data                                    0x20000030   Section        4  errno.o(.data)
    _errno                                   0x20000030   Data           4  errno.o(.data)
    .bss                                     0x20000034   Section      200  usart.o(.bss)
    .bss                                     0x20000100   Section     8192  usart2.o(.bss)
    .bss                                     0x20002100   Section       64  wifi.o(.bss)
    .bss                                     0x20002140   Section       44  localtime.o(.bss)
    _tms                                     0x20002140   Data          44  localtime.o(.bss)
    STACK                                    0x20002170   Section     1024  startup_stm32f10x_md.o(STACK)

    Global Symbols

    Symbol Name                              Value     Ov Type        Size  Object(Section)

    BuildAttributes$$THM_ISAv4$P$D$K$B$S$PE$A:L22UL41UL21$X:L11$S22US41US21$IEEE1$IW$USESV6$~STKCKD$USESV7$~SHL$OSPACE$ROPI$EBA8$MICROLIB$REQ8$PRES8$EABIv2 0x00000000   Number         0  anon$$obj.o ABSOLUTE
    __ARM_use_no_argv                        0x00000000   Number         0  main.o ABSOLUTE
    __use_no_errno                           0x00000000   Number         0  useno.o ABSOLUTE
    __use_no_exception_handling              0x00000000   Number         0  useno.o ABSOLUTE
    __use_no_fp                              0x00000000   Number         0  useno.o ABSOLUTE
    __use_no_heap                            0x00000000   Number         0  useno.o ABSOLUTE
    __use_no_heap_region                     0x00000000   Number         0  useno.o ABSOLUTE
    __use_no_semihosting                     0x00000000   Number         0  useno.o ABSOLUTE
    __use_no_semihosting_swi                 0x00000000   Number         0  useno.o ABSOLUTE
    __use_no_signal_handling                 0x00000000   Number         0  useno.o ABSOLUTE
    __cpp_initialize__aeabi_                  - Undefined Weak Reference
    __cxa_finalize                            - Undefined Weak Reference
    __decompress                              - Undefined Weak Reference
    _clock_init                               - Undefined Weak Reference
    _microlib_exit                            - Undefined Weak Reference
    __Vectors_Size                           0x000000ec   Number         0  startup_stm32f10x_md.o ABSOLUTE
    __Vectors                                0x08000000   Data           4  startup_stm32f10x_md.o(RESET)
    __Vectors_End                            0x080000ec   Data           0  startup_stm32f10x_md.o(RESET)
    __main                                   0x080000ed   Thumb Code     0  entry.o(.ARM.Collect$$$$00000000)
    _main_stk                                0x080000ed   Thumb Code     0  entry2.o(.ARM.Collect$$$$00000001)
    _main_scatterload                        0x080000f1   Thumb Code     0  entry5.o(.ARM.Collect$$$$00000004)
    __main_after_scatterload                 0x080000f5   Thumb Code     0  entry5.o(.ARM.Collect$$$$00000004)
    _main_clock                              0x080000f5   Thumb Code     0  entry7b.o(.ARM.Collect$$$$00000008)
    _main_cpp_init                           0x080000f5   Thumb Code     0  entry8b.o(.ARM.Collect$$$$0000000A)
    _main_init                               0x080000f5   Thumb Code     0  entry9a.o(.ARM.Collect$$$$0000000B)
    __rt_final_cpp                           0x080000fd   Thumb Code     0  entry10a.o(.ARM.Collect$$$$0000000D)
    __rt_final_exit                          0x080000fd   Thumb Code     0  entry11a.o(.ARM.Collect$$$$0000000F)
    Reset_Handler                            0x08000101   Thumb Code     8  startup_stm32f10x_md.o(.text)
    NMI_Handler                              0x08000109   Thumb Code     2  startup_stm32f10x_md.o(.text)
    HardFault_Handler                        0x0800010b   Thumb Code     2  startup_stm32f10x_md.o(.text)
    MemManage_Handler                        0x0800010d   Thumb Code     2  startup_stm32f10x_md.o(.text)
    BusFault_Handler                         0x0800010f   Thumb Code     2  startup_stm32f10x_md.o(.text)
    UsageFault_Handler                       0x08000111   Thumb Code     2  startup_stm32f10x_md.o(.text)
    SVC_Handler                              0x08000113   Thumb Code     2  startup_stm32f10x_md.o(.text)
    DebugMon_Handler                         0x08000115   Thumb Code     2  startup_stm32f10x_md.o(.text)
    PendSV_Handler                           0x08000117   Thumb Code     2  startup_stm32f10x_md.o(.text)
    SysTick_Handler                          0x08000119   Thumb Code     2  startup_stm32f10x_md.o(.text)
    ADC1_2_IRQHandler                        0x0800011b   Thumb Code     0  startup_stm32f10x_md.o(.text)
    CAN1_RX1_IRQHandler                      0x0800011b   Thumb Code     0  startup_stm32f10x_md.o(.text)
    CAN1_SCE_IRQHandler                      0x0800011b   Thumb Code     0  startup_stm32f10x_md.o(.text)
    DMA1_Channel1_IRQHandler                 0x0800011b   Thumb Code     0  startup_stm32f10x_md.o(.text)
    DMA1_Channel2_IRQHandler                 0x0800011b   Thumb Code     0  startup_stm32f10x_md.o(.text)
    DMA1_Channel3_IRQHandler                 0x0800011b   Thumb Code     0  startup_stm32f10x_md.o(.text)
    DMA1_Channel4_IRQHandler                 0x0800011b   Thumb Code     0  startup_stm32f10x_md.o(.text)
    DMA1_Channel5_IRQHandler                 0x0800011b   Thumb Code     0  startup_stm32f10x_md.o(.text)
    DMA1_Channel6_IRQHandler                 0x0800011b   Thumb Code     0  startup_stm32f10x_md.o(.text)
    DMA1_Channel7_IRQHandler                 0x0800011b   Thumb Code     0  startup_stm32f10x_md.o(.text)
    EXTI0_IRQHandler                         0x0800011b   Thumb Code     0  startup_stm32f10x_md.o(.text)
    EXTI15_10_IRQHandler                     0x0800011b   Thumb Code     0  startup_stm32f10x_md.o(.text)
    EXTI1_IRQHandler                         0x0800011b   Thumb Code     0  startup_stm32f10x_md.o(.text)
    EXTI2_IRQHandler                         0x0800011b   Thumb Code     0  startup_stm32f10x_md.o(.text)
    EXTI3_IRQHandler                         0x0800011b   Thumb Code     0  startup_stm32f10x_md.o(.text)
    EXTI4_IRQHandler                         0x0800011b   Thumb Code     0  startup_stm32f10x_md.o(.text)
    EXTI9_5_IRQHandler                       0x0800011b   Thumb Code     0  startup_stm32f10x_md.o(.text)
    FLASH_IRQHandler                         0x0800011b   Thumb Code     0  startup_stm32f10x_md.o(.text)
    I2C1_ER_IRQHandler                       0x0800011b   Thumb Code     0  startup_stm32f10x_md.o(.text)
    I2C1_EV_IRQHandler                       0x0800011b   Thumb Code     0  startup_stm32f10x_md.o(.text)
    I2C2_ER_IRQHandler                       0x0800011b   Thumb Code     0  startup_stm32f10x_md.o(.text)
    I2C2_EV_IRQHandler                       0x0800011b   Thumb Code     0  startup_stm32f10x_md.o(.text)
    PVD_IRQHandler                           0x0800011b   Thumb Code     0  startup_stm32f10x_md.o(.text)
    RCC_IRQHandler                           0x0800011b   Thumb Code     0  startup_stm32f10x_md.o(.text)
    RTCAlarm_IRQHandler                      0x0800011b   Thumb Code     0  startup_stm32f10x_md.o(.text)
    RTC_IRQHandler                           0x0800011b   Thumb Code     0  startup_stm32f10x_md.o(.text)
    SPI1_IRQHandler                          0x0800011b   Thumb Code     0  startup_stm32f10x_md.o(.text)
    SPI2_IRQHandler                          0x0800011b   Thumb Code     0  startup_stm32f10x_md.o(.text)
    TAMPER_IRQHandler                        0x0800011b   Thumb Code     0  startup_stm32f10x_md.o(.text)
    TIM1_BRK_IRQHandler                      0x0800011b   Thumb Code     0  startup_stm32f10x_md.o(.text)
    TIM1_CC_IRQHandler                       0x0800011b   Thumb Code     0  startup_stm32f10x_md.o(.text)
    TIM1_TRG_COM_IRQHandler                  0x0800011b   Thumb Code     0  startup_stm32f10x_md.o(.text)
    TIM1_UP_IRQHandler                       0x0800011b   Thumb Code     0  startup_stm32f10x_md.o(.text)
    TIM3_IRQHandler                          0x0800011b   Thumb Code     0  startup_stm32f10x_md.o(.text)
    USART3_IRQHandler                        0x0800011b   Thumb Code     0  startup_stm32f10x_md.o(.text)
    USBWakeUp_IRQHandler                     0x0800011b   Thumb Code     0  startup_stm32f10x_md.o(.text)
    USB_HP_CAN1_TX_IRQHandler                0x0800011b   Thumb Code     0  startup_stm32f10x_md.o(.text)
    USB_LP_CAN1_RX0_IRQHandler               0x0800011b   Thumb Code     0  startup_stm32f10x_md.o(.text)
    WWDG_IRQHandler                          0x0800011b   Thumb Code     0  startup_stm32f10x_md.o(.text)
    localtime                                0x08000125   Thumb Code   138  localtime.o(.text)
    __aeabi_memcpy                           0x080001b9   Thumb Code    36  memcpya.o(.text)
    __aeabi_memcpy4                          0x080001b9   Thumb Code     0  memcpya.o(.text)
    __aeabi_memcpy8                          0x080001b9   Thumb Code     0  memcpya.o(.text)
    strstr                                   0x080001dd   Thumb Code    36  strstr.o(.text)
    strncpy                                  0x08000201   Thumb Code    24  strncpy.o(.text)
    strchr                                   0x08000219   Thumb Code    20  strchr.o(.text)
    strlen                                   0x0800022d   Thumb Code    14  strlen.o(.text)
    strcmp                                   0x0800023b   Thumb Code    28  strcmp.o(.text)
    strtoul                                  0x08000257   Thumb Code   114  strtoul.o(.text)
    __aeabi_uidiv                            0x080002c9   Thumb Code     0  uidiv.o(.text)
    __aeabi_uidivmod                         0x080002c9   Thumb Code    44  uidiv.o(.text)
    __aeabi_uldivmod                         0x080002f5   Thumb Code    98  uldiv.o(.text)
    __rt_ctype_table                         0x08000359   Thumb Code     4  ctype_o.o(.text)
    _strtoul                                 0x08000361   Thumb Code   158  _strtoul.o(.text)
    __I$use$fp                               0x080003ff   Thumb Code     0  iusefp.o(.text)
    __aeabi_dadd                             0x080003ff   Thumb Code   322  dadd.o(.text)
    __aeabi_dsub                             0x08000541   Thumb Code     6  dadd.o(.text)
    __aeabi_drsub                            0x08000547   Thumb Code     6  dadd.o(.text)
    __aeabi_dmul                             0x0800054d   Thumb Code   228  dmul.o(.text)
    __aeabi_ddiv                             0x08000631   Thumb Code   222  ddiv.o(.text)
    __aeabi_d2ulz                            0x0800070f   Thumb Code    48  dfixul.o(.text)
    __aeabi_cdrcmple                         0x08000741   Thumb Code    48  cdrcmple.o(.text)
    __scatterload                            0x08000771   Thumb Code    28  init.o(.text)
    __scatterload_rt2                        0x08000771   Thumb Code     0  init.o(.text)
    __aeabi_llsl                             0x08000795   Thumb Code    30  llshl.o(.text)
    _ll_shift_l                              0x08000795   Thumb Code     0  llshl.o(.text)
    __aeabi_llsr                             0x080007b3   Thumb Code    32  llushr.o(.text)
    _ll_ushift_r                             0x080007b3   Thumb Code     0  llushr.o(.text)
    __aeabi_lasr                             0x080007d3   Thumb Code    36  llsshr.o(.text)
    _ll_sshift_r                             0x080007d3   Thumb Code     0  llsshr.o(.text)
    _chval                                   0x080007f7   Thumb Code    28  _chval.o(.text)
    _double_round                            0x08000813   Thumb Code    30  depilogue.o(.text)
    _double_epilogue                         0x08000831   Thumb Code   156  depilogue.o(.text)
    BKP_ReadBackupRegister                   0x080008cd   Thumb Code    24  stm32f10x_bkp.o(i.BKP_ReadBackupRegister)
    BKP_WriteBackupRegister                  0x080008e9   Thumb Code    22  stm32f10x_bkp.o(i.BKP_WriteBackupRegister)
    GPIO_Init                                0x08000905   Thumb Code   278  stm32f10x_gpio.o(i.GPIO_Init)
    GPIO_ResetBits                           0x08000a1b   Thumb Code     4  stm32f10x_gpio.o(i.GPIO_ResetBits)
    GPIO_SetBits                             0x08000a1f   Thumb Code     4  stm32f10x_gpio.o(i.GPIO_SetBits)
    MyRTC_Init                               0x08000a23   Thumb Code   110  rtc.o(i.MyRTC_Init)
    NVIC_Init                                0x08000a91   Thumb Code   100  misc.o(i.NVIC_Init)
    NVIC_PriorityGroupConfig                 0x08000b01   Thumb Code    10  misc.o(i.NVIC_PriorityGroupConfig)
    PWR_BackupAccessCmd                      0x08000b15   Thumb Code     6  stm32f10x_pwr.o(i.PWR_BackupAccessCmd)
    ParseCity                                0x08000b21   Thumb Code    86  wifi.o(i.ParseCity)
    ParseTemperature                         0x08000b8d   Thumb Code    86  wifi.o(i.ParseTemperature)
    ParseTimestamp                           0x08000bfd   Thumb Code    48  wifi.o(i.ParseTimestamp)
    ParseWeather                             0x08000c45   Thumb Code    86  wifi.o(i.ParseWeather)
    RCC_APB1PeriphClockCmd                   0x08000cb1   Thumb Code    26  stm32f10x_rcc.o(i.RCC_APB1PeriphClockCmd)
    RCC_APB1PeriphResetCmd                   0x08000cd1   Thumb Code    26  stm32f10x_rcc.o(i.RCC_APB1PeriphResetCmd)
    RCC_APB2PeriphClockCmd                   0x08000cf1   Thumb Code    26  stm32f10x_rcc.o(i.RCC_APB2PeriphClockCmd)
    RCC_APB2PeriphResetCmd                   0x08000d11   Thumb Code    26  stm32f10x_rcc.o(i.RCC_APB2PeriphResetCmd)
    RCC_GetClocksFreq                        0x08000d31   Thumb Code   192  stm32f10x_rcc.o(i.RCC_GetClocksFreq)
    RCC_GetFlagStatus                        0x08000e05   Thumb Code    56  stm32f10x_rcc.o(i.RCC_GetFlagStatus)
    RCC_LSEConfig                            0x08000e41   Thumb Code    46  stm32f10x_rcc.o(i.RCC_LSEConfig)
    RCC_RTCCLKCmd                            0x08000e75   Thumb Code     6  stm32f10x_rcc.o(i.RCC_RTCCLKCmd)
    RCC_RTCCLKConfig                         0x08000e81   Thumb Code    12  stm32f10x_rcc.o(i.RCC_RTCCLKConfig)
    RTC_EnterConfigMode                      0x08000e91   Thumb Code    14  stm32f10x_rtc.o(i.RTC_EnterConfigMode)
    RTC_ExitConfigMode                       0x08000ea5   Thumb Code    16  stm32f10x_rtc.o(i.RTC_ExitConfigMode)
    RTC_GetCounter                           0x08000eb9   Thumb Code    38  stm32f10x_rtc.o(i.RTC_GetCounter)
    RTC_SetCounter                           0x08000ee5   Thumb Code    24  stm32f10x_rtc.o(i.RTC_SetCounter)
    RTC_SetPrescaler                         0x08000f01   Thumb Code    26  stm32f10x_rtc.o(i.RTC_SetPrescaler)
    RTC_WaitForLastTask                      0x08000f21   Thumb Code    16  stm32f10x_rtc.o(i.RTC_WaitForLastTask)
    RTC_WaitForSynchro                       0x08000f35   Thumb Code    30  stm32f10x_rtc.o(i.RTC_WaitForSynchro)
    ST7789_Init                              0x08000f59   Thumb Code   624  st7789.o(i.ST7789_Init)
    SystemInit                               0x080012b9   Thumb Code    78  system_stm32f10x.o(i.SystemInit)
    TFT_SEND_CMD                             0x08001319   Thumb Code    98  st7789.o(i.TFT_SEND_CMD)
    TFT_SEND_DATA                            0x08001381   Thumb Code    90  st7789.o(i.TFT_SEND_DATA)
    TFT_SetWindows                           0x080013e1   Thumb Code   102  st7789.o(i.TFT_SetWindows)
    TFT_display_16_32                        0x08001447   Thumb Code   126  st7789.o(i.TFT_display_16_32)
    TFT_display_32_32                        0x080014c5   Thumb Code   126  st7789.o(i.TFT_display_32_32)
    TFT_display_en16_32                      0x08001545   Thumb Code   132  st7789.o(i.TFT_display_en16_32)
    TFT_display_en8_16                       0x080015cd   Thumb Code   122  st7789.o(i.TFT_display_en8_16)
    TFT_display_en_string8_16                0x08001647   Thumb Code    58  st7789.o(i.TFT_display_en_string8_16)
    TFT_display_image                        0x08001681   Thumb Code    74  st7789.o(i.TFT_display_image)
    TFT_full_color                           0x080016cb   Thumb Code    56  st7789.o(i.TFT_full_color)
    TIM2_IRQHandler                          0x08001705   Thumb Code    34  timer.o(i.TIM2_IRQHandler)
    TIM4_IRQHandler                          0x0800172d   Thumb Code    40  usart2.o(i.TIM4_IRQHandler)
    TIM4_Init                                0x0800175d   Thumb Code    82  usart2.o(i.TIM4_Init)
    TIM4_Set                                 0x080017b5   Thumb Code    34  usart2.o(i.TIM4_Set)
    TIM_ClearITPendingBit                    0x080017dd   Thumb Code     6  stm32f10x_tim.o(i.TIM_ClearITPendingBit)
    TIM_Cmd                                  0x080017e3   Thumb Code    24  stm32f10x_tim.o(i.TIM_Cmd)
    TIM_GetITStatus                          0x080017fb   Thumb Code    34  stm32f10x_tim.o(i.TIM_GetITStatus)
    TIM_ITConfig                             0x0800181d   Thumb Code    18  stm32f10x_tim.o(i.TIM_ITConfig)
    TIM_SetCounter                           0x0800182f   Thumb Code     4  stm32f10x_tim.o(i.TIM_SetCounter)
    TIM_TimeBaseInit                         0x08001835   Thumb Code   122  stm32f10x_tim.o(i.TIM_TimeBaseInit)
    USART1_IRQHandler                        0x080018d9   Thumb Code   122  usart.o(i.USART1_IRQHandler)
    USART2_IRQHandler                        0x08001961   Thumb Code    84  usart2.o(i.USART2_IRQHandler)
    USART2_Init                              0x080019c5   Thumb Code   180  usart2.o(i.USART2_Init)
    USART_Cmd                                0x08001a85   Thumb Code    24  stm32f10x_usart.o(i.USART_Cmd)
    USART_DeInit                             0x08001a9d   Thumb Code   134  stm32f10x_usart.o(i.USART_DeInit)
    USART_GetITStatus                        0x08001b39   Thumb Code    84  stm32f10x_usart.o(i.USART_GetITStatus)
    USART_ITConfig                           0x08001b8d   Thumb Code    74  stm32f10x_usart.o(i.USART_ITConfig)
    USART_Init                               0x08001bd9   Thumb Code   210  stm32f10x_usart.o(i.USART_Init)
    USART_ReceiveData                        0x08001cb1   Thumb Code    10  stm32f10x_usart.o(i.USART_ReceiveData)
    Wifi_GetTime                             0x08001cbd   Thumb Code   120  wifi.o(i.Wifi_GetTime)
    Wifi_GetWeather                          0x08001da5   Thumb Code   100  wifi.o(i.Wifi_GetWeather)
    Wifi_Init                                0x08001ec9   Thumb Code    94  wifi.o(i.Wifi_Init)
    Wifi_Quit                                0x08001fc5   Thumb Code    76  wifi.o(i.Wifi_Quit)
    __0printf                                0x0800207d   Thumb Code    22  printfa.o(i.__0printf)
    __1printf                                0x0800207d   Thumb Code     0  printfa.o(i.__0printf)
    __2printf                                0x0800207d   Thumb Code     0  printfa.o(i.__0printf)
    __c89printf                              0x0800207d   Thumb Code     0  printfa.o(i.__0printf)
    printf                                   0x0800207d   Thumb Code     0  printfa.o(i.__0printf)
    __0vsprintf                              0x0800209d   Thumb Code    30  printfa.o(i.__0vsprintf)
    __1vsprintf                              0x0800209d   Thumb Code     0  printfa.o(i.__0vsprintf)
    __2vsprintf                              0x0800209d   Thumb Code     0  printfa.o(i.__0vsprintf)
    __c89vsprintf                            0x0800209d   Thumb Code     0  printfa.o(i.__0vsprintf)
    vsprintf                                 0x0800209d   Thumb Code     0  printfa.o(i.__0vsprintf)
    __aeabi_errno_addr                       0x080020c1   Thumb Code     4  errno.o(i.__aeabi_errno_addr)
    __rt_errno_addr                          0x080020c1   Thumb Code     0  errno.o(i.__aeabi_errno_addr)
    __scatterload_copy                       0x080020c9   Thumb Code    14  handlers.o(i.__scatterload_copy)
    __scatterload_null                       0x080020d7   Thumb Code     2  handlers.o(i.__scatterload_null)
    __scatterload_zeroinit                   0x080020d9   Thumb Code    14  handlers.o(i.__scatterload_zeroinit)
    delay_ms                                 0x080029a5   Thumb Code    24  delay.o(i.delay_ms)
    delay_s                                  0x080029bd   Thumb Code    24  delay.o(i.delay_s)
    delay_us                                 0x080029d5   Thumb Code    46  delay.o(i.delay_us)
    fputc                                    0x08002a05   Thumb Code    24  usart.o(i.fputc)
    main                                     0x08002a21   Thumb Code  1196  main.o(i.main)
    open_backlight                           0x08002ecd   Thumb Code    12  st7789.o(i.open_backlight)
    rtc_get_date                             0x08002edd   Thumb Code    22  rtc.o(i.rtc_get_date)
    rtc_set_timestamp                        0x08002ef3   Thumb Code    20  rtc.o(i.rtc_set_timestamp)
    timer_elapsed_register                   0x08002f2d   Thumb Code     6  timer.o(i.timer_elapsed_register)
    timer_init                               0x08002f39   Thumb Code    88  timer.o(i.timer_init)
    timer_start                              0x08002f91   Thumb Code    12  timer.o(i.timer_start)
    ts_to_date                               0x08002f9d   Thumb Code   228  rtc.o(i.ts_to_date)
    u2_printf                                0x08003085   Thumb Code    84  usart2.o(i.u2_printf)
    uart_init                                0x080030e1   Thumb Code   152  usart.o(i.uart_init)
    wifi_GPIO_Init                           0x08003181   Thumb Code    46  wifi.o(i.wifi_GPIO_Init)
    wifi_check_cmd                           0x080031b5   Thumb Code    44  wifi.o(i.wifi_check_cmd)
    wifi_send_cmd                            0x080031e9   Thumb Code    82  wifi.o(i.wifi_send_cmd)
    font_time_24x48_data                     0x08009e50   Data        1440  font.o(.constdata)
    font_temper_16x32_data                   0x0800a3f0   Data         640  font.o(.constdata)
    font_maohao_16x32                        0x0800a670   Data          64  font.o(.constdata)
    font_heng_16x32                          0x0800a6b0   Data          64  font.o(.constdata)
    font_temper_32x32                        0x0800a6f0   Data         128  font.o(.constdata)
    font_shen_32x32                          0x0800a770   Data         128  font.o(.constdata)
    font_zhen_32x32                          0x0800a7f0   Data         128  font.o(.constdata)
    ASCII8x16_Table                          0x0800a870   Data        1520  font.o(.constdata)
    __ctype_table                            0x0800ae9c   Data         129  ctype_o.o(.constdata)
    Region$$Table$$Base                      0x0800af94   Number         0  anon$$obj.o(Region$$Table)
    Region$$Table$$Limit                     0x0800afb4   Number         0  anon$$obj.o(Region$$Table)
    __stdout                                 0x20000004   Data           4  usart.o(.data)
    USART_RX_STA                             0x20000008   Data           2  usart.o(.data)
    USART2_RX_STA                            0x2000000a   Data           2  usart2.o(.data)
    g_timestamp                              0x2000000c   Data           4  wifi.o(.data)
    g_temperature                            0x20000010   Data           8  wifi.o(.data)
    USART_RX_BUF                             0x20000034   Data         200  usart.o(.bss)
    USART2_TX_BUF                            0x20000100   Data        4096  usart2.o(.bss)
    USART2_RX_BUF                            0x20001100   Data        4096  usart2.o(.bss)
    g_city                                   0x20002100   Data          32  wifi.o(.bss)
    g_weather                                0x20002120   Data          32  wifi.o(.bss)
    __initial_sp                             0x20002570   Data           0  startup_stm32f10x_md.o(STACK)



==============================================================================

Memory Map of the image

  Image Entry point : 0x080000ed

  Load Region LR_IROM1 (Base: 0x08000000, Size: 0x0000afe8, Max: 0x00010000, ABSOLUTE)

    Execution Region ER_IROM1 (Exec base: 0x08000000, Load base: 0x08000000, Size: 0x0000afb4, Max: 0x00010000, ABSOLUTE)

    Exec Addr    Load Addr    Size         Type   Attr      Idx    E Section Name        Object

    0x08000000   0x08000000   0x000000ec   Data   RO          613    RESET               startup_stm32f10x_md.o
    0x080000ec   0x080000ec   0x00000000   Code   RO         3629  * .ARM.Collect$$$$00000000  mc_w.l(entry.o)
    0x080000ec   0x080000ec   0x00000004   Code   RO         3912    .ARM.Collect$$$$00000001  mc_w.l(entry2.o)
    0x080000f0   0x080000f0   0x00000004   Code   RO         3915    .ARM.Collect$$$$00000004  mc_w.l(entry5.o)
    0x080000f4   0x080000f4   0x00000000   Code   RO         3917    .ARM.Collect$$$$00000008  mc_w.l(entry7b.o)
    0x080000f4   0x080000f4   0x00000000   Code   RO         3919    .ARM.Collect$$$$0000000A  mc_w.l(entry8b.o)
    0x080000f4   0x080000f4   0x00000008   Code   RO         3920    .ARM.Collect$$$$0000000B  mc_w.l(entry9a.o)
    0x080000fc   0x080000fc   0x00000000   Code   RO         3922    .ARM.Collect$$$$0000000D  mc_w.l(entry10a.o)
    0x080000fc   0x080000fc   0x00000000   Code   RO         3924    .ARM.Collect$$$$0000000F  mc_w.l(entry11a.o)
    0x080000fc   0x080000fc   0x00000004   Code   RO         3913    .ARM.Collect$$$$00002712  mc_w.l(entry2.o)
    0x08000100   0x08000100   0x00000024   Code   RO          614    .text               startup_stm32f10x_md.o
    0x08000124   0x08000124   0x00000094   Code   RO         3632    .text               mc_w.l(localtime.o)
    0x080001b8   0x080001b8   0x00000024   Code   RO         3636    .text               mc_w.l(memcpya.o)
    0x080001dc   0x080001dc   0x00000024   Code   RO         3638    .text               mc_w.l(strstr.o)
    0x08000200   0x08000200   0x00000018   Code   RO         3640    .text               mc_w.l(strncpy.o)
    0x08000218   0x08000218   0x00000014   Code   RO         3642    .text               mc_w.l(strchr.o)
    0x0800022c   0x0800022c   0x0000000e   Code   RO         3644    .text               mc_w.l(strlen.o)
    0x0800023a   0x0800023a   0x0000001c   Code   RO         3646    .text               mc_w.l(strcmp.o)
    0x08000256   0x08000256   0x00000072   Code   RO         3910    .text               mc_w.l(strtoul.o)
    0x080002c8   0x080002c8   0x0000002c   Code   RO         3926    .text               mc_w.l(uidiv.o)
    0x080002f4   0x080002f4   0x00000062   Code   RO         3928    .text               mc_w.l(uldiv.o)
    0x08000356   0x08000356   0x00000002   PAD
    0x08000358   0x08000358   0x00000008   Code   RO         3930    .text               mc_w.l(ctype_o.o)
    0x08000360   0x08000360   0x0000009e   Code   RO         3965    .text               mc_w.l(_strtoul.o)
    0x080003fe   0x080003fe   0x00000000   Code   RO         3967    .text               mc_w.l(iusefp.o)
    0x080003fe   0x080003fe   0x0000014e   Code   RO         3968    .text               mf_w.l(dadd.o)
    0x0800054c   0x0800054c   0x000000e4   Code   RO         3970    .text               mf_w.l(dmul.o)
    0x08000630   0x08000630   0x000000de   Code   RO         3972    .text               mf_w.l(ddiv.o)
    0x0800070e   0x0800070e   0x00000030   Code   RO         3974    .text               mf_w.l(dfixul.o)
    0x0800073e   0x0800073e   0x00000002   PAD
    0x08000740   0x08000740   0x00000030   Code   RO         3976    .text               mf_w.l(cdrcmple.o)
    0x08000770   0x08000770   0x00000024   Code   RO         3978    .text               mc_w.l(init.o)
    0x08000794   0x08000794   0x0000001e   Code   RO         3980    .text               mc_w.l(llshl.o)
    0x080007b2   0x080007b2   0x00000020   Code   RO         3982    .text               mc_w.l(llushr.o)
    0x080007d2   0x080007d2   0x00000024   Code   RO         3984    .text               mc_w.l(llsshr.o)
    0x080007f6   0x080007f6   0x0000001c   Code   RO         3986    .text               mc_w.l(_chval.o)
    0x08000812   0x08000812   0x000000ba   Code   RO         3988    .text               mf_w.l(depilogue.o)
    0x080008cc   0x080008cc   0x0000001c   Code   RO          927    i.BKP_ReadBackupRegister  stm32f10x_bkp.o
    0x080008e8   0x080008e8   0x0000001c   Code   RO          931    i.BKP_WriteBackupRegister  stm32f10x_bkp.o
    0x08000904   0x08000904   0x00000116   Code   RO         1813    i.GPIO_Init         stm32f10x_gpio.o
    0x08000a1a   0x08000a1a   0x00000004   Code   RO         1820    i.GPIO_ResetBits    stm32f10x_gpio.o
    0x08000a1e   0x08000a1e   0x00000004   Code   RO         1821    i.GPIO_SetBits      stm32f10x_gpio.o
    0x08000a22   0x08000a22   0x0000006e   Code   RO          557    i.MyRTC_Init        rtc.o
    0x08000a90   0x08000a90   0x00000070   Code   RO          662    i.NVIC_Init         misc.o
    0x08000b00   0x08000b00   0x00000014   Code   RO          663    i.NVIC_PriorityGroupConfig  misc.o
    0x08000b14   0x08000b14   0x0000000c   Code   RO         2167    i.PWR_BackupAccessCmd  stm32f10x_pwr.o
    0x08000b20   0x08000b20   0x0000006c   Code   RO          311    i.ParseCity         wifi.o
    0x08000b8c   0x08000b8c   0x00000070   Code   RO          312    i.ParseTemperature  wifi.o
    0x08000bfc   0x08000bfc   0x00000048   Code   RO          313    i.ParseTimestamp    wifi.o
    0x08000c44   0x08000c44   0x0000006c   Code   RO          314    i.ParseWeather      wifi.o
    0x08000cb0   0x08000cb0   0x00000020   Code   RO         2229    i.RCC_APB1PeriphClockCmd  stm32f10x_rcc.o
    0x08000cd0   0x08000cd0   0x00000020   Code   RO         2230    i.RCC_APB1PeriphResetCmd  stm32f10x_rcc.o
    0x08000cf0   0x08000cf0   0x00000020   Code   RO         2231    i.RCC_APB2PeriphClockCmd  stm32f10x_rcc.o
    0x08000d10   0x08000d10   0x00000020   Code   RO         2232    i.RCC_APB2PeriphResetCmd  stm32f10x_rcc.o
    0x08000d30   0x08000d30   0x000000d4   Code   RO         2239    i.RCC_GetClocksFreq  stm32f10x_rcc.o
    0x08000e04   0x08000e04   0x0000003c   Code   RO         2240    i.RCC_GetFlagStatus  stm32f10x_rcc.o
    0x08000e40   0x08000e40   0x00000034   Code   RO         2247    i.RCC_LSEConfig     stm32f10x_rcc.o
    0x08000e74   0x08000e74   0x0000000c   Code   RO         2254    i.RCC_RTCCLKCmd     stm32f10x_rcc.o
    0x08000e80   0x08000e80   0x00000010   Code   RO         2255    i.RCC_RTCCLKConfig  stm32f10x_rcc.o
    0x08000e90   0x08000e90   0x00000014   Code   RO         2429    i.RTC_EnterConfigMode  stm32f10x_rtc.o
    0x08000ea4   0x08000ea4   0x00000014   Code   RO         2430    i.RTC_ExitConfigMode  stm32f10x_rtc.o
    0x08000eb8   0x08000eb8   0x0000002c   Code   RO         2431    i.RTC_GetCounter    stm32f10x_rtc.o
    0x08000ee4   0x08000ee4   0x0000001c   Code   RO         2437    i.RTC_SetCounter    stm32f10x_rtc.o
    0x08000f00   0x08000f00   0x00000020   Code   RO         2438    i.RTC_SetPrescaler  stm32f10x_rtc.o
    0x08000f20   0x08000f20   0x00000014   Code   RO         2439    i.RTC_WaitForLastTask  stm32f10x_rtc.o
    0x08000f34   0x08000f34   0x00000024   Code   RO         2440    i.RTC_WaitForSynchro  stm32f10x_rtc.o
    0x08000f58   0x08000f58   0x00000278   Code   RO          407    i.ST7789_Init       st7789.o
    0x080011d0   0x080011d0   0x00000008   Code   RO          628    i.SetSysClock       system_stm32f10x.o
    0x080011d8   0x080011d8   0x000000e0   Code   RO          629    i.SetSysClockTo72   system_stm32f10x.o
    0x080012b8   0x080012b8   0x00000060   Code   RO          631    i.SystemInit        system_stm32f10x.o
    0x08001318   0x08001318   0x00000068   Code   RO          408    i.TFT_SEND_CMD      st7789.o
    0x08001380   0x08001380   0x00000060   Code   RO          409    i.TFT_SEND_DATA     st7789.o
    0x080013e0   0x080013e0   0x00000066   Code   RO          410    i.TFT_SetWindows    st7789.o
    0x08001446   0x08001446   0x0000007e   Code   RO          411    i.TFT_display_16_32  st7789.o
    0x080014c4   0x080014c4   0x0000007e   Code   RO          412    i.TFT_display_32_32  st7789.o
    0x08001542   0x08001542   0x00000002   PAD
    0x08001544   0x08001544   0x00000088   Code   RO          414    i.TFT_display_en16_32  st7789.o
    0x080015cc   0x080015cc   0x0000007a   Code   RO          416    i.TFT_display_en8_16  st7789.o
    0x08001646   0x08001646   0x0000003a   Code   RO          417    i.TFT_display_en_string8_16  st7789.o
    0x08001680   0x08001680   0x0000004a   Code   RO          418    i.TFT_display_image  st7789.o
    0x080016ca   0x080016ca   0x00000038   Code   RO          419    i.TFT_full_color    st7789.o
    0x08001702   0x08001702   0x00000002   PAD
    0x08001704   0x08001704   0x00000028   Code   RO          519    i.TIM2_IRQHandler   timer.o
    0x0800172c   0x0800172c   0x00000030   Code   RO          226    i.TIM4_IRQHandler   usart2.o
    0x0800175c   0x0800175c   0x00000058   Code   RO          227    i.TIM4_Init         usart2.o
    0x080017b4   0x080017b4   0x00000028   Code   RO          228    i.TIM4_Set          usart2.o
    0x080017dc   0x080017dc   0x00000006   Code   RO         2858    i.TIM_ClearITPendingBit  stm32f10x_tim.o
    0x080017e2   0x080017e2   0x00000018   Code   RO         2863    i.TIM_Cmd           stm32f10x_tim.o
    0x080017fa   0x080017fa   0x00000022   Code   RO         2884    i.TIM_GetITStatus   stm32f10x_tim.o
    0x0800181c   0x0800181c   0x00000012   Code   RO         2888    i.TIM_ITConfig      stm32f10x_tim.o
    0x0800182e   0x0800182e   0x00000004   Code   RO         2928    i.TIM_SetCounter    stm32f10x_tim.o
    0x08001832   0x08001832   0x00000002   PAD
    0x08001834   0x08001834   0x000000a4   Code   RO         2934    i.TIM_TimeBaseInit  stm32f10x_tim.o
    0x080018d8   0x080018d8   0x00000088   Code   RO          185    i.USART1_IRQHandler  usart.o
    0x08001960   0x08001960   0x00000064   Code   RO          229    i.USART2_IRQHandler  usart2.o
    0x080019c4   0x080019c4   0x000000c0   Code   RO          230    i.USART2_Init       usart2.o
    0x08001a84   0x08001a84   0x00000018   Code   RO         3399    i.USART_Cmd         stm32f10x_usart.o
    0x08001a9c   0x08001a9c   0x0000009c   Code   RO         3401    i.USART_DeInit      stm32f10x_usart.o
    0x08001b38   0x08001b38   0x00000054   Code   RO         3403    i.USART_GetITStatus  stm32f10x_usart.o
    0x08001b8c   0x08001b8c   0x0000004a   Code   RO         3405    i.USART_ITConfig    stm32f10x_usart.o
    0x08001bd6   0x08001bd6   0x00000002   PAD
    0x08001bd8   0x08001bd8   0x000000d8   Code   RO         3406    i.USART_Init        stm32f10x_usart.o
    0x08001cb0   0x08001cb0   0x0000000a   Code   RO         3413    i.USART_ReceiveData  stm32f10x_usart.o
    0x08001cba   0x08001cba   0x00000002   PAD
    0x08001cbc   0x08001cbc   0x000000e8   Code   RO          315    i.Wifi_GetTime      wifi.o
    0x08001da4   0x08001da4   0x00000124   Code   RO          316    i.Wifi_GetWeather   wifi.o
    0x08001ec8   0x08001ec8   0x000000fc   Code   RO          317    i.Wifi_Init         wifi.o
    0x08001fc4   0x08001fc4   0x000000b8   Code   RO          318    i.Wifi_Quit         wifi.o
    0x0800207c   0x0800207c   0x00000020   Code   RO         3883    i.__0printf         mc_w.l(printfa.o)
    0x0800209c   0x0800209c   0x00000024   Code   RO         3889    i.__0vsprintf       mc_w.l(printfa.o)
    0x080020c0   0x080020c0   0x00000008   Code   RO         3958    i.__aeabi_errno_addr  mc_w.l(errno.o)
    0x080020c8   0x080020c8   0x0000000e   Code   RO         3992    i.__scatterload_copy  mc_w.l(handlers.o)
    0x080020d6   0x080020d6   0x00000002   Code   RO         3993    i.__scatterload_null  mc_w.l(handlers.o)
    0x080020d8   0x080020d8   0x0000000e   Code   RO         3994    i.__scatterload_zeroinit  mc_w.l(handlers.o)
    0x080020e6   0x080020e6   0x00000002   PAD
    0x080020e8   0x080020e8   0x00000184   Code   RO         3890    i._fp_digits        mc_w.l(printfa.o)
    0x0800226c   0x0800226c   0x000006dc   Code   RO         3891    i._printf_core      mc_w.l(printfa.o)
    0x08002948   0x08002948   0x00000024   Code   RO         3892    i._printf_post_padding  mc_w.l(printfa.o)
    0x0800296c   0x0800296c   0x0000002e   Code   RO         3893    i._printf_pre_padding  mc_w.l(printfa.o)
    0x0800299a   0x0800299a   0x0000000a   Code   RO         3895    i._sputc            mc_w.l(printfa.o)
    0x080029a4   0x080029a4   0x00000018   Code   RO          158    i.delay_ms          delay.o
    0x080029bc   0x080029bc   0x00000018   Code   RO          159    i.delay_s           delay.o
    0x080029d4   0x080029d4   0x0000002e   Code   RO          160    i.delay_us          delay.o
    0x08002a02   0x08002a02   0x00000002   PAD
    0x08002a04   0x08002a04   0x0000001c   Code   RO          187    i.fputc             usart.o
    0x08002a20   0x08002a20   0x000004ac   Code   RO            1    i.main              main.o
    0x08002ecc   0x08002ecc   0x00000010   Code   RO          421    i.open_backlight    st7789.o
    0x08002edc   0x08002edc   0x00000016   Code   RO          560    i.rtc_get_date      rtc.o
    0x08002ef2   0x08002ef2   0x00000014   Code   RO          563    i.rtc_set_timestamp  rtc.o
    0x08002f06   0x08002f06   0x00000002   PAD
    0x08002f08   0x08002f08   0x00000024   Code   RO            2    i.timer_elapsed_callback  main.o
    0x08002f2c   0x08002f2c   0x0000000c   Code   RO          520    i.timer_elapsed_register  timer.o
    0x08002f38   0x08002f38   0x00000058   Code   RO          521    i.timer_init        timer.o
    0x08002f90   0x08002f90   0x0000000c   Code   RO          522    i.timer_start       timer.o
    0x08002f9c   0x08002f9c   0x000000e8   Code   RO          564    i.ts_to_date        rtc.o
    0x08003084   0x08003084   0x0000005c   Code   RO          231    i.u2_printf         usart2.o
    0x080030e0   0x080030e0   0x000000a0   Code   RO          188    i.uart_init         usart.o
    0x08003180   0x08003180   0x00000034   Code   RO          320    i.wifi_GPIO_Init    wifi.o
    0x080031b4   0x080031b4   0x00000034   Code   RO          321    i.wifi_check_cmd    wifi.o
    0x080031e8   0x080031e8   0x0000005c   Code   RO          322    i.wifi_send_cmd     wifi.o
    0x08003244   0x08003244   0x00006c0c   Data   RO            4    .constdata          main.o
    0x08009e50   0x08009e50   0x00001010   Data   RO          506    .constdata          font.o
    0x0800ae60   0x0800ae60   0x00000030   Data   RO          565    .constdata          rtc.o
    0x0800ae90   0x0800ae90   0x0000000c   Data   RO         3634    .constdata          mc_w.l(localtime.o)
    0x0800ae9c   0x0800ae9c   0x00000081   Data   RO         3931    .constdata          mc_w.l(ctype_o.o)
    0x0800af1d   0x0800af1d   0x00000003   PAD
    0x0800af20   0x0800af20   0x00000004   Data   RO         3932    .constdata          mc_w.l(ctype_o.o)
    0x0800af24   0x0800af24   0x0000006f   Data   RO          324    .conststring        wifi.o
    0x0800af93   0x0800af93   0x00000001   PAD
    0x0800af94   0x0800af94   0x00000020   Data   RO         3990    Region$$Table       anon$$obj.o


    Execution Region RW_IRAM1 (Exec base: 0x20000000, Load base: 0x0800afb4, Size: 0x00002570, Max: 0x00005000, ABSOLUTE)

    Exec Addr    Load Addr    Size         Type   Attr      Idx    E Section Name        Object

    0x20000000   0x0800afb4   0x00000004   Data   RW            5    .data               main.o
    0x20000004   0x0800afb8   0x00000006   Data   RW          190    .data               usart.o
    0x2000000a   0x0800afbe   0x00000002   Data   RW          233    .data               usart2.o
    0x2000000c   0x0800afc0   0x0000000c   Data   RW          325    .data               wifi.o
    0x20000018   0x0800afcc   0x00000004   Data   RW          524    .data               timer.o
    0x2000001c   0x0800afd0   0x00000014   Data   RW         2259    .data               stm32f10x_rcc.o
    0x20000030   0x0800afe4   0x00000004   Data   RW         3961    .data               mc_w.l(errno.o)
    0x20000034        -       0x000000c8   Zero   RW          189    .bss                usart.o
    0x200000fc   0x0800afe8   0x00000004   PAD
    0x20000100        -       0x00002000   Zero   RW          232    .bss                usart2.o
    0x20002100        -       0x00000040   Zero   RW          323    .bss                wifi.o
    0x20002140        -       0x0000002c   Zero   RW         3633    .bss                mc_w.l(localtime.o)
    0x2000216c   0x0800afe8   0x00000004   PAD
    0x20002170        -       0x00000400   Zero   RW          611    STACK               startup_stm32f10x_md.o


==============================================================================

Image component sizes


      Code (inc. data)   RO Data    RW Data    ZI Data      Debug   Object Name

        94          0          0          0          0       1464   delay.o
         0          0       4112          0          0       1046   font.o
      1232        154      27660          4          0     258095   main.o
       132         22          0          0          0       1563   misc.o
       384          4         48          0          0       3005   rtc.o
      1648         28          0          0          0       9651   st7789.o
        36          8        236          0       1024        828   startup_stm32f10x_md.o
        56         10          0          0          0       2243   stm32f10x_bkp.o
       286          0          0          0          0       3080   stm32f10x_gpio.o
        12          6          0          0          0        522   stm32f10x_pwr.o
       480         64          0         20          0       7903   stm32f10x_rcc.o
       200         36          0          0          0       3739   stm32f10x_rtc.o
       250         42          0          0          0       4163   stm32f10x_tim.o
       564         28          0          0          0       5689   stm32f10x_usart.o
         0          0          0          0          0         32   sys.o
       328         28          0          0          0       2065   system_stm32f10x.o
       152         12          0          4          0       2282   timer.o
       324         26          0          6        200       3644   usart.o
       560         56          0          2       8192       4919   usart2.o
      1556        688        111         12         64       8327   wifi.o

    ----------------------------------------------------------------------
      8308       1212      32200         48       9484     324260   Object Totals
         0          0         32          0          0          0   (incl. Generated)
        14          0          1          0          4          0   (incl. Padding)

    ----------------------------------------------------------------------

      Code (inc. data)   RO Data    RW Data    ZI Data      Debug   Library Member Name

        28          0          0          0          0         68   _chval.o
       158          0          0          0          0         92   _strtoul.o
         8          4        133          0          0         68   ctype_o.o
         0          0          0          0          0          0   entry.o
         0          0          0          0          0          0   entry10a.o
         0          0          0          0          0          0   entry11a.o
         8          4          0          0          0          0   entry2.o
         4          0          0          0          0          0   entry5.o
         0          0          0          0          0          0   entry7b.o
         0          0          0          0          0          0   entry8b.o
         8          4          0          0          0          0   entry9a.o
         8          4          0          4          0         68   errno.o
        30          0          0          0          0          0   handlers.o
        36          8          0          0          0         68   init.o
         0          0          0          0          0          0   iusefp.o
        30          0          0          0          0         68   llshl.o
        36          0          0          0          0         68   llsshr.o
        32          0          0          0          0         68   llushr.o
       148         10         12          0         44         76   localtime.o
        36          0          0          0          0         68   memcpya.o
      2304         96          0          0          0        600   printfa.o
        20          0          0          0          0         68   strchr.o
        28          0          0          0          0         76   strcmp.o
        14          0          0          0          0         68   strlen.o
        24          0          0          0          0         76   strncpy.o
        36          0          0          0          0         80   strstr.o
       114          0          0          0          0         92   strtoul.o
        44          0          0          0          0         80   uidiv.o
        98          0          0          0          0         92   uldiv.o
        48          0          0          0          0         68   cdrcmple.o
       334          0          0          0          0        148   dadd.o
       222          0          0          0          0        100   ddiv.o
       186          0          0          0          0        176   depilogue.o
        48          0          0          0          0         68   dfixul.o
       228          0          0          0          0         96   dmul.o

    ----------------------------------------------------------------------
      4324        130        148          4         48       2600   Library Totals
         6          0          3          0          4          0   (incl. Padding)

    ----------------------------------------------------------------------

      Code (inc. data)   RO Data    RW Data    ZI Data      Debug   Library Name

      3252        130        145          4         44       1944   mc_w.l
      1066          0          0          0          0        656   mf_w.l

    ----------------------------------------------------------------------
      4324        130        148          4         48       2600   Library Totals

    ----------------------------------------------------------------------

==============================================================================


      Code (inc. data)   RO Data    RW Data    ZI Data      Debug   

     12632       1342      32348         52       9532     321448   Grand Totals
     12632       1342      32348         52       9532     321448   ELF Image Totals
     12632       1342      32348         52          0          0   ROM Totals

==============================================================================

    Total RO  Size (Code + RO Data)                44980 (  43.93kB)
    Total RW  Size (RW Data + ZI Data)              9584 (   9.36kB)
    Total ROM Size (Code + RO Data + RW Data)      45032 (  43.98kB)

==============================================================================

